05-10 16:21:28.022   773   773 E wificond: Failed to get NL80211_STA_INFO_CNAHLOAD
05-10 16:21:29.735   974  2455 I chatty  : uid=1000(system) Binder:974_B expire 16 lines
05-10 16:21:30.412   773   773 E wificond: Failed to get NL80211_STA_INFO_CNAHLOAD
05-10 16:21:33.429   773   773 E wificond: Failed to get NL80211_STA_INFO_CNAHLOAD
05-10 16:21:34.756   974  2925 I chatty  : uid=1000(system) Binder:974_17 expire 12 lines
05-10 16:21:36.016   773   773 E wificond: Failed to get NL80211_STA_INFO_CNAHLOAD
05-10 16:21:36.451   773   773 E wificond: Failed to get NL80211_STA_INFO_CNAHLOAD
05-10 16:21:39.478   773   773 E wificond: Failed to get NL80211_STA_INFO_CNAHLOAD
05-10 16:21:42.495   773   773 E wificond: Failed to get NL80211_STA_INFO_CNAHLOAD
05-10 16:21:44.021   773   773 E wificond: Failed to get NL80211_STA_INFO_CNAHLOAD
05-10 16:21:45.512   773   773 E wificond: Failed to get NL80211_STA_INFO_CNAHLOAD
05-10 16:21:45.524   974  2224 I chatty  : uid=1000(system) Binder:974_9 expire 16 lines
05-10 16:21:48.534   773   773 E wificond: Failed to get NL80211_STA_INFO_CNAHLOAD
05-10 16:21:51.556   773   773 E wificond: Failed to get NL80211_STA_INFO_CNAHLOAD
05-10 16:21:51.571   974  4082 I chatty  : uid=1000(system) Binder:974_20 expire 2 lines
05-10 16:21:52.018   773   773 E wificond: Failed to get NL80211_STA_INFO_CNAHLOAD
05-10 16:21:52.024   773   773 E wificond: Failed to get NL80211_STA_INFO_CNAHLOAD
05-10 16:21:52.868   974  2925 I chatty  : uid=1000(system) Binder:974_17 expire 2 lines
05-10 16:21:52.916   974  2781 I chatty  : uid=1000(system) Binder:974_15 expire 12 lines
05-10 16:21:52.916   974  2748 I chatty  : uid=1000(system) Binder:974_12 expire 14 lines
05-10 16:21:52.919   974  2455 I chatty  : uid=1000(system) Binder:974_B expire 18 lines
05-10 16:21:54.582   773   773 E wificond: Failed to get NL80211_STA_INFO_CNAHLOAD
05-10 16:21:57.601   773   773 E wificond: Failed to get NL80211_STA_INFO_CNAHLOAD
05-10 16:22:00.019   773   773 E wificond: Failed to get NL80211_STA_INFO_CNAHLOAD
05-10 16:22:00.026   773   773 E wificond: Failed to get NL80211_STA_INFO_CNAHLOAD
05-10 16:22:00.627   773   773 E wificond: Failed to get NL80211_STA_INFO_CNAHLOAD
05-10 16:22:01.553   974  1502 I chatty  : uid=1000(system) Binder:974_3 expire 7 lines
05-10 16:22:03.649   773   773 E wificond: Failed to get NL80211_STA_INFO_CNAHLOAD
05-10 16:22:05.579   974  1905 I chatty  : uid=1000(system) Binder:974_7 expire 3 lines
05-10 16:22:06.685   773   773 E wificond: Failed to get NL80211_STA_INFO_CNAHLOAD
05-10 16:22:06.700   974  2748 I chatty  : uid=1000(system) Binder:974_12 expire 15 lines
05-10 16:22:08.023   773   773 E wificond: Failed to get NL80211_STA_INFO_CNAHLOAD
05-10 16:22:09.705   773   773 E wificond: Failed to get NL80211_STA_INFO_CNAHLOAD
05-10 16:22:12.727   773   773 E wificond: Failed to get NL80211_STA_INFO_CNAHLOAD
05-10 16:22:12.739   974  2455 I chatty  : uid=1000(system) Binder:974_B expire 15 lines
05-10 16:22:15.751   773   773 E wificond: Failed to get NL80211_STA_INFO_CNAHLOAD
05-10 16:22:16.026   773   773 E wificond: Failed to get NL80211_STA_INFO_CNAHLOAD
05-10 16:22:16.037   773   773 E wificond: Failed to get NL80211_STA_INFO_CNAHLOAD
05-10 16:22:18.777   773   773 E wificond: Failed to get NL80211_STA_INFO_CNAHLOAD
05-10 16:22:20.760   974  2781 I chatty  : uid=1000(system) Binder:974_15 expire 5 lines
05-10 16:22:21.806   773   773 E wificond: Failed to get NL80211_STA_INFO_CNAHLOAD
05-10 16:22:21.817   974  2748 I chatty  : uid=1000(system) Binder:974_12 expire 13 lines
05-10 16:22:22.992   974  2781 I chatty  : uid=1000(system) Binder:974_15 expire 14 lines
05-10 16:22:24.023   773   773 E wificond: Failed to get NL80211_STA_INFO_CNAHLOAD
05-10 16:22:24.036   773   773 E wificond: Failed to get NL80211_STA_INFO_CNAHLOAD
05-10 16:22:24.806   974  2455 I chatty  : uid=1000(system) Binder:974_B expire 15 lines
05-10 16:22:24.825   773   773 E wificond: Failed to get NL80211_STA_INFO_CNAHLOAD
05-10 16:22:26.294   974  1352 I chatty  : uid=1000(system) UEventObserver expire 6 lines
05-10 16:22:26.319   974   974 I chatty  : uid=1000 system_server expire 11 lines
05-10 16:22:27.841   773   773 E wificond: Failed to get NL80211_STA_INFO_CNAHLOAD
05-10 16:22:29.024   974  1502 I chatty  : uid=1000(system) Binder:974_3 expire 10 lines
05-10 16:22:30.864   773   773 E wificond: Failed to get NL80211_STA_INFO_CNAHLOAD
05-10 16:22:32.024   773   773 E wificond: Failed to get NL80211_STA_INFO_CNAHLOAD
05-10 16:22:32.032   773   773 E wificond: Failed to get NL80211_STA_INFO_CNAHLOAD
05-10 16:22:33.888   773   773 E wificond: Failed to get NL80211_STA_INFO_CNAHLOAD
05-10 16:22:34.060   974  2781 I chatty  : uid=1000(system) Binder:974_15 expire 10 lines
05-10 16:22:35.193   974  1809 I chatty  : uid=1000(system) watchdog expire 3 lines
05-10 16:22:36.637   974  1905 I chatty  : uid=1000(system) Binder:974_7 expire 15 lines
05-10 16:22:36.904   773   773 E wificond: Failed to get NL80211_STA_INFO_CNAHLOAD
05-10 16:22:39.923   773   773 E wificond: Failed to get NL80211_STA_INFO_CNAHLOAD
05-10 16:22:39.930   974  1502 I chatty  : uid=1000(system) Binder:974_3 expire 2 lines
05-10 16:22:40.024   773   773 E wificond: Failed to get NL80211_STA_INFO_CNAHLOAD
05-10 16:22:40.030   773   773 E wificond: Failed to get NL80211_STA_INFO_CNAHLOAD
05-10 16:22:42.948   773   773 E wificond: Failed to get NL80211_STA_INFO_CNAHLOAD
05-10 16:22:45.966   773   773 E wificond: Failed to get NL80211_STA_INFO_CNAHLOAD
05-10 16:22:45.980   974  2781 I chatty  : uid=1000(system) Binder:974_15 expire 29 lines
05-10 16:22:48.026   773   773 E wificond: Failed to get NL80211_STA_INFO_CNAHLOAD
05-10 16:22:48.034   773   773 E wificond: Failed to get NL80211_STA_INFO_CNAHLOAD
05-10 16:22:48.980   773   773 E wificond: Failed to get NL80211_STA_INFO_CNAHLOAD
05-10 16:22:51.995   773   773 E wificond: Failed to get NL80211_STA_INFO_CNAHLOAD
05-10 16:22:52.002   974  1905 I chatty  : uid=1000(system) Binder:974_7 expire 11 lines
05-10 16:22:52.111   974  2748 I chatty  : uid=1000(system) Binder:974_12 expire 10 lines
05-10 16:22:55.015   773   773 E wificond: Failed to get NL80211_STA_INFO_CNAHLOAD
05-10 16:22:56.025   773   773 E wificond: Failed to get NL80211_STA_INFO_CNAHLOAD
05-10 16:22:56.030   773   773 E wificond: Failed to get NL80211_STA_INFO_CNAHLOAD
05-10 16:22:58.041   773   773 E wificond: Failed to get NL80211_STA_INFO_CNAHLOAD
05-10 16:22:58.057   974  2781 I chatty  : uid=1000(system) Binder:974_15 expire 17 lines
05-10 16:23:00.707   974  2455 I chatty  : uid=1000(system) Binder:974_B expire 11 lines
05-10 16:23:01.058   773   773 E wificond: Failed to get NL80211_STA_INFO_CNAHLOAD
05-10 16:23:04.034   773   773 E wificond: Failed to get NL80211_STA_INFO_CNAHLOAD
05-10 16:23:04.045   773   773 I chatty  : uid=1010(wifi) /system/bin/wificond identical 3 lines
05-10 16:23:04.073   773   773 E wificond: Failed to get NL80211_STA_INFO_CNAHLOAD
05-10 16:23:07.092   773   773 E wificond: Failed to get NL80211_STA_INFO_CNAHLOAD
05-10 16:23:10.110   773   773 E wificond: Failed to get NL80211_STA_INFO_CNAHLOAD
05-10 16:23:10.116   974  2748 I chatty  : uid=1000(system) Binder:974_12 expire 10 lines
05-10 16:23:12.031   773   773 E wificond: Failed to get NL80211_STA_INFO_CNAHLOAD
05-10 16:23:12.041   773   773 E wificond: Failed to get NL80211_STA_INFO_CNAHLOAD
05-10 16:23:12.125   974  2781 I chatty  : uid=1000(system) Binder:974_15 expire 12 lines
05-10 16:23:13.133   773   773 E wificond: Failed to get NL80211_STA_INFO_CNAHLOAD
05-10 16:23:13.147   974  2455 I chatty  : uid=1000(system) Binder:974_B expire 25 lines
05-10 16:23:16.151   773   773 E wificond: Failed to get NL80211_STA_INFO_CNAHLOAD
05-10 16:23:19.172   773   773 E wificond: Failed to get NL80211_STA_INFO_CNAHLOAD
05-10 16:23:20.032   773   773 E wificond: Failed to get NL80211_STA_INFO_CNAHLOAD
05-10 16:23:20.041   773   773 E wificond: Failed to get NL80211_STA_INFO_CNAHLOAD
05-10 16:23:21.102   974  1119 I chatty  : uid=1000(system) android.bg expire 1 line
05-10 16:23:22.190   773   773 E wificond: Failed to get NL80211_STA_INFO_CNAHLOAD
05-10 16:23:23.255   974  2781 I chatty  : uid=1000(system) Binder:974_15 expire 15 lines
05-10 16:23:25.209   773   773 E wificond: Failed to get NL80211_STA_INFO_CNAHLOAD
05-10 16:23:25.222   974  2748 I chatty  : uid=1000(system) Binder:974_12 expire 8 lines
05-10 16:23:27.852   974  2455 I chatty  : uid=1000(system) Binder:974_B expire 13 lines
05-10 16:23:28.036   773   773 E wificond: Failed to get NL80211_STA_INFO_CNAHLOAD
05-10 16:23:28.221   773   773 E wificond: Failed to get NL80211_STA_INFO_CNAHLOAD
05-10 16:23:31.245   773   773 E wificond: Failed to get NL80211_STA_INFO_CNAHLOAD
05-10 16:23:33.627   974   974 I chatty  : uid=1000 system_server expire 10 lines
05-10 16:23:34.272   773   773 E wificond: Failed to get NL80211_STA_INFO_CNAHLOAD
05-10 16:23:36.041   773   773 E wificond: Failed to get NL80211_STA_INFO_CNAHLOAD
05-10 16:23:37.300   773   773 E wificond: Failed to get NL80211_STA_INFO_CNAHLOAD
05-10 16:23:39.267   974  2748 I chatty  : uid=1000(system) Binder:974_12 expire 13 lines
05-10 16:23:39.415   974  2455 I chatty  : uid=1000(system) Binder:974_B expire 10 lines
05-10 16:23:39.469   974  1502 I chatty  : uid=1000(system) Binder:974_3 expire 9 lines
05-10 16:23:40.325   773   773 E wificond: Failed to get NL80211_STA_INFO_CNAHLOAD
05-10 16:23:43.347   773   773 E wificond: Failed to get NL80211_STA_INFO_CNAHLOAD
05-10 16:23:44.042   773   773 E wificond: Failed to get NL80211_STA_INFO_CNAHLOAD
05-10 16:23:44.047   773   773 E wificond: Failed to get NL80211_STA_INFO_CNAHLOAD
05-10 16:23:46.366   773   773 E wificond: Failed to get NL80211_STA_INFO_CNAHLOAD
05-10 16:23:49.390   773   773 E wificond: Failed to get NL80211_STA_INFO_CNAHLOAD
05-10 16:23:49.409   974  2748 I chatty  : uid=1000(system) Binder:974_12 expire 10 lines
05-10 16:23:50.947   974  1905 I chatty  : uid=1000(system) Binder:974_7 expire 9 lines
05-10 16:23:51.223   974  2740 I chatty  : uid=1000(system) Binder:974_11 expire 19 lines
05-10 16:23:51.279   974  2781 I chatty  : uid=1000(system) Binder:974_15 expire 14 lines
05-10 16:23:52.041   773   773 E wificond: Failed to get NL80211_STA_INFO_CNAHLOAD
05-10 16:23:52.059   773   773 I chatty  : uid=1010(wifi) /system/bin/wificond identical 4 lines
05-10 16:23:52.414   773   773 E wificond: Failed to get NL80211_STA_INFO_CNAHLOAD
05-10 16:23:55.437   773   773 E wificond: Failed to get NL80211_STA_INFO_CNAHLOAD
05-10 16:23:56.906   974  1352 I chatty  : uid=1000(system) UEventObserver expire 4 lines
05-10 16:23:58.463   773   773 E wificond: Failed to get NL80211_STA_INFO_CNAHLOAD
05-10 16:24:00.046   773   773 E wificond: Failed to get NL80211_STA_INFO_CNAHLOAD
05-10 16:24:00.054   773   773 E wificond: Failed to get NL80211_STA_INFO_CNAHLOAD
05-10 16:24:01.485   773   773 E wificond: Failed to get NL80211_STA_INFO_CNAHLOAD
05-10 16:24:02.523   974  2455 I chatty  : uid=1000(system) Binder:974_B expire 17 lines
05-10 16:24:02.749   974  2740 I chatty  : uid=1000(system) Binder:974_11 expire 15 lines
05-10 16:24:04.507   773   773 E wificond: Failed to get NL80211_STA_INFO_CNAHLOAD
05-10 16:24:04.519   974  2781 I chatty  : uid=1000(system) Binder:974_15 expire 11 lines
05-10 16:24:05.199   974  1809 I chatty  : uid=1000(system) watchdog expire 2 lines
05-10 16:24:07.526   773   773 E wificond: Failed to get NL80211_STA_INFO_CNAHLOAD
05-10 16:24:08.042   773   773 E wificond: Failed to get NL80211_STA_INFO_CNAHLOAD
05-10 16:24:08.047   773   773 E wificond: Failed to get NL80211_STA_INFO_CNAHLOAD
05-10 16:24:10.503   974  2748 I chatty  : uid=1000(system) Binder:974_12 expire 16 lines
05-10 16:24:10.553   773   773 E wificond: Failed to get NL80211_STA_INFO_CNAHLOAD
05-10 16:24:13.571   773   773 E wificond: Failed to get NL80211_STA_INFO_CNAHLOAD
05-10 16:24:16.049   773   773 E wificond: Failed to get NL80211_STA_INFO_CNAHLOAD
05-10 16:24:16.586   773   773 E wificond: Failed to get NL80211_STA_INFO_CNAHLOAD
05-10 16:24:19.612   773   773 E wificond: Failed to get NL80211_STA_INFO_CNAHLOAD
05-10 16:24:21.021   974  2781 I chatty  : uid=1000(system) Binder:974_15 expire 10 lines
05-10 16:24:22.626   773   773 E wificond: Failed to get NL80211_STA_INFO_CNAHLOAD
05-10 16:24:23.466   974  2455 I chatty  : uid=1000(system) Binder:974_B expire 22 lines
05-10 16:24:24.049   773   773 E wificond: Failed to get NL80211_STA_INFO_CNAHLOAD
05-10 16:24:25.643   773   773 E wificond: Failed to get NL80211_STA_INFO_CNAHLOAD
05-10 16:24:25.918   974  2740 I chatty  : uid=1000(system) Binder:974_11 expire 10 lines
05-10 16:24:28.667   773   773 E wificond: Failed to get NL80211_STA_INFO_CNAHLOAD
05-10 16:24:31.688   773   773 E wificond: Failed to get NL80211_STA_INFO_CNAHLOAD
05-10 16:24:32.050   773   773 E wificond: Failed to get NL80211_STA_INFO_CNAHLOAD
05-10 16:24:32.057   773   773 E wificond: Failed to get NL80211_STA_INFO_CNAHLOAD
05-10 16:24:34.711   773   773 E wificond: Failed to get NL80211_STA_INFO_CNAHLOAD
05-10 16:24:37.730   773   773 E wificond: Failed to get NL80211_STA_INFO_CNAHLOAD
05-10 16:24:37.739   974  2455 I chatty  : uid=1000(system) Binder:974_B expire 8 lines
05-10 16:24:37.836   974  2781 I chatty  : uid=1000(system) Binder:974_15 expire 10 lines
05-10 16:24:40.054   773   773 E wificond: Failed to get NL80211_STA_INFO_CNAHLOAD
05-10 16:24:40.753   773   773 E wificond: Failed to get NL80211_STA_INFO_CNAHLOAD
05-10 16:24:43.778   773   773 E wificond: Failed to get NL80211_STA_INFO_CNAHLOAD
05-10 16:24:45.550   974  2748 I chatty  : uid=1000(system) Binder:974_12 expire 27 lines
05-10 16:24:46.797   773   773 E wificond: Failed to get NL80211_STA_INFO_CNAHLOAD
05-10 16:24:48.052   773   773 E wificond: Failed to get NL80211_STA_INFO_CNAHLOAD
05-10 16:24:48.064   773   773 E wificond: Failed to get NL80211_STA_INFO_CNAHLOAD
05-10 16:24:49.815   773   773 E wificond: Failed to get NL80211_STA_INFO_CNAHLOAD
05-10 16:24:51.132   974  2740 I chatty  : uid=1000(system) Binder:974_11 expire 10 lines
05-10 16:24:52.837   773   773 E wificond: Failed to get NL80211_STA_INFO_CNAHLOAD
05-10 16:24:52.853   974  2781 I chatty  : uid=1000(system) Binder:974_15 expire 17 lines
05-10 16:24:53.579   974  2740 I chatty  : uid=1000(system) Binder:974_11 expire 11 lines
05-10 16:24:53.581   974  2748 I chatty  : uid=1000(system) Binder:974_12 expire 27 lines
05-10 16:24:55.855   773   773 E wificond: Failed to get NL80211_STA_INFO_CNAHLOAD
05-10 16:24:56.051   773   773 E wificond: Failed to get NL80211_STA_INFO_CNAHLOAD
05-10 16:24:56.065   773   773 E wificond: Failed to get NL80211_STA_INFO_CNAHLOAD
05-10 16:24:57.336   974  1352 I chatty  : uid=1000(system) UEventObserver expire 4 lines
05-10 16:24:57.344   974   974 I chatty  : uid=1000 system_server expire 17 lines
05-10 16:24:58.880   773   773 E wificond: Failed to get NL80211_STA_INFO_CNAHLOAD
05-10 16:25:01.897   773   773 E wificond: Failed to get NL80211_STA_INFO_CNAHLOAD
05-10 16:25:03.247   974  1410 I chatty  : uid=1000(system) WifiScanningSer expire 1 line
05-10 16:25:04.054   773   773 E wificond: Failed to get NL80211_STA_INFO_CNAHLOAD
05-10 16:25:04.070   773   773 I chatty  : uid=1010(wifi) /system/bin/wificond identical 3 lines
05-10 16:25:04.914   773   773 E wificond: Failed to get NL80211_STA_INFO_CNAHLOAD
05-10 16:25:05.203   974  1809 I chatty  : uid=1000(system) watchdog expire 2 lines
05-10 16:25:05.635   513   649 W SocketListener: sending broadcast to Pid = 974, Uid = 1000 
05-10 16:25:05.636   974  1395 I chatty  : uid=1000(system) NetdConnector expire 2 lines
05-10 16:25:05.640   974  1136 I chatty  : uid=1000(system) android.fg expire 1 line
05-10 16:25:05.761   974  1824 I chatty  : uid=1000(system) LocationThread expire 17 lines
05-10 16:25:05.764   974  5577 I chatty  : uid=1000 system_server expire 1 line
05-10 16:25:05.788   974  2455 I chatty  : uid=1000(system) Binder:974_B expire 21 lines
05-10 16:25:05.788   779   779 D libgps  : proxy_gps_inject_location: called.
05-10 16:25:06.156   974  2748 I chatty  : uid=1000(system) Binder:974_12 expire 16 lines
05-10 16:25:07.934   773   773 E wificond: Failed to get NL80211_STA_INFO_CNAHLOAD
05-10 16:25:10.958   773   773 E wificond: Failed to get NL80211_STA_INFO_CNAHLOAD
05-10 16:25:12.061   773   773 E wificond: Failed to get NL80211_STA_INFO_CNAHLOAD
05-10 16:25:12.071   773   773 E wificond: Failed to get NL80211_STA_INFO_CNAHLOAD
05-10 16:25:13.974   773   773 E wificond: Failed to get NL80211_STA_INFO_CNAHLOAD
05-10 16:25:16.991   773   773 E wificond: Failed to get NL80211_STA_INFO_CNAHLOAD
05-10 16:25:17.004   974  2740 I chatty  : uid=1000(system) Binder:974_11 expire 23 lines
05-10 16:25:18.197   974  2748 I chatty  : uid=1000(system) Binder:974_12 expire 26 lines
05-10 16:25:20.006   773   773 E wificond: Failed to get NL80211_STA_INFO_CNAHLOAD
05-10 16:25:20.056   773   773 E wificond: Failed to get NL80211_STA_INFO_CNAHLOAD
05-10 16:25:20.063   773   773 E wificond: Failed to get NL80211_STA_INFO_CNAHLOAD
05-10 16:25:23.035   773   773 E wificond: Failed to get NL80211_STA_INFO_CNAHLOAD
05-10 16:25:26.068   773   773 E wificond: Failed to get NL80211_STA_INFO_CNAHLOAD
05-10 16:25:26.088   974  2781 I chatty  : uid=1000(system) Binder:974_15 expire 11 lines
05-10 16:25:27.559   974   974 I chatty  : uid=1000 system_server expire 4 lines
05-10 16:25:28.059   773   773 E wificond: Failed to get NL80211_STA_INFO_CNAHLOAD
05-10 16:25:29.089   773   773 E wificond: Failed to get NL80211_STA_INFO_CNAHLOAD
05-10 16:25:29.100   974  2455 I chatty  : uid=1000(system) Binder:974_B expire 8 lines
05-10 16:25:29.516   974  2748 I chatty  : uid=1000(system) Binder:974_12 expire 5 lines
05-10 16:25:32.106   773   773 E wificond: Failed to get NL80211_STA_INFO_CNAHLOAD
05-10 16:25:32.117   974  2740 I chatty  : uid=1000(system) Binder:974_11 expire 18 lines
05-10 16:25:35.130   773   773 E wificond: Failed to get NL80211_STA_INFO_CNAHLOAD
05-10 16:25:36.059   773   773 E wificond: Failed to get NL80211_STA_INFO_CNAHLOAD
05-10 16:25:36.070   773   773 E wificond: Failed to get NL80211_STA_INFO_CNAHLOAD
05-10 16:25:38.151   773   773 E wificond: Failed to get NL80211_STA_INFO_CNAHLOAD
05-10 16:25:41.177   773   773 E wificond: Failed to get NL80211_STA_INFO_CNAHLOAD
05-10 16:25:41.195   974  2781 I chatty  : uid=1000(system) Binder:974_15 expire 12 lines
05-10 16:25:44.063   773   773 E wificond: Failed to get NL80211_STA_INFO_CNAHLOAD
05-10 16:25:44.196   773   773 E wificond: Failed to get NL80211_STA_INFO_CNAHLOAD
05-10 16:25:47.237   773   773 E wificond: Failed to get NL80211_STA_INFO_CNAHLOAD
05-10 16:25:47.264   974  2740 I chatty  : uid=1000(system) Binder:974_11 expire 9 lines
05-10 16:25:50.277   773   773 E wificond: Failed to get NL80211_STA_INFO_CNAHLOAD
05-10 16:25:51.461   974  1776 I chatty  : uid=1000(system) Binder:974_6 expire 3 lines
05-10 16:25:51.558   974  1502 I chatty  : uid=1000(system) Binder:974_3 expire 21 lines
05-10 16:25:52.065   773   773 E wificond: Failed to get NL80211_STA_INFO_CNAHLOAD
05-10 16:25:52.071   773   773 E wificond: Failed to get NL80211_STA_INFO_CNAHLOAD
05-10 16:25:53.295   773   773 E wificond: Failed to get NL80211_STA_INFO_CNAHLOAD
05-10 16:25:53.790   974  2748 I chatty  : uid=1000(system) Binder:974_12 expire 8 lines
05-10 16:25:55.040   974  1776 I chatty  : uid=1000(system) Binder:974_6 expire 11 lines
05-10 16:25:56.318   773   773 E wificond: Failed to get NL80211_STA_INFO_CNAHLOAD
05-10 16:25:57.748   974  1352 I chatty  : uid=1000(system) UEventObserver expire 4 lines
05-10 16:25:57.761   974   974 I chatty  : uid=1000 system_server expire 11 lines
05-10 16:25:58.835   974  2781 I chatty  : uid=1000(system) Binder:974_15 expire 11 lines
05-10 16:25:59.335   773   773 E wificond: Failed to get NL80211_STA_INFO_CNAHLOAD
05-10 16:26:00.065   773   773 E wificond: Failed to get NL80211_STA_INFO_CNAHLOAD
05-10 16:26:00.073   773   773 E wificond: Failed to get NL80211_STA_INFO_CNAHLOAD
05-10 16:26:02.355   773   773 E wificond: Failed to get NL80211_STA_INFO_CNAHLOAD
05-10 16:26:02.378   974  1502 I chatty  : uid=1000(system) Binder:974_3 expire 11 lines
05-10 16:26:05.206   974  1809 I chatty  : uid=1000(system) watchdog expire 2 lines
05-10 16:26:05.375   773   773 E wificond: Failed to get NL80211_STA_INFO_CNAHLOAD
05-10 16:26:08.073   773   773 E wificond: Failed to get NL80211_STA_INFO_CNAHLOAD
05-10 16:26:08.085   773   773 E wificond: Failed to get NL80211_STA_INFO_CNAHLOAD
05-10 16:26:08.358   974  2455 I chatty  : uid=1000(system) Binder:974_B expire 12 lines
05-10 16:26:08.398   773   773 E wificond: Failed to get NL80211_STA_INFO_CNAHLOAD
05-10 16:26:08.410   974  1776 I chatty  : uid=1000(system) Binder:974_6 expire 7 lines
05-10 16:26:11.418   773   773 E wificond: Failed to get NL80211_STA_INFO_CNAHLOAD
05-10 16:26:14.446   773   773 E wificond: Failed to get NL80211_STA_INFO_CNAHLOAD
05-10 16:26:16.075   773   773 E wificond: Failed to get NL80211_STA_INFO_CNAHLOAD
05-10 16:26:16.086   773   773 E wificond: Failed to get NL80211_STA_INFO_CNAHLOAD
05-10 16:26:16.996   974  6010 I chatty  : uid=1000 system_server expire 1 line
05-10 16:26:17.465   773   773 E wificond: Failed to get NL80211_STA_INFO_CNAHLOAD
05-10 16:26:18.183   974  1405 I chatty  : uid=1000(system) IpManager.wlan0 expire 1 line
05-10 16:26:18.295   974  1412 I chatty  : uid=1000(system) WifiP2pService expire 6 lines
05-10 16:26:18.301   974  6708 I chatty  : uid=1000(system) DhcpClient expire 4 lines
05-10 16:26:18.317   974  1415 I chatty  : uid=1000(system) ConnectivitySer expire 9 lines
05-10 16:26:18.321   773   773 E wificond: Failed to get NL80211_STA_INFO_CNAHLOAD
05-10 16:26:18.333   974  1461 I chatty  : uid=1000(system) hw_wechatbooste expire 1 line
05-10 16:26:18.349   974  1395 I chatty  : uid=1000(system) NetdConnector expire 6 lines
05-10 16:26:18.354   974  1123 I chatty  : uid=1000(system) ActivityManager expire 6 lines
05-10 16:26:18.361   974  2781 I chatty  : uid=1000(system) Binder:974_15 expire 19 lines
05-10 16:26:18.365   974  1502 I chatty  : uid=1000(system) Binder:974_3 expire 2 lines
05-10 16:26:18.381 32496 32496 W ContextImpl: Calling a method in the system process without a qualified user: android.app.ContextImpl.startService:1656 android.content.ContextWrapper.startService:644 android.content.ContextWrapper.startService:644 com.android.settings.wifi.AccessPointConnectedReceiver.onReceive:28 android.app.ActivityThread.handleReceiver:3695 
05-10 16:26:18.442  6027  6027 D ActivityThread: ActivityThread,attachApplication
05-10 16:26:18.783   974  5165 I chatty  : uid=1000(system) Binder:974_18 expire 21 lines
05-10 16:26:18.790   974  1138 I chatty  : uid=1000(system) android.display expire 1 line
05-10 16:26:18.793   974  1008 I chatty  : uid=1000(system) Binder:974_2 expire 24 lines
05-10 16:26:20.483   773   773 E wificond: Failed to get NL80211_STA_INFO_CNAHLOAD
05-10 16:26:22.729   974  2455 I chatty  : uid=1000(system) Binder:974_B expire 12 lines
05-10 16:26:23.499   773   773 E wificond: Failed to get NL80211_STA_INFO_CNAHLOAD
05-10 16:26:24.078   773   773 E wificond: Failed to get NL80211_STA_INFO_CNAHLOAD
05-10 16:26:24.095   773   773 I chatty  : uid=1010(wifi) /system/bin/wificond identical 4 lines
05-10 16:26:26.516   773   773 E wificond: Failed to get NL80211_STA_INFO_CNAHLOAD
05-10 16:26:27.971   974   974 I chatty  : uid=1000 system_server expire 4 lines
05-10 16:26:29.532   773   773 E wificond: Failed to get NL80211_STA_INFO_CNAHLOAD
05-10 16:26:30.311   974  7225 I chatty  : uid=1000(system) Binder:974_1B expire 10 lines
05-10 16:26:30.334   974  1008 I chatty  : uid=1000(system) Binder:974_2 expire 13 lines
05-10 16:26:32.083   773   773 E wificond: Failed to get NL80211_STA_INFO_CNAHLOAD
05-10 16:26:32.551   773   773 E wificond: Failed to get NL80211_STA_INFO_CNAHLOAD
05-10 16:26:35.571   773   773 E wificond: Failed to get NL80211_STA_INFO_CNAHLOAD
05-10 16:26:38.592   773   773 E wificond: Failed to get NL80211_STA_INFO_CNAHLOAD
05-10 16:26:40.078   773   773 E wificond: Failed to get NL80211_STA_INFO_CNAHLOAD
05-10 16:26:41.613   773   773 E wificond: Failed to get NL80211_STA_INFO_CNAHLOAD
05-10 16:26:41.631   974  1008 I chatty  : uid=1000(system) Binder:974_2 expire 15 lines
05-10 16:26:44.638   773   773 E wificond: Failed to get NL80211_STA_INFO_CNAHLOAD
05-10 16:26:46.321   974  7225 I chatty  : uid=1000(system) Binder:974_1B expire 2 lines
05-10 16:26:46.639   974  1503 I chatty  : uid=1000(system) Binder:974_4 expire 29 lines
05-10 16:26:47.653   773   773 E wificond: Failed to get NL80211_STA_INFO_CNAHLOAD
05-10 16:26:48.090   773   773 E wificond: Failed to get NL80211_STA_INFO_CNAHLOAD
05-10 16:26:50.669   773   773 E wificond: Failed to get NL80211_STA_INFO_CNAHLOAD
05-10 16:26:51.718   974  2455 I chatty  : uid=1000(system) Binder:974_B expire 11 lines
05-10 16:26:53.698   773   773 E wificond: Failed to get NL80211_STA_INFO_CNAHLOAD
05-10 16:26:53.950   974  7225 I chatty  : uid=1000(system) Binder:974_1B expire 13 lines
05-10 16:26:56.085   773   773 E wificond: Failed to get NL80211_STA_INFO_CNAHLOAD
05-10 16:26:56.099   773   773 I chatty  : uid=1010(wifi) /system/bin/wificond identical 5 lines
05-10 16:26:56.719   773   773 E wificond: Failed to get NL80211_STA_INFO_CNAHLOAD
05-10 16:26:58.163   974  1352 I chatty  : uid=1000(system) UEventObserver expire 6 lines
05-10 16:26:58.184   974   974 I chatty  : uid=1000 system_server expire 12 lines
05-10 16:26:58.247   974  5165 I chatty  : uid=1000(system) Binder:974_18 expire 11 lines
05-10 16:26:59.747   773   773 E wificond: Failed to get NL80211_STA_INFO_CNAHLOAD
05-10 16:27:02.763   773   773 E wificond: Failed to get NL80211_STA_INFO_CNAHLOAD
05-10 16:27:04.083   773   773 E wificond: Failed to get NL80211_STA_INFO_CNAHLOAD
05-10 16:27:04.094   773   773 E wificond: Failed to get NL80211_STA_INFO_CNAHLOAD
05-10 16:27:05.209   974  1809 I chatty  : uid=1000(system) watchdog expire 3 lines
05-10 16:27:05.786   773   773 E wificond: Failed to get NL80211_STA_INFO_CNAHLOAD
05-10 16:27:05.979   974  2455 I chatty  : uid=1000(system) Binder:974_B expire 13 lines
05-10 16:27:06.073   974  1503 I chatty  : uid=1000(system) Binder:974_4 expire 19 lines
05-10 16:27:08.803   773   773 E wificond: Failed to get NL80211_STA_INFO_CNAHLOAD
05-10 16:27:11.820   773   773 E wificond: Failed to get NL80211_STA_INFO_CNAHLOAD
05-10 16:27:12.088   773   773 E wificond: Failed to get NL80211_STA_INFO_CNAHLOAD
05-10 16:27:14.842   773   773 E wificond: Failed to get NL80211_STA_INFO_CNAHLOAD
05-10 16:27:14.855   974  5165 I chatty  : uid=1000(system) Binder:974_18 expire 10 lines
05-10 16:27:17.863   773   773 E wificond: Failed to get NL80211_STA_INFO_CNAHLOAD
05-10 16:27:17.874   974  2455 I chatty  : uid=1000(system) Binder:974_B expire 2 lines
05-10 16:27:20.094   773   773 E wificond: Failed to get NL80211_STA_INFO_CNAHLOAD
05-10 16:27:20.885   773   773 E wificond: Failed to get NL80211_STA_INFO_CNAHLOAD
05-10 16:27:20.898   974  7225 I chatty  : uid=1000(system) Binder:974_1B expire 12 lines
05-10 16:27:22.171   974  2225 I chatty  : uid=1000(system) Binder:974_A expire 17 lines
05-10 16:27:22.227   974  1008 I chatty  : uid=1000(system) Binder:974_2 expire 14 lines
05-10 16:27:23.907   773   773 E wificond: Failed to get NL80211_STA_INFO_CNAHLOAD
05-10 16:27:26.932   773   773 E wificond: Failed to get NL80211_STA_INFO_CNAHLOAD
05-10 16:27:28.089   773   773 E wificond: Failed to get NL80211_STA_INFO_CNAHLOAD
05-10 16:27:28.096   773   773 E wificond: Failed to get NL80211_STA_INFO_CNAHLOAD
05-10 16:27:29.947   773   773 E wificond: Failed to get NL80211_STA_INFO_CNAHLOAD
05-10 16:27:29.958   974  5165 I chatty  : uid=1000(system) Binder:974_18 expire 10 lines
05-10 16:27:32.971   773   773 E wificond: Failed to get NL80211_STA_INFO_CNAHLOAD
05-10 16:27:34.644   974  2225 I chatty  : uid=1000(system) Binder:974_A expire 14 lines
05-10 16:27:35.994   773   773 E wificond: Failed to get NL80211_STA_INFO_CNAHLOAD
05-10 16:27:36.092   773   773 E wificond: Failed to get NL80211_STA_INFO_CNAHLOAD
05-10 16:27:39.014   773   773 E wificond: Failed to get NL80211_STA_INFO_CNAHLOAD
05-10 16:27:42.036   773   773 E wificond: Failed to get NL80211_STA_INFO_CNAHLOAD
05-10 16:27:44.098   773   773 E wificond: Failed to get NL80211_STA_INFO_CNAHLOAD
05-10 16:27:45.064   773   773 E wificond: Failed to get NL80211_STA_INFO_CNAHLOAD
05-10 16:27:45.080   974  1008 I chatty  : uid=1000(system) Binder:974_2 expire 27 lines
05-10 16:27:46.603   974  7225 I chatty  : uid=1000(system) Binder:974_1B expire 10 lines
05-10 16:27:48.097   773   773 E wificond: Failed to get NL80211_STA_INFO_CNAHLOAD
05-10 16:27:51.116   773   773 E wificond: Failed to get NL80211_STA_INFO_CNAHLOAD
05-10 16:27:51.748   974  2225 I chatty  : uid=1000(system) Binder:974_A expire 21 lines
05-10 16:27:52.096   773   773 E wificond: Failed to get NL80211_STA_INFO_CNAHLOAD
05-10 16:27:52.105   773   773 E wificond: Failed to get NL80211_STA_INFO_CNAHLOAD
05-10 16:27:54.136   773   773 E wificond: Failed to get NL80211_STA_INFO_CNAHLOAD
05-10 16:27:57.156   773   773 E wificond: Failed to get NL80211_STA_INFO_CNAHLOAD
05-10 16:27:59.888   974  1008 I chatty  : uid=1000(system) Binder:974_2 expire 8 lines
05-10 16:28:00.096   773   773 E wificond: Failed to get NL80211_STA_INFO_CNAHLOAD
05-10 16:28:00.101   773   773 E wificond: Failed to get NL80211_STA_INFO_CNAHLOAD
05-10 16:28:00.167   773   773 E wificond: Failed to get NL80211_STA_INFO_CNAHLOAD
05-10 16:28:03.187   773   773 E wificond: Failed to get NL80211_STA_INFO_CNAHLOAD
05-10 16:28:04.931   974  7225 I chatty  : uid=1000(system) Binder:974_1B expire 14 lines
05-10 16:28:06.206   773   773 E wificond: Failed to get NL80211_STA_INFO_CNAHLOAD
05-10 16:28:07.730   974  5165 I chatty  : uid=1000(system) Binder:974_18 expire 10 lines
05-10 16:28:08.096   773   773 E wificond: Failed to get NL80211_STA_INFO_CNAHLOAD
05-10 16:28:08.103   773   773 I chatty  : uid=1010(wifi) /system/bin/wificond identical 4 lines
05-10 16:28:09.223   773   773 E wificond: Failed to get NL80211_STA_INFO_CNAHLOAD
05-10 16:28:12.247   773   773 E wificond: Failed to get NL80211_STA_INFO_CNAHLOAD
05-10 16:28:15.276   773   773 E wificond: Failed to get NL80211_STA_INFO_CNAHLOAD
05-10 16:28:16.108   773   773 E wificond: Failed to get NL80211_STA_INFO_CNAHLOAD
05-10 16:28:18.300   773   773 E wificond: Failed to get NL80211_STA_INFO_CNAHLOAD
05-10 16:28:21.319   974  2722 I chatty  : uid=1000(system) Binder:974_E expire 26 lines
05-10 16:28:21.319   773   773 E wificond: Failed to get NL80211_STA_INFO_CNAHLOAD
05-10 16:28:21.843   974  7225 I chatty  : uid=1000(system) Binder:974_1B expire 19 lines
05-10 16:28:24.103   773   773 E wificond: Failed to get NL80211_STA_INFO_CNAHLOAD
05-10 16:28:24.113   773   773 E wificond: Failed to get NL80211_STA_INFO_CNAHLOAD
05-10 16:28:24.240   974  2225 I chatty  : uid=1000(system) Binder:974_A expire 11 lines
05-10 16:28:24.335   773   773 E wificond: Failed to get NL80211_STA_INFO_CNAHLOAD
05-10 16:28:27.361   773   773 E wificond: Failed to get NL80211_STA_INFO_CNAHLOAD
05-10 16:28:28.781   974  1352 I chatty  : uid=1000(system) UEventObserver expire 4 lines
05-10 16:28:28.799   974   974 I chatty  : uid=1000 system_server expire 8 lines
05-10 16:28:30.385   773   773 E wificond: Failed to get NL80211_STA_INFO_CNAHLOAD
05-10 16:28:32.113   773   773 E wificond: Failed to get NL80211_STA_INFO_CNAHLOAD
05-10 16:28:33.414   773   773 E wificond: Failed to get NL80211_STA_INFO_CNAHLOAD
05-10 16:28:33.429   974  2722 I chatty  : uid=1000(system) Binder:974_E expire 15 lines
05-10 16:28:35.213   974  1809 I chatty  : uid=1000(system) watchdog expire 2 lines
05-10 16:28:36.439   773   773 E wificond: Failed to get NL80211_STA_INFO_CNAHLOAD
05-10 16:28:39.475   773   773 E wificond: Failed to get NL80211_STA_INFO_CNAHLOAD
05-10 16:28:40.106   773   773 E wificond: Failed to get NL80211_STA_INFO_CNAHLOAD
05-10 16:28:40.112   773   773 E wificond: Failed to get NL80211_STA_INFO_CNAHLOAD
05-10 16:28:41.006   974  1008 I chatty  : uid=1000(system) Binder:974_2 expire 19 lines
05-10 16:28:42.496   773   773 E wificond: Failed to get NL80211_STA_INFO_CNAHLOAD
05-10 16:28:45.520   773   773 E wificond: Failed to get NL80211_STA_INFO_CNAHLOAD
05-10 16:28:48.111   773   773 E wificond: Failed to get NL80211_STA_INFO_CNAHLOAD
05-10 16:28:48.540   773   773 E wificond: Failed to get NL80211_STA_INFO_CNAHLOAD
05-10 16:28:51.562   773   773 E wificond: Failed to get NL80211_STA_INFO_CNAHLOAD
05-10 16:28:51.576   974  2722 I chatty  : uid=1000(system) Binder:974_E expire 14 lines
05-10 16:28:51.919   974  7225 I chatty  : uid=1000(system) Binder:974_1B expire 11 lines
05-10 16:28:54.584   773   773 E wificond: Failed to get NL80211_STA_INFO_CNAHLOAD
05-10 16:28:54.607   974  1008 I chatty  : uid=1000(system) Binder:974_2 expire 13 lines
05-10 16:28:56.115   773   773 E wificond: Failed to get NL80211_STA_INFO_CNAHLOAD
05-10 16:28:56.126   773   773 E wificond: Failed to get NL80211_STA_INFO_CNAHLOAD
05-10 16:28:57.599   773   773 E wificond: Failed to get NL80211_STA_INFO_CNAHLOAD
05-10 16:29:00.623   773   773 E wificond: Failed to get NL80211_STA_INFO_CNAHLOAD
05-10 16:29:03.649   773   773 E wificond: Failed to get NL80211_STA_INFO_CNAHLOAD
05-10 16:29:04.110   773   773 E wificond: Failed to get NL80211_STA_INFO_CNAHLOAD
05-10 16:29:04.121   773   773 E wificond: Failed to get NL80211_STA_INFO_CNAHLOAD
05-10 16:29:04.655   974  2722 I chatty  : uid=1000(system) Binder:974_E expire 17 lines
05-10 16:29:04.763   974  2225 I chatty  : uid=1000(system) Binder:974_A expire 13 lines
05-10 16:29:06.675   773   773 E wificond: Failed to get NL80211_STA_INFO_CNAHLOAD
05-10 16:29:08.720   974  7225 I chatty  : uid=1000(system) Binder:974_1B expire 18 lines
05-10 16:29:09.690   773   773 E wificond: Failed to get NL80211_STA_INFO_CNAHLOAD
05-10 16:29:12.114   773   773 E wificond: Failed to get NL80211_STA_INFO_CNAHLOAD
05-10 16:29:12.119   773   773 E wificond: Failed to get NL80211_STA_INFO_CNAHLOAD
05-10 16:29:12.701   773   773 E wificond: Failed to get NL80211_STA_INFO_CNAHLOAD
05-10 16:29:12.705   974  8227 I chatty  : uid=1000(system) Binder:974_1C expire 16 lines
05-10 16:29:12.773   974  1346 I chatty  : uid=1000(system) android.anim expire 8 lines
05-10 16:29:13.119 32402 32402 D ActivityThread: Remove activity client record, r= ActivityRecord{e2c114d token=android.os.BinderProxy@37d6d33 {com.xes.jazhanghui.activity/com.xes.jazhanghui.activity.mvp.web.AppWebViewActivity}} token= android.os.BinderProxy@37d6d33
05-10 16:29:13.137   974  1415 I chatty  : uid=1000(system) ConnectivitySer expire 6 lines
05-10 16:29:15.717   773   773 E wificond: Failed to get NL80211_STA_INFO_CNAHLOAD
05-10 16:29:15.724   974  2722 I chatty  : uid=1000(system) Binder:974_E expire 16 lines
05-10 16:29:16.277   974  1383 I chatty  : uid=1000(system) sManagerService expire 2 lines
05-10 16:29:16.288 32402 32402 V ActivityThread: ActivityThread,callActivityOnCreate
05-10 16:29:16.369 32402 32402 D ActivityThread: add activity client record, r= ActivityRecord{3c7f93 token=android.os.BinderProxy@78f03b {com.xes.jazhanghui.activity/com.xes.jazhanghui.activity.mvp.web.AppWebViewActivity}} token= android.os.BinderProxy@78f03b
05-10 16:29:16.387   974  2722 I chatty  : uid=1000(system) Binder:974_E expire 18 lines
05-10 16:29:16.436   974  1346 I chatty  : uid=1000(system) android.anim expire 11 lines
05-10 16:29:16.456   974  2225 I chatty  : uid=1000(system) Binder:974_A expire 26 lines
05-10 16:29:17.587   974  8227 I chatty  : uid=1000(system) Binder:974_1C expire 29 lines
05-10 16:29:18.732   773   773 E wificond: Failed to get NL80211_STA_INFO_CNAHLOAD
05-10 16:29:20.118   773   773 E wificond: Failed to get NL80211_STA_INFO_CNAHLOAD
05-10 16:29:20.125   773   773 E wificond: Failed to get NL80211_STA_INFO_CNAHLOAD
05-10 16:29:21.531   974  1008 I chatty  : uid=1000(system) Binder:974_2 expire 10 lines
05-10 16:29:21.751   773   773 E wificond: Failed to get NL80211_STA_INFO_CNAHLOAD
05-10 16:29:24.767   773   773 E wificond: Failed to get NL80211_STA_INFO_CNAHLOAD
05-10 16:29:27.246   974  1142 I chatty  : uid=1000(system) PowerManagerSer expire 1 line
05-10 16:29:27.789   773   773 E wificond: Failed to get NL80211_STA_INFO_CNAHLOAD
05-10 16:29:28.115   773   773 E wificond: Failed to get NL80211_STA_INFO_CNAHLOAD
05-10 16:29:28.125   773   773 E wificond: Failed to get NL80211_STA_INFO_CNAHLOAD
05-10 16:29:29.200   974  1352 I chatty  : uid=1000(system) UEventObserver expire 2 lines
05-10 16:29:29.217   974   974 I chatty  : uid=1000 system_server expire 6 lines
05-10 16:29:30.806   773   773 E wificond: Failed to get NL80211_STA_INFO_CNAHLOAD
05-10 16:29:30.978   974  5165 I chatty  : uid=1000(system) Binder:974_18 expire 22 lines
05-10 16:29:31.829   974  7225 I chatty  : uid=1000(system) Binder:974_1B expire 10 lines
05-10 16:29:32.352 32402 32402 D ActivityThread: Remove activity client record, r= ActivityRecord{3c7f93 token=android.os.BinderProxy@78f03b {com.xes.jazhanghui.activity/com.xes.jazhanghui.activity.mvp.web.AppWebViewActivity}} token= android.os.BinderProxy@78f03b
05-10 16:29:32.376   974  1415 I chatty  : uid=1000(system) ConnectivitySer expire 7 lines
05-10 16:29:33.827   773   773 E wificond: Failed to get NL80211_STA_INFO_CNAHLOAD
05-10 16:29:33.839   974  2722 I chatty  : uid=1000(system) Binder:974_E expire 28 lines
05-10 16:29:35.216   974  1809 I chatty  : uid=1000(system) watchdog expire 1 line
05-10 16:29:36.125   773   773 E wificond: Failed to get NL80211_STA_INFO_CNAHLOAD
05-10 16:29:36.138   773   773 I chatty  : uid=1010(wifi) /system/bin/wificond identical 2 lines
05-10 16:29:36.846   773   773 E wificond: Failed to get NL80211_STA_INFO_CNAHLOAD
05-10 16:29:37.221 32402 32402 V ActivityThread: ActivityThread,callActivityOnCreate
05-10 16:29:37.263   974  2225 I chatty  : uid=1000(system) Binder:974_A expire 9 lines
05-10 16:29:37.290 32402 32402 D ActivityThread: add activity client record, r= ActivityRecord{c6a5d82 token=android.os.BinderProxy@57d2e70 {com.xes.jazhanghui.activity/com.xes.jazhanghui.activity.mvp.web.AppWebViewActivity}} token= android.os.BinderProxy@57d2e70
05-10 16:29:37.375   974  1008 I chatty  : uid=1000(system) Binder:974_2 expire 15 lines
05-10 16:29:39.187   974  1504 I chatty  : uid=1000(system) Binder:974_5 expire 3 lines
05-10 16:29:39.865   773   773 E wificond: Failed to get NL80211_STA_INFO_CNAHLOAD
05-10 16:29:39.878   974  8227 I chatty  : uid=1000(system) Binder:974_1C expire 9 lines
05-10 16:29:40.772 32402 32402 D ActivityThread: Remove activity client record, r= ActivityRecord{c6a5d82 token=android.os.BinderProxy@57d2e70 {com.xes.jazhanghui.activity/com.xes.jazhanghui.activity.mvp.web.AppWebViewActivity}} token= android.os.BinderProxy@57d2e70
05-10 16:29:40.793   974  1346 I chatty  : uid=1000(system) android.anim expire 10 lines
05-10 16:29:42.888   773   773 E wificond: Failed to get NL80211_STA_INFO_CNAHLOAD
05-10 16:29:42.904   974  5165 I chatty  : uid=1000(system) Binder:974_18 expire 24 lines
05-10 16:29:43.458   974  7225 I chatty  : uid=1000(system) Binder:974_1B expire 9 lines
05-10 16:29:44.122   773   773 E wificond: Failed to get NL80211_STA_INFO_CNAHLOAD
05-10 16:29:45.908   773   773 E wificond: Failed to get NL80211_STA_INFO_CNAHLOAD
05-10 16:29:48.929   773   773 E wificond: Failed to get NL80211_STA_INFO_CNAHLOAD
05-10 16:29:51.944   773   773 E wificond: Failed to get NL80211_STA_INFO_CNAHLOAD
05-10 16:29:52.121   773   773 E wificond: Failed to get NL80211_STA_INFO_CNAHLOAD
05-10 16:29:52.132   773   773 E wificond: Failed to get NL80211_STA_INFO_CNAHLOAD
05-10 16:29:53.429  2660  2782 W SettingsEx: SettingsEx.Systemex.getInt deprecated use Settings.System.getInt instead ;callers=com.huawei.recsys.util.SystemUtil.getNotificationUpdateMode:169 com.huawei.recsys.util.SystemUtil.isAllowUpdate:104 com.huawei.recsys.controller.notification.http.NotificationUpdateController.startNotificationUpdate:85 
05-10 16:29:53.492   974  5165 I chatty  : uid=1000(system) Binder:974_18 expire 3 lines
05-10 16:29:54.967   773   773 E wificond: Failed to get NL80211_STA_INFO_CNAHLOAD
05-10 16:29:56.590   513   652 W SocketListener: sending broadcast to Pid = 974, Uid = 1000 
05-10 16:29:56.592   974  1395 I chatty  : uid=1000(system) NetdConnector expire 2 lines
05-10 16:29:56.596   974  1136 I chatty  : uid=1000(system) android.fg expire 3 lines
05-10 16:29:57.691   974  2225 I chatty  : uid=1000(system) Binder:974_A expire 18 lines
05-10 16:29:57.699   974  1383 I chatty  : uid=1000(system) sManagerService expire 3 lines
05-10 16:29:57.711   974  7225 I chatty  : uid=1000(system) Binder:974_1B expire 12 lines
05-10 16:29:57.722 32402 32402 V ActivityThread: ActivityThread,callActivityOnCreate
05-10 16:29:57.822 32402 32402 D ActivityThread: add activity client record, r= ActivityRecord{d2ad9e7 token=android.os.BinderProxy@eb1a6b1 {com.xes.jazhanghui.activity/com.xes.jazhanghui.activity.mvp.selectcourse.view.ZKSelectCourseListActivity}} token= android.os.BinderProxy@eb1a6b1
05-10 16:29:57.840   974  8227 I chatty  : uid=1000(system) Binder:974_1C expire 16 lines
05-10 16:29:57.887   974  1346 I chatty  : uid=1000(system) android.anim expire 13 lines
05-10 16:29:57.983   773   773 E wificond: Failed to get NL80211_STA_INFO_CNAHLOAD
05-10 16:29:59.417   974  1352 I chatty  : uid=1000(system) UEventObserver expire 4 lines
05-10 16:29:59.436   974   974 I chatty  : uid=1000 system_server expire 7 lines
05-10 16:30:00.128   773   773 E wificond: Failed to get NL80211_STA_INFO_CNAHLOAD
05-10 16:30:00.138   773   773 E wificond: Failed to get NL80211_STA_INFO_CNAHLOAD
05-10 16:30:01.003   773   773 E wificond: Failed to get NL80211_STA_INFO_CNAHLOAD
05-10 16:30:01.016   974  5165 I chatty  : uid=1000(system) Binder:974_18 expire 5 lines
05-10 16:30:04.035   773   773 E wificond: Failed to get NL80211_STA_INFO_CNAHLOAD
05-10 16:30:05.219   974  1809 I chatty  : uid=1000(system) watchdog expire 1 line
05-10 16:30:07.060   773   773 E wificond: Failed to get NL80211_STA_INFO_CNAHLOAD
05-10 16:30:08.128   773   773 E wificond: Failed to get NL80211_STA_INFO_CNAHLOAD
05-10 16:30:08.137   773   773 I chatty  : uid=1010(wifi) /system/bin/wificond identical 2 lines
05-10 16:30:10.079   773   773 E wificond: Failed to get NL80211_STA_INFO_CNAHLOAD
05-10 16:30:10.089   974  7225 I chatty  : uid=1000(system) Binder:974_1B expire 13 lines
05-10 16:30:11.638   974  8227 I chatty  : uid=1000(system) Binder:974_1C expire 10 lines
05-10 16:30:13.095   773   773 E wificond: Failed to get NL80211_STA_INFO_CNAHLOAD
05-10 16:30:16.122   773   773 E wificond: Failed to get NL80211_STA_INFO_CNAHLOAD
05-10 16:30:16.146   773   773 E wificond: Failed to get NL80211_STA_INFO_CNAHLOAD
05-10 16:30:16.158   773   773 E wificond: Failed to get NL80211_STA_INFO_CNAHLOAD
05-10 16:30:17.303   974  1504 I chatty  : uid=1000(system) Binder:974_5 expire 38 lines
05-10 16:30:17.304   974  1142 I chatty  : uid=1000(system) PowerManagerSer expire 1 line
05-10 16:30:19.146   773   773 E wificond: Failed to get NL80211_STA_INFO_CNAHLOAD
05-10 16:30:20.165   974  2225 I chatty  : uid=1000(system) Binder:974_A expire 6 lines
05-10 16:30:20.299   974  1346 I chatty  : uid=1000(system) android.anim expire 15 lines
05-10 16:30:20.588 32402 32402 D ActivityThread: Remove activity client record, r= ActivityRecord{d2ad9e7 token=android.os.BinderProxy@eb1a6b1 {com.xes.jazhanghui.activity/com.xes.jazhanghui.activity.mvp.selectcourse.view.ZKSelectCourseListActivity}} token= android.os.BinderProxy@eb1a6b1
05-10 16:30:22.169   773   773 E wificond: Failed to get NL80211_STA_INFO_CNAHLOAD
05-10 16:30:22.178   974  8227 I chatty  : uid=1000(system) Binder:974_1C expire 37 lines
05-10 16:30:24.136   773   773 E wificond: Failed to get NL80211_STA_INFO_CNAHLOAD
05-10 16:30:25.187   773   773 E wificond: Failed to get NL80211_STA_INFO_CNAHLOAD
05-10 16:30:25.195   974  7225 I chatty  : uid=1000(system) Binder:974_1B expire 8 lines
05-10 16:30:27.377   974  1008 I chatty  : uid=1000(system) Binder:974_2 expire 15 lines
05-10 16:30:27.388 32402 32402 V ActivityThread: ActivityThread,callActivityOnCreate
05-10 16:30:27.445 32402 32402 D ActivityThread: add activity client record, r= ActivityRecord{a72ce23 token=android.os.BinderProxy@7f45bc1 {com.xes.jazhanghui.activity/com.xes.jazhanghui.activity.mvp.selectcourse.view.ZKSelectCourseListActivity}} token= android.os.BinderProxy@7f45bc1
05-10 16:30:27.451   974  1504 I chatty  : uid=1000(system) Binder:974_5 expire 22 lines
05-10 16:30:28.206   773   773 E wificond: Failed to get NL80211_STA_INFO_CNAHLOAD
05-10 16:30:31.224   773   773 E wificond: Failed to get NL80211_STA_INFO_CNAHLOAD
05-10 16:30:32.130   773   773 E wificond: Failed to get NL80211_STA_INFO_CNAHLOAD
05-10 16:30:32.140   773   773 E wificond: Failed to get NL80211_STA_INFO_CNAHLOAD
05-10 16:30:32.345 32402 32402 V ActivityThread: ActivityThread,callActivityOnCreate
05-10 16:30:32.413 32402 32402 D ActivityThread: add activity client record, r= ActivityRecord{4d8d7b6 token=android.os.BinderProxy@3249da3 {com.xes.jazhanghui.activity/com.xes.jazhanghui.activity.mvp.courcedetial.view.ZKOffLineCourseDetailActivity}} token= android.os.BinderProxy@3249da3
05-10 16:30:32.437  1512  2136 I CommandQueue: updateBarBgColor
05-10 16:30:32.437  1512  2136 D CommandQueue: CommandQueue, setBarBackgroundColor
05-10 16:30:32.458   974  1346 I chatty  : uid=1000(system) android.anim expire 3 lines
05-10 16:30:33.574   974  1415 I chatty  : uid=1000(system) ConnectivitySer expire 11 lines
05-10 16:30:33.655   974   974 I chatty  : uid=1000 system_server expire 8 lines
05-10 16:30:33.673   974  1504 I chatty  : uid=1000(system) Binder:974_5 expire 35 lines
05-10 16:30:33.673  1512 13497 I CommandQueue: updateBarBgColor
05-10 16:30:33.674  1512 13497 D CommandQueue: CommandQueue, setBarBackgroundColor
05-10 16:30:34.240   773   773 E wificond: Failed to get NL80211_STA_INFO_CNAHLOAD
05-10 16:30:34.710  2660  2782 W SettingsEx: SettingsEx.Systemex.getInt deprecated use Settings.System.getInt instead ;callers=com.huawei.recsys.util.SystemUtil.getNotificationUpdateMode:169 com.huawei.recsys.util.SystemUtil.isAllowUpdate:104 com.huawei.recsys.controller.notification.http.NotificationUpdateController.startNotificationUpdate:85 
05-10 16:30:35.220   974  1809 I chatty  : uid=1000(system) watchdog expire 2 lines
05-10 16:30:35.301   974  2225 I chatty  : uid=1000(system) Binder:974_A expire 18 lines
05-10 16:30:37.260   773   773 E wificond: Failed to get NL80211_STA_INFO_CNAHLOAD
05-10 16:30:37.270   974  5165 I chatty  : uid=1000(system) Binder:974_18 expire 22 lines
05-10 16:30:37.318   974  1142 I chatty  : uid=1000(system) PowerManagerSer expire 2 lines
05-10 16:30:37.342   974  1346 I chatty  : uid=1000(system) android.anim expire 11 lines
05-10 16:30:37.348   974  7225 I chatty  : uid=1000(system) Binder:974_1B expire 13 lines
05-10 16:30:37.631 32402 32402 D ActivityThread: Remove activity client record, r= ActivityRecord{4d8d7b6 token=android.os.BinderProxy@3249da3 {com.xes.jazhanghui.activity/com.xes.jazhanghui.activity.mvp.courcedetial.view.ZKOffLineCourseDetailActivity}} token= android.os.BinderProxy@3249da3
05-10 16:30:40.137   773   773 E wificond: Failed to get NL80211_STA_INFO_CNAHLOAD
05-10 16:30:40.149   773   773 I chatty  : uid=1010(wifi) /system/bin/wificond identical 4 lines
05-10 16:30:40.280   773   773 E wificond: Failed to get NL80211_STA_INFO_CNAHLOAD
05-10 16:30:42.025   974  1383 I chatty  : uid=1000(system) sManagerService expire 3 lines
05-10 16:30:42.038 32402 32402 V ActivityThread: ActivityThread,callActivityOnCreate
05-10 16:30:42.121 32402 32402 D ActivityThread: add activity client record, r= ActivityRecord{c470969 token=android.os.BinderProxy@43c68a {com.xes.jazhanghui.activity/com.xes.jazhanghui.activity.mvp.courcedetial.view.ZKOffLineCourseDetailActivity}} token= android.os.BinderProxy@43c68a
05-10 16:30:42.145  1512 13497 I CommandQueue: updateBarBgColor
05-10 16:30:42.145  1512 13497 D CommandQueue: CommandQueue, setBarBackgroundColor
05-10 16:30:43.305   773   773 E wificond: Failed to get NL80211_STA_INFO_CNAHLOAD
05-10 16:30:43.538   974  1008 I chatty  : uid=1000(system) Binder:974_2 expire 30 lines
05-10 16:30:43.574  1512 13497 I CommandQueue: updateBarBgColor
05-10 16:30:43.574  1512 13497 D CommandQueue: CommandQueue, setBarBackgroundColor
05-10 16:30:43.582  7589  7589 D ActivityThread: ActivityThread,attachApplication
05-10 16:30:43.770   974  8227 I chatty  : uid=1000(system) Binder:974_1C expire 13 lines
05-10 16:30:46.333   773   773 E wificond: Failed to get NL80211_STA_INFO_CNAHLOAD
05-10 16:30:46.357   974  1504 I chatty  : uid=1000(system) Binder:974_5 expire 14 lines
05-10 16:30:48.142   773   773 E wificond: Failed to get NL80211_STA_INFO_CNAHLOAD
05-10 16:30:49.351   773   773 E wificond: Failed to get NL80211_STA_INFO_CNAHLOAD
05-10 16:30:52.374   773   773 E wificond: Failed to get NL80211_STA_INFO_CNAHLOAD
05-10 16:30:55.393   773   773 E wificond: Failed to get NL80211_STA_INFO_CNAHLOAD
05-10 16:30:56.146   773   773 E wificond: Failed to get NL80211_STA_INFO_CNAHLOAD
05-10 16:30:58.419   773   773 E wificond: Failed to get NL80211_STA_INFO_CNAHLOAD
05-10 16:30:58.434   974  1504 I chatty  : uid=1000(system) Binder:974_5 expire 10 lines
05-10 16:30:59.839   974  1352 I chatty  : uid=1000(system) UEventObserver expire 2 lines
05-10 16:31:01.090   974  1008 I chatty  : uid=1000(system) Binder:974_2 expire 26 lines
05-10 16:31:01.347   974  1346 I chatty  : uid=1000(system) android.anim expire 17 lines
