05-02 13:09:57.801 22553 22562 W MessageQueue: 	at android.os.Binder.execTransact(Binder.java:675)
05-02 13:09:57.803  1099  1099 I chatty  : uid=1000 system_server expire 82 lines
05-02 13:09:57.864  1099  2621 I chatty  : uid=1000(system) Binder:1099_E expire 14 lines
05-02 13:09:57.883 18771 18810 I 8.4.1.301-0402-DataSrv-WatchMan: message come: 0
05-02 13:09:57.884 18771 18810 I 8.4.1.301-0402-DataSrv-WatchMan: processStateMachineCheck
05-02 13:09:57.885 18771 18810 I 8.4.1.301-0402-DataSrv-VSimManager: handleEvent async
05-02 13:09:57.885 18771 18810 I 8.4.1.301-0402-DataSrv-StateManager: handleEvent prepare[8]: HEART_BEAT
05-02 13:09:57.886 18771 22570 I 8.4.1.301-0402-DataSrv-StateManager: handleEvent run: HEART_BEAT
05-02 13:09:57.886 18771 22570 I 8.4.1.301-0402-DataSrv-StateManager: handleEvent end: HEART_BEAT
05-02 13:09:57.886 18771 22570 I 8.4.1.301-0402-DataSrv-WatchMan: onHeartBeat
05-02 13:09:57.800   761   761 E wificond: Failed to get NL80211_STA_INFO_CNAHLOAD
05-02 13:09:58.139  1099  1442 I chatty  : uid=1000(system) PackageInstalle expire 2 lines
05-02 13:09:58.163  1099  1213 I chatty  : uid=1000(system) PackageManager expire 8 lines
05-02 13:09:58.180  1099  1213 I chatty  : uid=1000(system) PackageManager expire 6 lines
05-02 13:09:58.181   753  2419 D installed: forkNotifyToRMS parcel pid = 22587, ppid = 753, pkgname = io.appium.android.ime
05-02 13:09:58.197 22587 22587 I dex2oat : /system/bin/dex2oat Installd-io.appium.android.ime --input-vdex-fd=-1 --output-vdex-fd=29 --compiler-filter=quicken -j4 --debuggable --classpath-dir=/data/app/vmdl1242623525.tmp
05-02 13:09:58.197 22587 22587 I cutils-trace: atrace_init_once, trace_marker_path = /sys/kernel/debug/tracing/trace_marker
05-02 13:09:58.245 22587 22587 I dex2oat : dex2oat took 48.602ms (37.132ms cpu) (threads: 4) arena alloc=1584B (1584B) java alloc=25KB (26400B) native alloc=876KB (897936B) free=1171KB (1199216B)
05-02 13:09:58.259   753  2419 E         : Couldn't opendir /data/app/vmdl1242623525.tmp: No such file or directory
05-02 13:09:58.259   753  2419 E installd: Failed to delete /data/app/vmdl1242623525.tmp: No such file or directory
05-02 13:09:58.260  2680  2680 W InputMethodManager: startInputReason = 8
05-02 13:09:58.261  2680  2680 W InputMethodManager: startInputReason = 7
05-02 13:09:58.263  1889 11941 E HsmCoreServiceImpl: onTransact in code is: 102
05-02 13:09:58.263  1889 11941 I MediaProcessHandler: processOp opType: 1, uid: 10152, pid: 21035
05-02 13:09:58.263  1889 11941 W MediaProcessHandler: remove target not exist, maybe the UI process: uid: 10152, pid: 21035
05-02 13:09:58.263  1889 11941 I MediaProcessHandler: executedCallBack opType: 1 mMediaStatusObservers.size=0
05-02 13:09:58.348   753  2419 D installed: forkNotifyToRMS parcel pid = 22598, ppid = 753, pkgname = io.appium.android.ime
05-02 13:09:58.364 22598 22598 I dex2oat : /system/bin/dex2oat Installd-io.appium.android.ime --input-vdex-fd=-1 --output-vdex-fd=29 --compiler-filter=quicken -j4 --debuggable --classpath-dir=/data/app/vmdl2058265653.tmp
05-02 13:09:58.364 22598 22598 I cutils-trace: atrace_init_once, trace_marker_path = /sys/kernel/debug/tracing/trace_marker
05-02 13:09:58.410 22598 22598 I dex2oat : dex2oat took 46.595ms (36.145ms cpu) (threads: 4) arena alloc=1584B (1584B) java alloc=57KB (59168B) native alloc=881KB (902192B) free=1166KB (1194960B)
05-02 13:09:58.419   753  2419 E         : Couldn't opendir /data/app/vmdl2058265653.tmp: No such file or directory
05-02 13:09:58.419   753  2419 E installd: Failed to delete /data/app/vmdl2058265653.tmp: No such file or directory
05-02 13:09:58.753 22609 22609 I appproc : CLASSPATH=/system/framework/ime.jar
05-02 13:09:58.753 22609 22609 I appproc : Command=app_process /system/bin com.android.commands.ime.Ime enable io.appium.android.ime/.UnicodeIME 
05-02 13:09:58.753 22609 22609 D AndroidRuntime: >>>>>> START com.android.internal.os.RuntimeInit uid 2000 <<<<<<
05-02 13:09:58.755   691 22116 I audio_hw_primary: usb_ext_get_parameters: check show hires (false)
05-02 13:09:58.755 22609 22609 I AndroidRuntime: readDownloadBoosterConfig: 'false'
05-02 13:09:58.755 22609 22609 I cutils-trace: atrace_init_once, trace_marker_path = /sys/kernel/debug/tracing/trace_marker
05-02 13:09:58.755   748  8056 I hash_map_utils: key: 'typec_need_show_hires' value: ''
05-02 13:09:58.760  1612  1612 D StatusBarIconController: setIconVisibility icon is null or visibility not change visibility=false
05-02 13:09:58.807   759   834 E /system/bin/storaged: pid_info get_pids failed
05-02 13:09:58.811 22609 22609 I app_process: Reinit property: dalvik.vm.checkjni= false
05-02 13:09:58.815 22609 22609 V HwFrameworkFactory: : successes to get AllImpl object and return....
05-02 13:09:58.816   710   710 E WifiHAL : enter wifi_get_link_stats
05-02 13:09:58.821 22609 22609 I HWSERVICES: hwnative_get_component_register:libdrmbitmap,JNI
05-02 13:09:58.828   761   761 E wificond: Failed to get NL80211_STA_INFO_CNAHLOAD
05-02 13:09:58.830 22609 22609 E Zygote  : register_com_android_internal_os_Zygote num = 0
05-02 13:09:58.837 22609 22609 D AndroidRuntime: Calling main entry com.android.commands.ime.Ime
05-02 13:09:58.838 22609 22609 D AndroidRuntime: Shutting down VM
05-02 13:09:58.974  1099  1497 I chatty  : uid=1000(system) HwWifiStatStore expire 8 lines
05-02 13:09:59.183 22619 22619 I appproc : CLASSPATH=/system/framework/ime.jar
05-02 13:09:59.183 22619 22619 I appproc : Command=app_process /system/bin com.android.commands.ime.Ime set io.appium.android.ime/.UnicodeIME 
05-02 13:09:59.183 22619 22619 D AndroidRuntime: >>>>>> START com.android.internal.os.RuntimeInit uid 2000 <<<<<<
05-02 13:09:59.185 22619 22619 I AndroidRuntime: readDownloadBoosterConfig: 'false'
05-02 13:09:59.185 22619 22619 I cutils-trace: atrace_init_once, trace_marker_path = /sys/kernel/debug/tracing/trace_marker
05-02 13:09:59.240 22619 22619 I app_process: Reinit property: dalvik.vm.checkjni= false
05-02 13:09:59.245 22619 22619 V HwFrameworkFactory: : successes to get AllImpl object and return....
05-02 13:09:59.250 22619 22619 I HWSERVICES: hwnative_get_component_register:libdrmbitmap,JNI
05-02 13:09:59.260 22619 22619 E Zygote  : register_com_android_internal_os_Zygote num = 0
05-02 13:09:59.266 22619 22619 D AndroidRuntime: Calling main entry com.android.commands.ime.Ime
05-02 13:09:59.268 22619 22619 D AndroidRuntime: Shutting down VM
05-02 13:09:59.564 22630 22630 I appproc : CLASSPATH=/system/framework/pm.jar
05-02 13:09:59.564 22630 22630 I appproc : Command=app_process /system/bin com.android.commands.pm.Pm list packages io.appium.unlock 
05-02 13:09:59.565 22630 22630 D AndroidRuntime: >>>>>> START com.android.internal.os.RuntimeInit uid 2000 <<<<<<
05-02 13:09:59.566 22630 22630 I AndroidRuntime: readDownloadBoosterConfig: 'false'
05-02 13:09:59.566 22630 22630 I cutils-trace: atrace_init_once, trace_marker_path = /sys/kernel/debug/tracing/trace_marker
05-02 13:09:59.622 22630 22630 I app_process: Reinit property: dalvik.vm.checkjni= false
05-02 13:09:59.625 22630 22630 V HwFrameworkFactory: : successes to get AllImpl object and return....
05-02 13:09:59.630 22630 22630 I HWSERVICES: hwnative_get_component_register:libdrmbitmap,JNI
05-02 13:09:59.639 22630 22630 E Zygote  : register_com_android_internal_os_Zygote num = 0
05-02 13:09:59.646 22630 22630 D AndroidRuntime: Calling main entry com.android.commands.pm.Pm
05-02 13:09:59.657 22630 22630 I app_process: System.exit called, status: 0
05-02 13:09:59.657 22630 22630 I AndroidRuntime: VM exiting with result code 0.
05-02 13:09:59.909  1889  1889 I HwCoreAppHelperService: LocalReceiver receives:android.intent.action.PACKAGE_RESTARTED,pkg:io.appium.uiautomator2.server,uid:10164
05-02 13:09:59.914  2573  2573 E NfcNci  : NfcUtils error: APP do not have nfc permission
05-02 13:09:59.915  1915  1915 D CarrierSvcBindHelper: No carrier app for: 0
05-02 13:09:59.916  2573  2573 E NfcNci  : NfcUtils error: APP do not have nfc permission
05-02 13:09:59.916  1915  1915 D CarrierSvcBindHelper: No carrier app for: 1
05-02 13:09:59.921   513 22660 W libc    : Set property "hw.wifi.dns_stat" to "5273,3457,5057,1,62087"
05-02 13:09:59.925   783   783 E adbd    : failed to connect to socket 'tcp:6790': Connection refused
05-02 13:10:00.004   766  1494 D dubaid  : [HourlyRoutine.cpp] handleRequestOffset# timestamp=1525237200001, expire=2999995
05-02 13:10:00.005  1612  1612 E DateView: DateView,mCurrentTime: 1525237800005
05-02 13:10:00.007   766  1492 I dubaid  : [PollingRoutine.cpp] notifyPolling# Polling routine start, timestamp: 1525237800004, reason: 0
05-02 13:10:00.010  1612  1612 I EventCenter: EventCenter Get :android.intent.action.TIME_TICK
05-02 13:10:00.016  1612  1612 W HwKeyguardDragHelper: AnimationBlocked
05-02 13:10:00.019  1612  1612 W ResourceType: No known package when getting value for resource number 0xffffffff
05-02 13:10:00.019  1612  1612 E DateLunarView: mDateString is: 52
05-02 13:10:00.019  1612  1612 W ResourceType: No known package when getting value for resource number 0xffffffff
05-02 13:10:00.020  1612  1612 E DateLunarView: mDateString is: 52
05-02 13:10:00.025  1612  1612 D KeyguardUpdateMonitor: received broadcast android.intent.action.TIME_TICK
05-02 13:10:00.025  1612  1612 D KeyguardUpdateMonitor: handleTimeUpdate
05-02 13:10:00.025  1612  1753 I KeyguardStatusView: Runnable for refresh
05-02 13:10:00.027  2680  2680 I HwLauncher: Model  onReceive intent=Intent { act=android.intent.action.TIME_TICK flg=0x50200014 hwFlg=0x900 (has extras) }
05-02 13:10:00.027  2680  2680 I HwLauncher: Model  onReceive user=UserHandle{0}
05-02 13:10:00.033  3214  3430 I Step_LSC: 80002316|processHandleBroadcastAction action:android.intent.action.TIME_TICK
05-02 13:10:00.035  2680  2953 E HwLauncher: SettingsEx , no such field.
05-02 13:10:00.035  2680  2953 W HwLauncher: Clock getDataFormat the getSystemString failed.
05-02 13:10:00.036  1099  1918 I chatty  : uid=1000(system) Binder:1099_7 expire 1 line
05-02 13:10:00.038  2547  2547 I chatty  : uid=1000(system) com.huawei.recsys expire 1 line
05-02 13:10:00.040  2547  4665 I chatty  : uid=1000(system) AMapLocationCli expire 2 lines
05-02 13:10:00.044  3214  3430 I Step_SPUtils: 80002316|setAliveRecord  success: timestampArg=1525237800034 elapsedRealtimeArg=525179541
05-02 13:10:00.055   683   683 I chatty  : uid=1000(system) allocator@2.0-s expire 11 lines
05-02 13:10:00.112  1612  1612 D DateTimeView: Change to single clock mode!
05-02 13:10:00.117  1612  1612 D DateTimeView: Change to single clock mode!
05-02 13:10:00.173 22654 22654 I appproc : CLASSPATH=/system/framework/am.jar
05-02 13:10:00.173 22654 22654 I appproc : Command=app_process /system/bin com.android.commands.am.Am instrument -w io.appium.uiautomator2.server.test/android.support.test.runner.AndroidJUnitRunner 
05-02 13:10:00.173 22654 22654 D AndroidRuntime: >>>>>> START com.android.internal.os.RuntimeInit uid 2000 <<<<<<
05-02 13:10:00.175 22654 22654 I AndroidRuntime: readDownloadBoosterConfig: 'false'
05-02 13:10:00.175 22654 22654 I cutils-trace: atrace_init_once, trace_marker_path = /sys/kernel/debug/tracing/trace_marker
05-02 13:10:00.231 22654 22654 I app_process: Reinit property: dalvik.vm.checkjni= false
05-02 13:10:00.236 22654 22654 V HwFrameworkFactory: : successes to get AllImpl object and return....
05-02 13:10:00.241 22654 22654 I HWSERVICES: hwnative_get_component_register:libdrmbitmap,JNI
05-02 13:10:00.250 22654 22654 E Zygote  : register_com_android_internal_os_Zygote num = 0
05-02 13:10:00.257 22654 22654 D AndroidRuntime: Calling main entry com.android.commands.am.Am
05-02 13:10:00.264  1099  2621 D PMS1000 : package:io.appium.uiautomator2.server, input flags:0, output hwFlags:0
05-02 13:10:00.285  1099  2621 I ActivityManager: Start proc 22670:io.appium.uiautomator2.server/u0a164 for added application io.appium.uiautomator2.server
05-02 13:10:00.287 22670 22670 I         : power log dlsym ok
05-02 13:10:00.290 22670 22670 I zygote64: Late-enabling -Xcheck:jni
05-02 13:10:00.302 22670 22670 I zygote64: Reinit property: dalvik.vm.checkjni= false
05-02 13:10:00.313 22670 22670 D ActivityThread: ActivityThread,attachApplication
05-02 13:10:00.313  1099  2621 D ActivityManager: ActivityManagerService,attachApplication,callingPid = 22670
05-02 13:10:00.324   434   434 W /system/bin/hwservicemanager: Cannot open /odm/manifest.xml
05-02 13:10:00.330  1099  2621 D PMS10164: package:io.appium.uiautomator2.server.test, input flags:1024, output hwFlags:0
05-02 13:10:00.331 22670 22670 D HwFLClassLoader: get used feature list :/feature/used-list failed!
05-02 13:10:00.331 22670 22670 D HwFLClassLoader: USE_FEATURE_LIST had not init! 
05-02 13:10:00.337   434   434 W /system/bin/hwservicemanager: Cannot open /odm/manifest.xml
05-02 13:10:00.339 22670 22670 W zygote64: Found duplicate classes, falling back to extracting from APK : /data/app/io.appium.uiautomator2.server-RoEuPGiji-Sveo4hJT5oFQ==/base.apk
05-02 13:10:00.339 22670 22670 W zygote64: NOTE: This wastes RAM and hurts startup performance.
05-02 13:10:00.339 22670 22670 W zygote64: Found duplicated class when checking oat files: 'Ljunit/runner/BaseTestRunner;' in /data/app/io.appium.uiautomator2.server-RoEuPGiji-Sveo4hJT5oFQ==/base.apk and /system/framework/android.test.runner.jar
05-02 13:10:00.339 22670 22670 W zygote64: 
05-02 13:10:00.424 22670 22670 W System  : ClassLoader referenced unknown path: 
05-02 13:10:00.437 22670 22670 I MonitoringInstrumentation: Instrumentation Started!
05-02 13:10:00.439 22670 22670 I MonitoringInstrumentation: Setting context classloader to 'dalvik.system.PathClassLoader[DexPathList[[zip file "/system/framework/android.test.runner.jar", zip file "/data/app/io.appium.uiautomator2.server.test--gMRYaD616_NnDAPwcv68g==/base.apk", zip file "/data/app/io.appium.uiautomator2.server-RoEuPGiji-Sveo4hJT5oFQ==/base.apk"],nativeLibraryDirectories=[/data/app/io.appium.uiautomator2.server.test--gMRYaD616_NnDAPwcv68g==/lib/arm64, /data/app/io.appium.uiautomator2.server-RoEuPGiji-Sveo4hJT5oFQ==/lib/arm64, /system/lib64, /vendor/lib64, /product/lib64]]]', Original: 'dalvik.system.PathClassLoader[DexPathList[[zip file "/system/framework/android.test.runner.jar", zip file "/data/app/io.appium.uiautomator2.server.test--gMRYaD616_NnDAPwcv68g==/base.apk", zip file "/data/app/io.appium.uiautomator2.server-RoEuPGiji-Sveo4hJT5oFQ==/base.apk"],nativeLibraryDirectories=[/data/app/io.appium.uiautomator2.server.test--gMRYaD616_NnDAPwcv68g==/lib/arm64, /data/app/io.appium.uiautomator2.server-RoEuPGiji-Sveo4hJT5oFQ==/lib/arm64, /system/lib64, /vendor/lib64, /product/lib64]]]'
05-02 13:10:00.439 22670 22670 E MemoryLeakMonitorManager: MemoryLeakMonitor.jar is not exist!
05-02 13:10:00.440 22670 22670 E Minikin : Could not get cmap table size!
05-02 13:10:00.423  1099  2621 D PMS10164: package:io.appium.uiautomator2.server.test, input flags:1024, output hwFlags:0
05-02 13:10:00.440  1099  2621 D PMS10164: package:io.appium.uiautomator2.server, input flags:128, output hwFlags:0
05-02 13:10:00.449 22670 22689 I UsageTrackerFacilitator: Usage tracking enabled
05-02 13:10:00.449 22670 22689 I TestRequestBuilder: Scanning classpath to find tests in apks [/data/app/io.appium.uiautomator2.server.test--gMRYaD616_NnDAPwcv68g==/base.apk]
05-02 13:10:00.452 22670 22689 W zygote64: Skipping duplicate class check due to unrecognized classloader
05-02 13:10:00.682 22670 22675 I zygote64: Do partial code cache collection, code=30KB, data=15KB
05-02 13:10:00.682 22670 22675 I zygote64: After code cache collection, code=30KB, data=15KB
05-02 13:10:00.682 22670 22675 I zygote64: Increasing code cache capacity to 128KB
05-02 13:10:00.845 22670 22675 I zygote64: Do partial code cache collection, code=61KB, data=28KB
05-02 13:10:00.845 22670 22675 I zygote64: After code cache collection, code=61KB, data=28KB
05-02 13:10:00.845 22670 22675 I zygote64: Increasing code cache capacity to 256KB
05-02 13:10:00.937 22670 22689 D TestExecutor: Adding listener android.support.test.internal.runner.listener.LogRunListener
05-02 13:10:00.937 22670 22689 D TestExecutor: Adding listener android.support.test.internal.runner.listener.InstrumentationResultPrinter
05-02 13:10:00.937 22670 22689 D TestExecutor: Adding listener android.support.test.internal.runner.listener.ActivityFinisherRunListener
05-02 13:10:00.938 22670 22689 I TestRunner: run started: 1 tests
05-02 13:10:00.939 22670 22689 I TestRunner: started: startServer(io.appium.uiautomator2.server.test.AppiumUiAutomator2Server)
05-02 13:10:00.939   783   783 E adbd    : failed to connect to socket 'tcp:6790': Connection refused
05-02 13:10:00.942 22670 22670 I MonitoringInstrumentation: Activities that are still in CREATED to STOPPED: 0
05-02 13:10:00.943 22670 22689 I appium  : [AppiumUiAutomator2Server] Starting Server
05-02 13:10:01.834   710   710 E WifiHAL : enter wifi_get_link_stats
05-02 13:10:01.851   761   761 E wificond: Failed to get NL80211_STA_INFO_CNAHLOAD
05-02 13:10:01.864  1099  2621 D PMS10027: package:com.android.systemui, input flags:0, output hwFlags:0
05-02 13:10:01.951   513 22691 W libc    : Set property "hw.wifi.dns_stat" to "5275,3459,5057,1,62087"
05-02 13:10:01.955   783   783 E adbd    : failed to connect to socket 'tcp:6790': Connection refused
05-02 13:10:02.017 22670 22689 I appium  : AndroidServer created on port 6790
05-02 13:10:02.019 22670 22689 I appium  : io.appium.uiautomator2.server started:
05-02 13:10:01.869  1099  2621 D PMS10027: package:com.android.systemui, input flags:0, output hwFlags:0
05-02 13:10:02.027  1099  2621 D PMS1000 : package:io.appium.uiautomator2.server.test, input flags:268435456, output hwFlags:0
05-02 13:10:02.027  1099  2621 W AppOps  : Bad call: specified package io.appium.uiautomator2.server.test under uid 10164 but it is really 10165
05-02 13:10:02.041  1099  2621 I [SPMN]  : insert SECURE -- name = accessibility_enabled, package = android, user = 0, value = 1
05-02 13:10:02.045  1099  1099 I [SPMN]  : insert SECURE -- name = accessibility_enabled, package = android, user = 0, value = 1
05-02 13:10:02.058  1612  1612 D TimeKeeper: getTimeTickInfo:[mMillisUntilFinished:0, mHour:0, mMinute:0, mSecond:0]
05-02 13:10:02.058  1612  1612 E KeyguardUpdateMonitor: isSimPinSecure mSimDatas is null or empty 
05-02 13:10:02.058  1612  1612 D TimeKeeper: getTimeTickInfo:[mMillisUntilFinished:0, mHour:0, mMinute:0, mSecond:0]
05-02 13:10:02.058  1612  1612 W LockIcon: getState 1 <-> 0; fp running false
05-02 13:10:02.059  1612  1612 D TimeKeeper: getTimeTickInfo:[mMillisUntilFinished:0, mHour:0, mMinute:0, mSecond:0]
05-02 13:10:02.059  1612  1612 E KeyguardUpdateMonitor: isSimPinSecure mSimDatas is null or empty 
05-02 13:10:02.059  1612  1612 D TimeKeeper: getTimeTickInfo:[mMillisUntilFinished:0, mHour:0, mMinute:0, mSecond:0]
05-02 13:10:02.059  1612  1612 W LockIcon: getState 1 <-> 0; fp running false
05-02 13:10:02.069  1099  2621 D PMS10027: package:com.android.systemui, input flags:0, output hwFlags:0
05-02 13:10:02.070  1612  1739 E PhoneStatusBar: Setting not found exception : accessibility_display_magnification_navbar_enabled
05-02 13:10:02.072  1099  2621 I [SPMN]  : insert SECURE -- name = accessibility_enabled, package = android, user = 0, value = 1
05-02 13:10:02.076  1099  2621 D PMS10027: package:com.android.systemui, input flags:0, output hwFlags:0
05-02 13:10:02.077  1612  1739 E PhoneStatusBar: Setting not found exception : accessibility_display_magnification_navbar_enabled
05-02 13:10:02.079 22670 22692 I appium  : Started UiAutomator2 io.appium.uiautomator2.http io.appium.uiautomator2.server on port 6790
05-02 13:10:02.226  1099  1108 I chatty  : uid=1000(system) HeapTaskDaemon expire 1 line
05-02 13:10:03.053 22670 22696 I appium  : channel read invoked!
05-02 13:10:03.053 22670 22696 I appium  : channel read: GET /wd/hub/status
05-02 13:10:03.057 22670 22696 I appium  : AppiumResponse: {"sessionId":"SESSIONID","status":0,"value":"Status Invoked"}
05-02 13:10:03.069   513 22697 W libc    : Set property "hw.wifi.dns_stat" to "5277,3461,5057,1,62087"
05-02 13:10:03.096 22670 22698 I appium  : channel read invoked!
05-02 13:10:03.096 22670 22698 I appium  : channel read: POST /wd/hub/session
05-02 13:10:03.098 22670 22698 D appium  : payload: {"desiredCapabilities":{"platform":"LINUX","webStorageEnabled":false,"takesScreenshot":true,"javascriptEnabled":true,"databaseEnabled":false,"networkConnectionEnabled":true,"locationContextEnabled":false,"warnings":{},"desired":{"platformName":"android","appActivity":"com.xes.jazhanghui.activity.mvp.start.StartActivity","appPackage":"com.xes.jazhanghui.activity","automationName":"uiautomator2","deviceName":"SJE0217B29005225","newCommandTimeout":1800,"noReset":true,"resetKeyboard":true,"udid":"SJE0217B29005225","unicodeKeyboard":true},"platformName":"android","appActivity":"com.xes.jazhanghui.activity.mvp.start.StartActivity","appPackage":"com.xes.jazhanghui.activity","automationName":"uiautomator2","deviceName":"SJE0217B29005225","newCommandTimeout":1800,"noReset":true,"resetKeyboard":true,"udid":"SJE0217B29005225","unicodeKeyboard":true,"deviceUDID":"SJE0217B29005225","platformVersion":"8.0.0","deviceScreenSize":"1080x1920","deviceScreenDensity":480,"deviceModel":"VTR-AL00","deviceManufacturer":"HUAWEI"}}
05-02 13:10:03.102 22670 22698 D appium  : Starting toast notification listener.
05-02 13:10:03.103 22670 22698 I appium  : Session Created with SessionID:d1fa48f9-a453-4069-8e1a-12d0948929f7
05-02 13:10:03.103 22670 22698 I appium  : AppiumResponse: {"sessionId":"d1fa48f9-a453-4069-8e1a-12d0948929f7","status":0,"value":"Created Session"}
05-02 13:10:03.246  1099  2621 I ActivityManager: Force stopping com.xes.jazhanghui.activity appid=10168 user=0: from pid 22705by app
05-02 13:10:03.259  1099  1099 V AlarmManager: UninstallReceiver onReceive action:android.intent.action.PACKAGE_RESTARTED
05-02 13:10:03.260  1099  1099 D PMS1000 : package:com.xes.jazhanghui.activity, input flags:0, output hwFlags:0
05-02 13:10:03.262  1889  1889 I HwCoreAppHelperService: LocalReceiver receives:android.intent.action.PACKAGE_RESTARTED,pkg:com.xes.jazhanghui.activity,uid:10168
05-02 13:10:03.266  1915  1915 D CarrierSvcBindHelper: No carrier app for: 0
05-02 13:10:03.267  1915  1915 D CarrierSvcBindHelper: No carrier app for: 1
05-02 13:10:03.267  1099  1099 D PMS1000 : package:com.xes.jazhanghui.activity, input flags:0, output hwFlags:0
05-02 13:10:03.269  2573  2573 E NfcNci  : NfcUtils error: APP have nfc permission
05-02 13:10:03.280  2573  2573 D ApduServiceInfo: No com.nxp.nfc.extensions meta-data
05-02 13:10:03.280  2573  2573 E ApduServiceInfo: SE extension not present, Setting default offhost seID
05-02 13:10:03.289  2573  2573 E NfcNci  : NfcUtils error: APP have nfc permission
05-02 13:10:03.508  1099  2621 I ActivityManager: START u0 {act=android.intent.action.MAIN cat=[android.intent.category.LAUNCHER] flg=0x10200000 cmp=com.xes.jazhanghui.activity/.mvp.start.StartActivity} from uid 2000
05-02 13:10:03.513  1099  2621 I ActivityManager: ActivityRecord info: ActivityInfo{69468bb com.xes.jazhanghui.activity.mvp.start.StartActivity}
05-02 13:10:03.518  1099  2621 D PMS1000 : package:com.xes.jazhanghui.activity, input flags:268436480, output hwFlags:0
05-02 13:10:03.525  1099  1466 D PMS1000 : package:com.xes.jazhanghui.activity, input flags:1, output hwFlags:0
05-02 13:10:03.529  1099  2621 V WindowManager: addAppToken: AppWindowToken{3172384 token=Token{496d597 ActivityRecord{e2a8816 u0 com.xes.jazhanghui.activity/.mvp.start.StartActivity t1189}}} controller={TaskWindowContainerController taskId=1189} at 2147483647
05-02 13:10:03.529   765   827 I Pged-IPgedBinderService: ****action is 1, pid num is 4***
05-02 13:10:03.529   765   827 I Pged-Freezer: freezePids
05-02 13:10:03.529   765   827 I Pged-Freezer: Freeze process: 18794
05-02 13:10:03.529   765   827 I Pged-Freezer: Freeze process: 20717
05-02 13:10:03.529   765   827 I Pged-Freezer: Freeze process: 22670
05-02 13:10:03.532  2680 22708 D MotionDetectionManager: stopMotionAppsReco motionApps: 403
05-02 13:10:03.532  2680 22708 D MotionDetectionManager: stopMotionAppsReco not recognition motionApps 403
05-02 13:10:03.532  2680 22708 W HwLauncher: Launcher.MotionManager stopMotionAppsReco service flg 403 is unavailable
05-02 13:10:03.533  1099  2621 I ActivityManager: mWaitingActivityLaunched add ComponentName = null
05-02 13:10:03.534  1099  1918 V ActivityManager: startProcess: name=com.xes.jazhanghui.activity app=null knownToBeDead=true thread=null pid=-1
05-02 13:10:03.534  1099  1918 D PMS1000 : package:com.xes.jazhanghui.activity, input flags:0, output hwFlags:0
05-02 13:10:03.541  1099  1918 I ActivityManager: Start proc 22709:com.xes.jazhanghui.activity/u0a168 for activity com.xes.jazhanghui.activity/.mvp.start.StartActivity
05-02 13:10:03.542  1099  1918 V WindowManager: No longer Stopped: AppWindowToken{3172384 token=Token{496d597 ActivityRecord{e2a8816 u0 com.xes.jazhanghui.activity/.mvp.start.StartActivity t1189}}}
05-02 13:10:03.542  1099  1918 V ActivityManager: startProcess: name=com.xes.jazhanghui.activity app=ProcessRecord{9c4876d 22709:com.xes.jazhanghui.activity/u0a168} knownToBeDead=true thread=null pid=22709
05-02 13:10:03.544 22709 22709 I         : power log dlsym ok
05-02 13:10:03.547 22709 22709 I chatty  : uid=10168(u0_a168) com.xes.jazhanghui.activity identical 111 lines
05-02 13:10:03.553  1099  1443 I chatty  : uid=1000(system) android.anim expire 3 lines
05-02 13:10:03.557  1099  1443 V WindowManager: Adding Window{7acf6ab u0 Splash Screen com.xes.jazhanghui.activity} to AppWindowToken{3172384 token=Token{496d597 ActivityRecord{e2a8816 u0 com.xes.jazhanghui.activity/.mvp.start.StartActivity t1189}}}
05-02 13:10:03.557  1099  1443 V WindowManager: addWindow: New client android.view.ViewRootImpl$W@5b6f0fa: window=Window{7acf6ab u0 Splash Screen com.xes.jazhanghui.activity} Callers=com.android.server.wm.HwWindowManagerService.addWindow:562 com.android.server.wm.Session.addToDisplay:199 android.view.ViewRootImpl.setView:842 android.view.WindowManagerGlobal.addView:372 android.view.WindowManagerImpl.addView:128 
05-02 13:10:03.573 22709 22709 D ActivityThread: ActivityThread,attachApplication
05-02 13:10:03.574  1099  1918 D ActivityManager: ActivityManagerService,attachApplication,callingPid = 22709
05-02 13:10:03.577  1099  1918 V WindowManager: No longer Stopped: AppWindowToken{3172384 token=Token{496d597 ActivityRecord{e2a8816 u0 com.xes.jazhanghui.activity/.mvp.start.StartActivity t1189}}}
05-02 13:10:03.584  1099  1918 V WindowManager: Checking 1 opening apps (frozen=false timeout=false)...
05-02 13:10:03.584  1099  1918 V WindowManager: Check opening app=AppWindowToken{3172384 token=Token{496d597 ActivityRecord{e2a8816 u0 com.xes.jazhanghui.activity/.mvp.start.StartActivity t1189}}}: allDrawn=false startingDisplayed=false startingMoved=false isRelaunching()=false
05-02 13:10:03.585  1099  1160 I chatty  : uid=1000(system) android.ui expire 10 lines
05-02 13:10:03.588  1099  2386 I chatty  : uid=1000(system) CallbackHandler expire 6 lines
05-02 13:10:03.591   434   434 W /system/bin/hwservicemanager: Cannot open /odm/manifest.xml
05-02 13:10:03.591  1902  6597 I chatty  : uid=1000(system) Binder:1902_10 expire 2 lines
05-02 13:10:03.593  1099  1921 I HwNetworkPolicy: onTransact, code = 203
05-02 13:10:03.593  1861  2173 I HwNetworkPolicyManager: getHwUidPolicy uid = 10168 policy = 0
05-02 13:10:03.600  1099  1443 D WindowManager: finishDrawingWindow: Window{7acf6ab u0 Splash Screen com.xes.jazhanghui.activity} mDrawState=DRAW_PENDING
05-02 13:10:03.604  1099  1443 V WindowManager: Checking 1 opening apps (frozen=false timeout=false)...
05-02 13:10:03.604  1099  1443 V WindowManager: Check opening app=AppWindowToken{3172384 token=Token{496d597 ActivityRecord{e2a8816 u0 com.xes.jazhanghui.activity/.mvp.start.StartActivity t1189}}}: allDrawn=false startingDisplayed=true startingMoved=false isRelaunching()=false
05-02 13:10:03.608   714  1473 E BufferQueueProducer: [com.huawei.android.launcher/com.huawei.android.launcher.unihome.UniHomeLauncher#0] disconnect: not connected (req=1)
05-02 13:10:03.609  2680  3099 W libEGL  : EGLNativeWindowType 0x78a2869010 disconnect failed
05-02 13:10:03.608   714  1472 E BufferQueueProducer: [com.huawei.intelligent.Workspace#0] disconnect: not connected (req=1)
05-02 13:10:03.609   434   434 W /system/bin/hwservicemanager: Cannot open /odm/manifest.xml
05-02 13:10:03.609  3063 13659 W libEGL  : EGLNativeWindowType 0x78ccf64010 disconnect failed
05-02 13:10:03.616  1612  1612 D BarTransitions.HwNavigationBarView: MODE_TRANSLUCENT -> MODE_TRANSPARENT animate=false
05-02 13:10:03.616  1612  1612 D BarTransitions.HwNavigationBarView: applyModeBackground oldMode=MODE_TRANSLUCENT newMode=MODE_TRANSPARENT animate=false
05-02 13:10:03.631  1099  9624 D PMS10168: package:com.xes.jazhanghui.activity, input flags:0, output hwFlags:0
05-02 13:10:03.642  1612  1626 D HwRecentsLockUtils: Search
05-02 13:10:03.642  1889 11941 E HsmCoreServiceImpl: onTransact in code is: 103
05-02 13:10:03.642  1889 11941 I MediaProcessHandler: playingUids: 
05-02 13:10:03.642  1099  1921 D PMS10168: package:com.xes.jazhanghui.activity, input flags:0, output hwFlags:0
05-02 13:10:03.643  1099  9624 D ActivityManager: Skipping, home or recents stack task: TaskRecord{5ff49b3 #703 A=com.huawei.android.launcher U=0 StackId=0 sz=1}
05-02 13:10:03.643  1099  9624 D ActivityManager: Skipping intent:flg=0x10804000 cmp=com.android.systemui/.recents.RecentsActivity bnds=[48,336][1032,1704]
05-02 13:10:03.643  1099  9624 D ActivityManager: Skipping intent:act=android.intent.action.MAIN cat=[android.intent.category.LAUNCHER] flg=0x10a00000 cmp=io.appium.settings/.Settings
05-02 13:10:03.643  1099  9624 D ActivityManager: Skipping intent:act=android.intent.action.VIEW dat=content://com.weclassroom.fcclassroomapp.fileProvider/beta_external_path/com.weclassroom.fcclassroomapp/.beta/apk/comweclassroomfcclassroomapp_1.6.0_45b46a9f-a242-588b-92d9-9e0b73f82a61.apk typ=application/vnd.android.package-archive flg=0x10800001 cmp=com.android.packageinstaller/.InstallStart
05-02 13:10:03.643  1099  9624 D ActivityManager: Skipping intent:act=android.intent.action.VIEW dat=content://com.android.browser.fileProvider/external_files/Download/browser/futurecloud-futurecloud_V1.6.0_2018-04-26.apkfuturecloud-futurecloud_V1.6.0.apk typ=application/vnd.android.package-archive flg=0x18800000 cmp=com.android.packageinstaller/.InstallStart
05-02 13:10:03.643  1099  9624 D ActivityManager: Skipping intent:act=android.intent.action.VIEW dat=http://app-global.pgyer.com/... flg=0x10800000 pkg=com.android.browser cmp=com.android.browser/.BrowserActivity
05-02 13:10:03.643  1099  9624 D ActivityManager: Skipping intent:act=android.intent.action.MAIN cat=[android.intent.category.HOME] flg=0x10800300 cmp=com.android.settings/.FallbackHome
05-02 13:10:03.643  1099  9624 D PMS10168: package:com.xes.jazhanghui.activity, input flags:0, output hwFlags:0
05-02 13:10:03.645  1099  1921 D PMS10168: package:com.xes.jazhanghui.activity, input flags:0, output hwFlags:0
05-02 13:10:03.649  1099  1921 D PMS10168: package:com.xes.jazhanghui.activity, input flags:0, output hwFlags:0
05-02 13:10:03.683  1099  1112 D PMS10168: package:com.xes.jazhanghui.activity, input flags:128, output hwFlags:0
05-02 13:10:03.690  1099  1112 V ActivityManager: startProcess: name=com.xes.jazhanghui.activity:core app=null knownToBeDead=true thread=null pid=-1
05-02 13:10:03.690  1099  1112 D PMS1000 : package:com.xes.jazhanghui.activity, input flags:0, output hwFlags:0
05-02 13:10:03.691 22709 22731 I chatty  : uid=10168(u0_a168) com.xes.jazhanghui.activity expire 34 lines
05-02 13:10:03.698 22733 22733 I         : power log dlsym ok
05-02 13:10:03.699  1099  1112 I ActivityManager: Start proc 22733:com.xes.jazhanghui.activity:core/u0a168 for service com.xes.jazhanghui.activity/com.netease.nimlib.service.NimService
05-02 13:10:03.699 22733 22733 I chatty  : uid=10168(u0_a168) identical 53 lines
05-02 13:10:03.730 22733 22733 D ActivityThread: ActivityThread,attachApplication
05-02 13:10:03.730  1099  1112 D ActivityManager: ActivityManagerService,attachApplication,callingPid = 22733
05-02 13:10:03.738   434   434 W /system/bin/hwservicemanager: Cannot open /odm/manifest.xml
05-02 13:10:03.750   434   434 W /system/bin/hwservicemanager: Cannot open /odm/manifest.xml
05-02 13:10:03.770  1099  1112 D HwNetworkManagementService: code == CODE_GET_AD_KEY_LIST
05-02 13:10:03.770  1099  1112 D HwNetworkManagementService: appName = com.xes.jazhanghui.activity  is not in the mAdViewMap! reply none
05-02 13:10:03.770  1099  1112 D HwNetworkManagementService: appName = com.xes.jazhanghui.activity  is not in the mAdIdMap! reply none
05-02 13:10:03.791 22709 22762 I chatty  : uid=10168(u0_a168) com.xes.jazhanghui.activity expire 7 lines
05-02 13:10:03.798  1099  9624 D PMS10168: package:com.xes.jazhanghui.activity, input flags:128, output hwFlags:0
05-02 13:10:03.801 22733 22763 I chatty  : uid=10168(u0_a168) expire 64 lines
05-02 13:10:03.826  1099  1112 D PMS10168: package:com.xes.jazhanghui.activity, input flags:128, output hwFlags:0
05-02 13:10:03.850 22733 22764 I chatty  : uid=10168(u0_a168) expire 1 line
05-02 13:10:03.853  1099  9624 D PMS10168: package:com.xes.jazhanghui.activity, input flags:128, output hwFlags:0
05-02 13:10:03.878 22709 22772 I chatty  : uid=10168(u0_a168) com.xes.jazhanghui.activity expire 64 lines
05-02 13:10:03.882 22709 22714 I chatty  : uid=10168(u0_a168) com.xes.jazhanghui.activity expire 16 lines
05-02 13:10:03.877  1099  9624 D PMS10168: package:com.xes.jazhanghui.activity, input flags:128, output hwFlags:0
05-02 13:10:03.896  1099  9624 D PMS10168: package:com.xes.jazhanghui.activity:core, input flags:0, output is null
05-02 13:10:03.900  1099  8882 D PMS10168: package:com.xes.jazhanghui.activity, input flags:0, output hwFlags:0
05-02 13:10:03.909  1099  1918 D PMS1000 : package:com.xes.jazhanghui.activity, input flags:8192, output hwFlags:0
05-02 13:10:03.911  1861  2216 W HSM     : HoldService:toast switch is close!
05-02 13:10:03.911  1099  2162 D PMS10168: package:com.xes.jazhanghui.activity, input flags:0, output hwFlags:0
05-02 13:10:03.912  1099  2162 I chatty  : uid=1000(system) Binder:1099_B expire 17 lines
05-02 13:10:03.913  2547  2570 I chatty  : uid=1000(system) Binder:2547_2 expire 43 lines
05-02 13:10:03.912  1099  2162 D PMS10168: package:com.xes.jazhanghui.activity, input flags:0, output hwFlags:0
05-02 13:10:03.913  2547  2570 W SettingsEx: SettingsEx.Systemex.getInt deprecated use Settings.System.getInt instead ;callers=com.huawei.recsys.util.SystemUtil.getNotificationUpdateMode:169 com.huawei.recsys.util.SystemUtil.isAllowUpdate:104 com.huawei.recsys.controller.notification.http.NotificationUpdateController.startNotificationUpdate:85 
05-02 13:10:03.914  1099  1918 D PMS1001 : package:com.xes.jazhanghui.activity, input flags:0, output hwFlags:0
05-02 13:10:03.914  1915  2091 W System.err: java.lang.SecurityException: getDeviceId: Neither user 10168 nor current process has android.permission.READ_PHONE_STATE.
05-02 13:10:03.915  1915  2091 W System.err: 	at android.app.ContextImpl.enforce(ContextImpl.java:1932)
05-02 13:10:03.915  1915  2091 W System.err: 	at android.app.ContextImpl.enforceCallingOrSelfPermission(ContextImpl.java:1964)
05-02 13:10:03.915  1915  2091 W System.err: 	at android.content.ContextWrapper.enforceCallingOrSelfPermission(ContextWrapper.java:756)
05-02 13:10:03.915  1915  2091 W System.err: 	at android.content.ContextWrapper.enforceCallingOrSelfPermission(ContextWrapper.java:756)
05-02 13:10:03.915  1915  2091 W System.err: 	at com.android.internal.telephony.HwPhoneService.canReadPhoneState(HwPhoneService.java:1824)
05-02 13:10:03.915  1915  2091 W System.err: 	at com.android.internal.telephony.HwPhoneService.getUniqueDeviceId(HwPhoneService.java:1839)
05-02 13:10:03.915  1915  2091 W System.err: 	at com.android.internal.telephony.IHwTelephony$Stub.onTransact(IHwTelephony.java:462)
05-02 13:10:03.915  1915  2091 W System.err: 	at android.os.Binder.execTransact(Binder.java:675)
05-02 13:10:03.919  1099  1918 D PMS1000 : package:com.xes.jazhanghui.activity, input flags:8192, output hwFlags:0
05-02 13:10:03.920  1861  2216 W HSM     : HoldService:toast switch is close!
05-02 13:10:03.922  1099  1918 D PMS1001 : package:com.xes.jazhanghui.activity, input flags:0, output hwFlags:0
05-02 13:10:03.922  1915  2091 W System.err: java.lang.SecurityException: getDeviceId: Neither user 10168 nor current process has android.permission.READ_PHONE_STATE.
05-02 13:10:03.922  1915  2091 W System.err: 	at android.app.ContextImpl.enforce(ContextImpl.java:1932)
05-02 13:10:03.922  1915  2091 W System.err: 	at android.app.ContextImpl.enforceCallingOrSelfPermission(ContextImpl.java:1964)
05-02 13:10:03.922  1915  2091 W System.err: 	at android.content.ContextWrapper.enforceCallingOrSelfPermission(ContextWrapper.java:756)
05-02 13:10:03.922  1915  2091 W System.err: 	at android.content.ContextWrapper.enforceCallingOrSelfPermission(ContextWrapper.java:756)
05-02 13:10:03.922  1915  2091 W System.err: 	at com.android.internal.telephony.HwPhoneService.canReadPhoneState(HwPhoneService.java:1824)
05-02 13:10:03.922  1915  2091 W System.err: 	at com.android.internal.telephony.HwPhoneService.getUniqueDeviceId(HwPhoneService.java:1839)
05-02 13:10:03.922  1915  2091 W System.err: 	at com.android.internal.telephony.IHwTelephony$Stub.onTransact(IHwTelephony.java:462)
05-02 13:10:03.922  1915  2091 W System.err: 	at android.os.Binder.execTransact(Binder.java:675)
05-02 13:10:03.927  1099  1918 D PMS10168: package:com.xes.jazhanghui.activity:core, input flags:0, output is null
05-02 13:10:03.948  1099  2162 D PMS10168: package:com.xes.jazhanghui.activity, input flags:268435456, output hwFlags:0
05-02 13:10:03.966  1099  1918 D PMS10168: package:com.xes.jazhanghui.activity, input flags:128, output hwFlags:0
05-02 13:10:04.008  1099  1918 D PMS1000 : package:com.android.email, input flags:1, output hwFlags:33554432
05-02 13:10:04.008  1099  1918 D PMS1000 : package:com.android.exchange, input flags:1, output hwFlags:0
05-02 13:10:04.008  1099  1918 D PMS1000 : package:com.google.android.gm, input flags:1, output is null
05-02 13:10:04.008  1099  1918 W HwAlarmManagerService: isContainsAppUidInWorksource-->happend NameNotFoundException
05-02 13:10:04.009  1099  1918 I HwAlarmManagerService: hwSetAlarm listenerTag: *job.delay*
05-02 13:10:04.010  1099  1918 I JobScheduler.Time: mNextDelayExpiredElapsedMillis: 525783515
05-02 13:10:04.010  1099  1918 D PMS1000 : package:com.android.email, input flags:1, output hwFlags:33554432
05-02 13:10:04.010  1099  1918 D PMS1000 : package:com.android.exchange, input flags:1, output hwFlags:0
05-02 13:10:04.010  1099  1918 D PMS1000 : package:com.google.android.gm, input flags:1, output is null
05-02 13:10:04.010  1099  1918 W HwAlarmManagerService: isContainsAppUidInWorksource-->happend NameNotFoundException
05-02 13:10:04.011  1099  1918 I HwAlarmManagerService: hwSetAlarm listenerTag: *job.deadline*
05-02 13:10:04.011  1099  1918 I JobScheduler.Time: mNextJobExpiredElapsedMillis: 526083515
05-02 13:10:04.012  1099  1918 D JobServiceContext: Scheduling time out for 'com.netease.nimlib.job.NIMJobService' jId: 2, in 18 s
05-02 13:10:04.028  1099  8882 D PMS10168: package:com.xes.jazhanghui.activity, input flags:0, output hwFlags:0
05-02 13:10:04.033  1099  2162 D PMS10168: package:com.xes.jazhanghui.activity, input flags:128, output hwFlags:0
05-02 13:10:04.033  1099  2162 D PMS10168: package:com.xes.jazhanghui.activity, input flags:128, output hwFlags:0
05-02 13:10:04.034  1099  1443 V WindowManager: Exit animation finished in Window{148781 u0 com.huawei.android.launcher/com.huawei.android.launcher.unihome.UniHomeLauncher EXITING}: remove=false
05-02 13:10:04.034  1099  1443 V WindowManager: Exit animation finished in Window{607485f u0 com.huawei.intelligent.Workspace EXITING}: remove=false
05-02 13:10:04.035  1099  1099 D JobServiceContext: handleServiceBound for e4ba067 #u0a168/2 com.xes.jazhanghui.activity/com.netease.nimlib.job.NIMJobService
05-02 13:10:04.035  1099  1099 D JobServiceContext: Scheduling time out for 'com.netease.nimlib.job.NIMJobService' jId: 2, in 8 s
05-02 13:10:04.037  1612  1612 D ImageWallpaper: onVisibilityChanged: mVisible, visible=true, false
05-02 13:10:04.037  1612  1612 D ImageWallpaper: Visibility changed to visible=false
05-02 13:10:04.037  1099  2162 D JobServiceContext: doCallback of : JobStatus{e4ba067 #u0a168/2 com.xes.jazhanghui.activity/com.netease.nimlib.job.NIMJobService u=0 s=10168 TIME=none:+19m59s974ms CHARGING READY} v:VERB_STARTING
05-02 13:10:04.053 22709 22789 I chatty  : uid=10168(u0_a168) com.xes.jazhanghui.activity expire 1 line
05-02 13:10:04.056 22709 22791 I chatty  : uid=10168(u0_a168) com.xes.jazhanghui.activity expire 39 lines
05-02 13:10:04.061 22709 22796 I chatty  : uid=10168(u0_a168) com.xes.jazhanghui.activity expire 13 lines
05-02 13:10:04.062  1099  8882 D PMS10168: package:com.xes.jazhanghui.activity, input flags:128, output hwFlags:0
05-02 13:10:04.062  1099  1177 I chatty  : uid=1000(system) android.io expire 1 line
05-02 13:10:04.067  1099  8882 D PMS10168: package:com.xes.jazhanghui.activity, input flags:0, output hwFlags:0
05-02 13:10:04.077  1099  2162 D PMS10168: package:com.xes.jazhanghui.activity, input flags:0, output hwFlags:0
05-02 13:10:04.078  1099  8882 I chatty  : uid=1000(system) Binder:1099_1D expire 43 lines
05-02 13:10:04.080 22709 22709 V ActivityThread: ActivityThread,callActivityOnCreate
05-02 13:10:04.082 22709 22790 I chatty  : uid=10168(u0_a168) com.xes.jazhanghui.activity expire 33 lines
05-02 13:10:04.100   708   708 D SensorHub: batch called handle:5 sample_ns:50000000 latency_ns:0
05-02 13:10:04.100   708   708 D SensorHub: in batch, handle = 5, flags = 0, period_ns = 50000000, timeout = 0
05-02 13:10:04.101   708   708 I /vendor/bin/hw/vendor.huawei.hardware.sensors@1.0-service: activate-5 frameOpenedAls-1 enabled-1 cameraOpenedAls-0 frameOpenedColor-0 cameraOpenedColor-0
05-02 13:10:04.102   708   708 D SensorHub: Channel activate-> handle: 5, enabled:1, err: 0
05-02 13:10:04.111   513 22808 W libc    : Set property "hw.wifipro.dns_err_count" to "0,0,0,1533,0,0"
05-02 13:10:04.111   513 22808 W libc    : Set property "hw.wifipro.dns_err_count" to "0,0,0,1534,0,0"
05-02 13:10:04.112   513 22808 W libc    : Set property "hw.wifipro.dns_fail_count" to "799"
05-02 13:10:04.113  1099  1918 I chatty  : uid=1000(system) Binder:1099_7 expire 14 lines
05-02 13:10:04.134  1099  1918 D PMS10168: package:com.xes.jazhanghui.activity, input flags:0, output hwFlags:0
05-02 13:10:04.140 22709 22811 I chatty  : uid=10168(u0_a168) com.xes.jazhanghui.activity expire 3 lines
05-02 13:10:04.175 22709 22804 I chatty  : uid=10168(u0_a168) com.xes.jazhanghui.activity expire 21 lines
05-02 13:10:04.179 22709 22753 I chatty  : uid=10168(u0_a168) com.xes.jazhanghui.activity expire 1 line
05-02 13:10:04.135  1099  1918 I chatty  : uid=1000(system) Binder:1099_7 identical 1 line
05-02 13:10:04.135  1099  1918 D PMS10168: package:com.xes.jazhanghui.activity, input flags:0, output hwFlags:0
05-02 13:10:04.182  1099  1918 D PMS10168: package:com.amap.android.ams, input flags:128, output hwFlags:0
05-02 13:10:04.186  1099  1918 D PMS10168: package:com.android.providers.media, input flags:128, output hwFlags:0
05-02 13:10:04.187  1099  1918 D PMS10168: package:com.xes.jazhanghui.activity, input flags:0, output hwFlags:0
05-02 13:10:04.187  1099  8882 D PMS10168: package:com.xes.jazhanghui.activity, input flags:128, output hwFlags:0
05-02 13:10:04.191  1099  8882 D PMS10168: package:com.google.android.gms, input flags:128, output hwFlags:0
05-02 13:10:04.199  1099  8882 D PMS10168: package:com.baidu.input_huawei, input flags:128, output hwFlags:0
05-02 13:10:04.199  1099  2162 D PMS10168: package:com.xes.jazhanghui.activity, input flags:0, output hwFlags:0
05-02 13:10:04.199  1099  2162 D PMS10168: package:com.huawei.hwid, input flags:128, output hwFlags:0
05-02 13:10:04.199  1099  8882 D PMS10168: package:com.xes.jazhanghui.activity, input flags:0, output hwFlags:0
05-02 13:10:04.207  1099  2162 D PMS10168: package:com.huawei.appmarket, input flags:128, output hwFlags:0
05-02 13:10:04.214  1099  2162 D PMS10168: package:com.huawei.lbs, input flags:128, output hwFlags:0
05-02 13:10:04.219  1099  2162 D PMS10168: package:com.huawei.camera, input flags:128, output hwFlags:0
05-02 13:10:04.225  1099  2162 D PMS10168: package:com.android.contacts, input flags:128, output hwFlags:0
05-02 13:10:04.231 22709 22709 D ActivityThread: add activity client record, r= ActivityRecord{51d2bda token=android.os.BinderProxy@8e35814 {com.xes.jazhanghui.activity/com.xes.jazhanghui.activity.mvp.start.StartActivity}} token= android.os.BinderProxy@8e35814
05-02 13:10:04.233  1099  8882 D PMS10168: package:com.huawei.intelligent, input flags:128, output hwFlags:0
05-02 13:10:04.239  1099  8882 D PMS10168: package:com.huawei.hifolder, input flags:128, output hwFlags:33554432
05-02 13:10:04.244  1099  8882 D PMS10168: package:com.vmall.client, input flags:128, output hwFlags:67108864
05-02 13:10:04.249  1099  2162 D PMS10168: package:com.android.browser, input flags:128, output hwFlags:0
05-02 13:10:04.253   714  1472 D SurfaceFlinger: SurfaceFlinger: getDisplayConfigs--3.000000, 1080, 1920
05-02 13:10:04.253   714  1472 I chatty  : uid=1000(system) Binder:714_3 identical 1 line
05-02 13:10:04.253   714  1472 D SurfaceFlinger: SurfaceFlinger: getDisplayConfigs--3.000000, 1080, 1920
05-02 13:10:04.255 22709 22829 I chatty  : uid=10168(u0_a168) com.xes.jazhanghui.activity expire 6 lines
05-02 13:10:04.259  1099  2162 V WindowManager: Adding Window{d87cbf3 u0 com.xes.jazhanghui.activity/com.xes.jazhanghui.activity.mvp.start.StartActivity} to AppWindowToken{3172384 token=Token{496d597 ActivityRecord{e2a8816 u0 com.xes.jazhanghui.activity/.mvp.start.StartActivity t1189}}}
05-02 13:10:04.260  1099  2162 V WindowManager: addWindow: New client android.os.BinderProxy@7de2e62: window=Window{d87cbf3 u0 com.xes.jazhanghui.activity/com.xes.jazhanghui.activity.mvp.start.StartActivity} Callers=com.android.server.wm.HwWindowManagerService.addWindow:562 com.android.server.wm.Session.addToDisplay:199 android.view.IWindowSession$Stub.onTransact:124 com.android.server.wm.Session.onTransact:161 android.os.Binder.execTransact:675 
05-02 13:10:04.262  1099  8882 D PMS10168: package:com.example.android.notepad, input flags:128, output hwFlags:33554432
05-02 13:10:04.269  1099  8882 D PMS10168: package:com.android.gallery3d, input flags:128, output hwFlags:0
05-02 13:10:04.274  1099  2162 V HwPhoneWindowManager: updateSystemUiColorLw window=Window{d87cbf3 u0 com.xes.jazhanghui.activity/com.xes.jazhanghui.activity.mvp.start.StartActivity},EmuiStyle=0,StatusBarColor=0x0,NavigationBarColor=0xff000000, mLastIsEmuiLightStyle=-1, mForceNotchStatusBar=false
05-02 13:10:04.274  1612  1626 I CommandQueue: updateBarBgColor
05-02 13:10:04.275  1612  1626 D CommandQueue: CommandQueue, setBarBackgroundColor
05-02 13:10:04.275  1099  1099 I WindowManager: notifyAccessibilityButtonVisibilityChanged visible:false
05-02 13:10:04.277  1612  1612 D TintManager: statusBarIconTint=#99FFFFFF,navigationBarIconTint=#FF000000
05-02 13:10:04.280  1099  2162 D PMS10168: package:com.huawei.hidisk, input flags:128, output hwFlags:0
05-02 13:10:04.281  1612  1612 D StatusBarIconController: setIconVisibility icon is null or visibility not change visibility=false
05-02 13:10:04.288  1099  2162 D PMS10168: package:com.huawei.himovie, input flags:128, output hwFlags:0
05-02 13:10:04.295  1099  8882 D PMS10168: package:com.android.mediacenter, input flags:128, output hwFlags:0
05-02 13:10:04.304  1099  8882 D PMS10168: package:com.huawei.android.pushagent, input flags:128, output hwFlags:0
05-02 13:10:04.311  1099  2162 D PMS10168: package:com.huawei.hiskytone, input flags:128, output hwFlags:603979776
05-02 13:10:04.317  1099  8882 D PMS10168: package:com.google.android.youtube, input flags:128, output hwFlags:0
05-02 13:10:04.322 22709 22845 I chatty  : uid=10168(u0_a168) com.xes.jazhanghui.activity expire 1 line
05-02 13:10:04.328  1099  8882 D PMS10168: package:com.xes.jazhanghui.activity, input flags:128, output hwFlags:0
05-02 13:10:04.329  1099  8882 D WindowManager: finishDrawingWindow: Window{d87cbf3 u0 com.xes.jazhanghui.activity/com.xes.jazhanghui.activity.mvp.start.StartActivity} mDrawState=DRAW_PENDING
05-02 13:10:04.329  1099  2162 D PMS10168: package:com.huawei.bone, input flags:128, output hwFlags:67108864
05-02 13:10:04.333  1099  2162 V BroadcastQueue: Finished with ordered broadcast BroadcastRecord{94e9b7c u0 null}
05-02 13:10:04.337  1099  2621 I ActivityManager: wait Launched end, result = 0 who = ComponentInfo{com.xes.jazhanghui.activity/com.xes.jazhanghui.activity.mvp.start.StartActivity}
05-02 13:10:04.340  1099  2621 D PMS10168: package:com.huawei.gamebox, input flags:128, output hwFlags:603979776
05-02 13:10:04.344 22709 22819 I chatty  : uid=10168(u0_a168) com.xes.jazhanghui.activity expire 1 line
05-02 13:10:04.346  1099  2621 D PMS10168: package:com.xes.jazhanghui.activity, input flags:128, output hwFlags:0
05-02 13:10:04.352  1099  2621 D PMS10168: package:com.iflytek.speechsuite, input flags:128, output hwFlags:0
05-02 13:10:04.353  1099  2621 D PMS10168: package:com.xes.jazhanghui.activity, input flags:268436480, output hwFlags:0
05-02 13:10:04.356  1099  2621 V ActivityManager: startProcess: name=io.appium.android.ime app=null knownToBeDead=true thread=null pid=-1
05-02 13:10:04.356  1099  2621 D PMS1000 : package:io.appium.android.ime, input flags:0, output hwFlags:0
