05-10 16:37:21.538   974  2924 I chatty  : uid=1000(system) Binder:974_16 expire 25 lines
05-10 16:37:22.344   773   773 E wificond: Failed to get NL80211_STA_INFO_CNAHLOAD
05-10 16:37:25.361   773   773 E wificond: Failed to get NL80211_STA_INFO_CNAHLOAD
05-10 16:37:25.374   974  7049 I chatty  : uid=1000(system) Binder:974_1A expire 14 lines
05-10 16:37:26.032   974 24556 I chatty  : uid=1000(system) Binder:974_1E expire 34 lines
05-10 16:37:26.319   974  1383 I chatty  : uid=1000(system) sManagerService expire 2 lines
05-10 16:37:26.344  8855  8855 V ActivityThread: ActivityThread,callActivityOnCreate
05-10 16:37:26.396  8855  8855 D ActivityThread: add activity client record, r= ActivityRecord{7ff2a47 token=android.os.BinderProxy@e815805 {com.xes.jazhanghui.activity/com.xes.jazhanghui.activity.mvp.selectcourse.view.ZKSelectCourseListActivity}} token= android.os.BinderProxy@e815805
05-10 16:37:28.237   773   773 E wificond: Failed to get NL80211_STA_INFO_CNAHLOAD
05-10 16:37:28.373   773   773 E wificond: Failed to get NL80211_STA_INFO_CNAHLOAD
05-10 16:37:30.862  8855  8855 V ActivityThread: ActivityThread,callActivityOnCreate
05-10 16:37:30.922  8855  8855 D ActivityThread: add activity client record, r= ActivityRecord{81863aa token=android.os.BinderProxy@eaa81c7 {com.xes.jazhanghui.activity/com.xes.jazhanghui.activity.mvp.courcedetial.view.ZKOffLineCourseDetailActivity}} token= android.os.BinderProxy@eaa81c7
05-10 16:37:30.927   974  1008 I chatty  : uid=1000(system) Binder:974_2 expire 2 lines
05-10 16:37:30.943  1512 13497 I CommandQueue: updateBarBgColor
05-10 16:37:30.943  1512 13497 D CommandQueue: CommandQueue, setBarBackgroundColor
05-10 16:37:30.968   974  1346 I chatty  : uid=1000(system) android.anim expire 3 lines
05-10 16:37:31.388   773   773 E wificond: Failed to get NL80211_STA_INFO_CNAHLOAD
05-10 16:37:32.028   974  1415 I chatty  : uid=1000(system) ConnectivitySer expire 5 lines
05-10 16:37:32.181  1512 13497 I CommandQueue: updateBarBgColor
05-10 16:37:32.181  1512 13497 D CommandQueue: CommandQueue, setBarBackgroundColor
05-10 16:37:32.195   974  2924 I chatty  : uid=1000(system) Binder:974_16 expire 3 lines
05-10 16:37:33.464   974  1502 I chatty  : uid=1000(system) Binder:974_3 expire 27 lines
05-10 16:37:33.466  2660  2782 W SettingsEx: SettingsEx.Systemex.getInt deprecated use Settings.System.getInt instead ;callers=com.huawei.recsys.util.SystemUtil.getNotificationUpdateMode:169 com.huawei.recsys.util.SystemUtil.isAllowUpdate:104 com.huawei.recsys.controller.notification.http.NotificationUpdateController.startNotificationUpdate:85 
05-10 16:37:34.409   773   773 E wificond: Failed to get NL80211_STA_INFO_CNAHLOAD
05-10 16:37:36.035   974  7049 I chatty  : uid=1000(system) Binder:974_1A expire 11 lines
05-10 16:37:36.037   974  1346 I chatty  : uid=1000(system) android.anim expire 17 lines
05-10 16:37:36.240   773   773 E wificond: Failed to get NL80211_STA_INFO_CNAHLOAD
05-10 16:37:36.247   773   773 E wificond: Failed to get NL80211_STA_INFO_CNAHLOAD
05-10 16:37:36.327  8855  8855 D ActivityThread: Remove activity client record, r= ActivityRecord{81863aa token=android.os.BinderProxy@eaa81c7 {com.xes.jazhanghui.activity/com.xes.jazhanghui.activity.mvp.courcedetial.view.ZKOffLineCourseDetailActivity}} token= android.os.BinderProxy@eaa81c7
05-10 16:37:37.436   773   773 E wificond: Failed to get NL80211_STA_INFO_CNAHLOAD
05-10 16:37:37.801   974  1142 I chatty  : uid=1000(system) PowerManagerSer expire 2 lines
05-10 16:37:40.460   773   773 E wificond: Failed to get NL80211_STA_INFO_CNAHLOAD
05-10 16:37:40.472   974  1008 I chatty  : uid=1000(system) Binder:974_2 expire 51 lines
05-10 16:37:41.339   974  1383 I chatty  : uid=1000(system) sManagerService expire 2 lines
05-10 16:37:41.361  8855  8855 V ActivityThread: ActivityThread,callActivityOnCreate
05-10 16:37:41.456  8855  8855 D ActivityThread: add activity client record, r= ActivityRecord{96c6062 token=android.os.BinderProxy@d7b2df9 {com.xes.jazhanghui.activity/com.xes.jazhanghui.activity.mvp.courcedetial.view.ZKOffLineCourseDetailActivity}} token= android.os.BinderProxy@d7b2df9
05-10 16:37:41.480  1512 13497 I CommandQueue: updateBarBgColor
05-10 16:37:41.480  1512 13497 D CommandQueue: CommandQueue, setBarBackgroundColor
05-10 16:37:41.503   974  2924 I chatty  : uid=1000(system) Binder:974_16 expire 18 lines
05-10 16:37:43.483   773   773 E wificond: Failed to get NL80211_STA_INFO_CNAHLOAD
05-10 16:37:43.625   974  1502 I chatty  : uid=1000(system) Binder:974_3 expire 10 lines
05-10 16:37:43.835  1512 13497 I CommandQueue: updateBarBgColor
05-10 16:37:43.835  1512 13497 D CommandQueue: CommandQueue, setBarBackgroundColor
05-10 16:37:44.242   773   773 E wificond: Failed to get NL80211_STA_INFO_CNAHLOAD
05-10 16:37:44.254   773   773 E wificond: Failed to get NL80211_STA_INFO_CNAHLOAD
05-10 16:37:46.425  8855  8855 D ActivityThread: Remove activity client record, r= ActivityRecord{96c6062 token=android.os.BinderProxy@d7b2df9 {com.xes.jazhanghui.activity/com.xes.jazhanghui.activity.mvp.courcedetial.view.ZKOffLineCourseDetailActivity}} token= android.os.BinderProxy@d7b2df9
05-10 16:37:46.495   974  1346 I chatty  : uid=1000(system) android.anim expire 10 lines
05-10 16:37:46.507   773   773 E wificond: Failed to get NL80211_STA_INFO_CNAHLOAD
05-10 16:37:48.976  2660  2782 W SettingsEx: SettingsEx.Systemex.getInt deprecated use Settings.System.getInt instead ;callers=com.huawei.recsys.util.SystemUtil.getNotificationUpdateMode:169 com.huawei.recsys.util.SystemUtil.isAllowUpdate:104 com.huawei.recsys.controller.notification.http.NotificationUpdateController.startNotificationUpdate:85 
05-10 16:37:49.524   773   773 E wificond: Failed to get NL80211_STA_INFO_CNAHLOAD
05-10 16:37:51.652   974 24556 I chatty  : uid=1000(system) Binder:974_1E expire 11 lines
05-10 16:37:52.249   773   773 E wificond: Failed to get NL80211_STA_INFO_CNAHLOAD
05-10 16:37:52.262   773   773 I chatty  : uid=1010(wifi) /system/bin/wificond identical 1 line
05-10 16:37:52.554   773   773 E wificond: Failed to get NL80211_STA_INFO_CNAHLOAD
05-10 16:37:52.568   974  1008 I chatty  : uid=1000(system) Binder:974_2 expire 9 lines
05-10 16:37:53.938   974  2924 I chatty  : uid=1000(system) Binder:974_16 expire 11 lines
05-10 16:37:53.958   974  7049 I chatty  : uid=1000(system) Binder:974_1A expire 18 lines
05-10 16:37:54.050  8855  8855 V ActivityThread: ActivityThread,callActivityOnCreate
05-10 16:37:54.050   974  2781 I chatty  : uid=1000(system) Binder:974_15 expire 24 lines
05-10 16:37:54.114  8855  8855 D ActivityThread: add activity client record, r= ActivityRecord{b66bae0 token=android.os.BinderProxy@58d8d05 {com.xes.jazhanghui.activity/com.xes.jazhanghui.activity.mvp.courcedetial.view.ZKOffLineCourseDetailActivity}} token= android.os.BinderProxy@58d8d05
05-10 16:37:54.129  1512 23310 I CommandQueue: updateBarBgColor
05-10 16:37:54.129  1512 23310 D CommandQueue: CommandQueue, setBarBackgroundColor
05-10 16:37:54.144   974  1502 I chatty  : uid=1000(system) Binder:974_3 expire 11 lines
05-10 16:37:55.288  1512 23310 I CommandQueue: updateBarBgColor
05-10 16:37:55.288  1512 23310 D CommandQueue: CommandQueue, setBarBackgroundColor
05-10 16:37:55.586   773   773 E wificond: Failed to get NL80211_STA_INFO_CNAHLOAD
05-10 16:37:58.624   773   773 E wificond: Failed to get NL80211_STA_INFO_CNAHLOAD
05-10 16:37:58.802  2660  2782 W SettingsEx: SettingsEx.Systemex.getInt deprecated use Settings.System.getInt instead ;callers=com.huawei.recsys.util.SystemUtil.getNotificationUpdateMode:169 com.huawei.recsys.util.SystemUtil.isAllowUpdate:104 com.huawei.recsys.controller.notification.http.NotificationUpdateController.startNotificationUpdate:85 
05-10 16:38:00.004   974   974 I chatty  : uid=1000 system_server expire 4 lines
05-10 16:38:00.244   773   773 E wificond: Failed to get NL80211_STA_INFO_CNAHLOAD
05-10 16:38:00.252   773   773 E wificond: Failed to get NL80211_STA_INFO_CNAHLOAD
05-10 16:38:01.643   773   773 E wificond: Failed to get NL80211_STA_INFO_CNAHLOAD
05-10 16:38:02.742   974  1352 I chatty  : uid=1000(system) UEventObserver expire 2 lines
05-10 16:38:04.664   773   773 E wificond: Failed to get NL80211_STA_INFO_CNAHLOAD
05-10 16:38:04.679   974  7049 I chatty  : uid=1000(system) Binder:974_1A expire 5 lines
05-10 16:38:05.247   974  1809 I chatty  : uid=1000(system) watchdog expire 1 line
05-10 16:38:07.692   773   773 E wificond: Failed to get NL80211_STA_INFO_CNAHLOAD
05-10 16:38:08.251   773   773 E wificond: Failed to get NL80211_STA_INFO_CNAHLOAD
05-10 16:38:08.264   773   773 E wificond: Failed to get NL80211_STA_INFO_CNAHLOAD
05-10 16:38:09.092   974  1119 I chatty  : uid=1000(system) android.bg expire 1 line
05-10 16:38:10.733   773   773 E wificond: Failed to get NL80211_STA_INFO_CNAHLOAD
05-10 16:38:13.780   773   773 E wificond: Failed to get NL80211_STA_INFO_CNAHLOAD
05-10 16:38:13.794   974 24556 I chatty  : uid=1000(system) Binder:974_1E expire 1 line
05-10 16:38:13.798   974  1502 I chatty  : uid=1000(system) Binder:974_3 expire 11 lines
05-10 16:38:16.017   974  2781 I chatty  : uid=1000(system) Binder:974_15 expire 2 lines
05-10 16:38:16.248   773   773 E wificond: Failed to get NL80211_STA_INFO_CNAHLOAD
05-10 16:38:16.265   773   773 E wificond: Failed to get NL80211_STA_INFO_CNAHLOAD
05-10 16:38:16.287   974  1346 I chatty  : uid=1000(system) android.anim expire 24 lines
05-10 16:38:16.812   773   773 E wificond: Failed to get NL80211_STA_INFO_CNAHLOAD
05-10 16:38:17.306   974 24556 I chatty  : uid=1000(system) Binder:974_1E expire 46 lines
05-10 16:38:17.325   974  2781 I chatty  : uid=1000(system) Binder:974_15 expire 13 lines
05-10 16:38:17.336   974  1383 I chatty  : uid=1000(system) sManagerService expire 3 lines
05-10 16:38:17.344   974  7049 I chatty  : uid=1000(system) Binder:974_1A expire 9 lines
05-10 16:38:17.357  8855  8855 V ActivityThread: ActivityThread,callActivityOnCreate
05-10 16:38:17.392  8855  8855 D ActivityThread: add activity client record, r= ActivityRecord{cb620cc token=android.os.BinderProxy@e9d589c {com.xes.jazhanghui.activity/com.xes.jazhanghui.activity.mvp.courcedetial.view.ZhiKangPaySuccActivity}} token= android.os.BinderProxy@e9d589c
05-10 16:38:17.411   974  1502 I chatty  : uid=1000(system) Binder:974_3 expire 25 lines
05-10 16:38:17.786  8855  8855 D ActivityThread: Remove activity client record, r= ActivityRecord{b66bae0 token=android.os.BinderProxy@58d8d05 {com.xes.jazhanghui.activity/com.xes.jazhanghui.activity.mvp.courcedetial.view.ZKOffLineCourseDetailActivity}} token= android.os.BinderProxy@58d8d05
05-10 16:38:19.831   773   773 E wificond: Failed to get NL80211_STA_INFO_CNAHLOAD
05-10 16:38:21.426  8855  8855 D ActivityThread: Remove activity client record, r= ActivityRecord{cb620cc token=android.os.BinderProxy@e9d589c {com.xes.jazhanghui.activity/com.xes.jazhanghui.activity.mvp.courcedetial.view.ZhiKangPaySuccActivity}} token= android.os.BinderProxy@e9d589c
05-10 16:38:22.856   773   773 E wificond: Failed to get NL80211_STA_INFO_CNAHLOAD
05-10 16:38:23.025   974  1415 I chatty  : uid=1000(system) ConnectivitySer expire 6 lines
05-10 16:38:23.586   974   974 I chatty  : uid=1000 system_server expire 6 lines
05-10 16:38:24.041   974  2924 I chatty  : uid=1000(system) Binder:974_16 expire 22 lines
05-10 16:38:24.252   773   773 E wificond: Failed to get NL80211_STA_INFO_CNAHLOAD
05-10 16:38:24.260   773   773 I chatty  : uid=1010(wifi) /system/bin/wificond identical 3 lines
05-10 16:38:25.889   773   773 E wificond: Failed to get NL80211_STA_INFO_CNAHLOAD
05-10 16:38:25.909   974  1008 I chatty  : uid=1000(system) Binder:974_2 expire 26 lines
05-10 16:38:25.962  8855  8855 V ActivityThread: ActivityThread,callActivityOnCreate
05-10 16:38:26.033  8855  8855 D ActivityThread: add activity client record, r= ActivityRecord{52abfa1 token=android.os.BinderProxy@b24d3e2 {com.xes.jazhanghui.activity/com.xes.jazhanghui.activity.mvp.courcedetial.view.ZKOffLineCourseDetailActivity}} token= android.os.BinderProxy@b24d3e2
05-10 16:38:26.051  1512 13497 I CommandQueue: updateBarBgColor
05-10 16:38:26.052  1512 13497 D CommandQueue: CommandQueue, setBarBackgroundColor
05-10 16:38:27.603 10046 10046 D ActivityThread: ActivityThread,attachApplication
05-10 16:38:27.626   974 24556 I chatty  : uid=1000(system) Binder:974_1E expire 8 lines
05-10 16:38:27.626  1512 13497 I CommandQueue: updateBarBgColor
05-10 16:38:27.626  1512 13497 D CommandQueue: CommandQueue, setBarBackgroundColor
05-10 16:38:28.914   773   773 E wificond: Failed to get NL80211_STA_INFO_CNAHLOAD
05-10 16:38:31.949   773   773 E wificond: Failed to get NL80211_STA_INFO_CNAHLOAD
05-10 16:38:32.260   773   773 E wificond: Failed to get NL80211_STA_INFO_CNAHLOAD
05-10 16:38:32.274   773   773 E wificond: Failed to get NL80211_STA_INFO_CNAHLOAD
05-10 16:38:32.958   974  1352 I chatty  : uid=1000(system) UEventObserver expire 2 lines
05-10 16:38:34.972   773   773 E wificond: Failed to get NL80211_STA_INFO_CNAHLOAD
05-10 16:38:34.988   974  2924 I chatty  : uid=1000(system) Binder:974_16 expire 10 lines
05-10 16:38:35.249   974  1809 I chatty  : uid=1000(system) watchdog expire 1 line
05-10 16:38:37.996   773   773 E wificond: Failed to get NL80211_STA_INFO_CNAHLOAD
05-10 16:38:40.262   773   773 E wificond: Failed to get NL80211_STA_INFO_CNAHLOAD
05-10 16:38:41.025   773   773 E wificond: Failed to get NL80211_STA_INFO_CNAHLOAD
05-10 16:38:41.097   974  1140 I chatty  : uid=1000(system) CpuTracker expire 1 line
05-10 16:38:44.052   773   773 E wificond: Failed to get NL80211_STA_INFO_CNAHLOAD
05-10 16:38:47.083   773   773 E wificond: Failed to get NL80211_STA_INFO_CNAHLOAD
05-10 16:38:48.262   773   773 E wificond: Failed to get NL80211_STA_INFO_CNAHLOAD
05-10 16:38:50.107   773   773 E wificond: Failed to get NL80211_STA_INFO_CNAHLOAD
05-10 16:38:50.124   974  2924 I chatty  : uid=1000(system) Binder:974_16 expire 16 lines
05-10 16:38:51.749   974  1008 I chatty  : uid=1000(system) Binder:974_2 expire 34 lines
05-10 16:38:53.125   773   773 E wificond: Failed to get NL80211_STA_INFO_CNAHLOAD
05-10 16:38:55.122   974  1346 I chatty  : uid=1000(system) android.anim expire 15 lines
05-10 16:38:55.407  8855  8855 D ActivityThread: Remove activity client record, r= ActivityRecord{52abfa1 token=android.os.BinderProxy@b24d3e2 {com.xes.jazhanghui.activity/com.xes.jazhanghui.activity.mvp.courcedetial.view.ZKOffLineCourseDetailActivity}} token= android.os.BinderProxy@b24d3e2
05-10 16:38:56.142   773   773 E wificond: Failed to get NL80211_STA_INFO_CNAHLOAD
05-10 16:38:56.163   974  1008 I chatty  : uid=1000(system) Binder:974_2 expire 11 lines
05-10 16:38:56.265   773   773 E wificond: Failed to get NL80211_STA_INFO_CNAHLOAD
05-10 16:38:56.272   773   773 I chatty  : uid=1010(wifi) /system/bin/wificond identical 3 lines
05-10 16:38:59.170   773   773 E wificond: Failed to get NL80211_STA_INFO_CNAHLOAD
05-10 16:39:00.004   974   974 I chatty  : uid=1000 system_server expire 6 lines
05-10 16:39:00.280   974  2924 I chatty  : uid=1000(system) Binder:974_16 expire 20 lines
05-10 16:39:00.732   974  1502 I chatty  : uid=1000(system) Binder:974_3 expire 21 lines
05-10 16:39:02.138   974 24556 I chatty  : uid=1000(system) Binder:974_1E expire 17 lines
05-10 16:39:02.191   974  1383 I chatty  : uid=1000(system) sManagerService expire 2 lines
05-10 16:39:02.204   773   773 E wificond: Failed to get NL80211_STA_INFO_CNAHLOAD
05-10 16:39:02.215  8855  8855 V ActivityThread: ActivityThread,callActivityOnCreate
05-10 16:39:02.262  8855  8855 D ActivityThread: add activity client record, r= ActivityRecord{ada5fd7 token=android.os.BinderProxy@f61ada0 {com.xes.jazhanghui.activity/com.xes.jazhanghui.activity.mvp.courcedetial.view.ZKOffLineCourseDetailActivity}} token= android.os.BinderProxy@f61ada0
05-10 16:39:02.286  1512 23310 I CommandQueue: updateBarBgColor
05-10 16:39:02.286  1512 23310 D CommandQueue: CommandQueue, setBarBackgroundColor
05-10 16:39:02.313   974  7049 I chatty  : uid=1000(system) Binder:974_1A expire 14 lines
05-10 16:39:03.148   974  1352 I chatty  : uid=1000(system) UEventObserver expire 2 lines
05-10 16:39:03.371  1512  1538 I CommandQueue: updateBarBgColor
05-10 16:39:03.371  1512  1538 D CommandQueue: CommandQueue, setBarBackgroundColor
05-10 16:39:04.264   773   773 E wificond: Failed to get NL80211_STA_INFO_CNAHLOAD
05-10 16:39:05.222   773   773 E wificond: Failed to get NL80211_STA_INFO_CNAHLOAD
05-10 16:39:05.251   974  1809 I chatty  : uid=1000(system) watchdog expire 1 line
05-10 16:39:06.763   974  2781 I chatty  : uid=1000(system) Binder:974_15 expire 28 lines
05-10 16:39:06.819   974  1346 I chatty  : uid=1000(system) android.anim expire 16 lines
05-10 16:39:07.098  8855  8855 D ActivityThread: Remove activity client record, r= ActivityRecord{ada5fd7 token=android.os.BinderProxy@f61ada0 {com.xes.jazhanghui.activity/com.xes.jazhanghui.activity.mvp.courcedetial.view.ZKOffLineCourseDetailActivity}} token= android.os.BinderProxy@f61ada0
05-10 16:39:08.248   773   773 E wificond: Failed to get NL80211_STA_INFO_CNAHLOAD
05-10 16:39:09.456  2660  2782 W SettingsEx: SettingsEx.Systemex.getInt deprecated use Settings.System.getInt instead ;callers=com.huawei.recsys.util.SystemUtil.getNotificationUpdateMode:169 com.huawei.recsys.util.SystemUtil.isAllowUpdate:104 com.huawei.recsys.controller.notification.http.NotificationUpdateController.startNotificationUpdate:85 
05-10 16:39:11.284   773   773 E wificond: Failed to get NL80211_STA_INFO_CNAHLOAD
05-10 16:39:11.775   974  1502 I chatty  : uid=1000(system) Binder:974_3 expire 7 lines
05-10 16:39:11.890   974  2924 I chatty  : uid=1000(system) Binder:974_16 expire 1 line
05-10 16:39:12.158  8855  8855 D ActivityThread: Remove activity client record, r= ActivityRecord{7ff2a47 token=android.os.BinderProxy@e815805 {com.xes.jazhanghui.activity/com.xes.jazhanghui.activity.mvp.selectcourse.view.ZKSelectCourseListActivity}} token= android.os.BinderProxy@e815805
05-10 16:39:12.160   974 24556 I chatty  : uid=1000(system) Binder:974_1E expire 10 lines
05-10 16:39:12.189   974  1415 I chatty  : uid=1000(system) ConnectivitySer expire 7 lines
05-10 16:39:12.267   773   773 E wificond: Failed to get NL80211_STA_INFO_CNAHLOAD
05-10 16:39:12.272   773   773 E wificond: Failed to get NL80211_STA_INFO_CNAHLOAD
05-10 16:39:14.301   773   773 E wificond: Failed to get NL80211_STA_INFO_CNAHLOAD
05-10 16:39:17.327   773   773 E wificond: Failed to get NL80211_STA_INFO_CNAHLOAD
05-10 16:39:19.403   974  1008 I chatty  : uid=1000(system) Binder:974_2 expire 14 lines
05-10 16:39:19.430  8855  8855 V ActivityThread: ActivityThread,callActivityOnCreate
05-10 16:39:19.506  8855  8855 D ActivityThread: add activity client record, r= ActivityRecord{4c0c1c0 token=android.os.BinderProxy@1c52139 {com.xes.jazhanghui.activity/com.xes.jazhanghui.activity.mvp.web.AppWebViewActivity}} token= android.os.BinderProxy@1c52139
05-10 16:39:19.516   974  1504 I chatty  : uid=1000(system) Binder:974_5 expire 26 lines
05-10 16:39:19.528   974  1905 I chatty  : uid=1000(system) Binder:974_7 expire 33 lines
05-10 16:39:19.573   974  1346 I chatty  : uid=1000(system) android.anim expire 8 lines
05-10 16:39:20.269   773   773 E wificond: Failed to get NL80211_STA_INFO_CNAHLOAD
05-10 16:39:20.340   773   773 E wificond: Failed to get NL80211_STA_INFO_CNAHLOAD
05-10 16:39:21.876  2660  2782 W SettingsEx: SettingsEx.Systemex.getInt deprecated use Settings.System.getInt instead ;callers=com.huawei.recsys.util.SystemUtil.getNotificationUpdateMode:169 com.huawei.recsys.util.SystemUtil.isAllowUpdate:104 com.huawei.recsys.controller.notification.http.NotificationUpdateController.startNotificationUpdate:85 
05-10 16:39:21.892   974  7049 I chatty  : uid=1000(system) Binder:974_1A expire 12 lines
05-10 16:39:23.357   773   773 E wificond: Failed to get NL80211_STA_INFO_CNAHLOAD
05-10 16:39:23.478  8855  8855 D ActivityThread: Remove activity client record, r= ActivityRecord{4c0c1c0 token=android.os.BinderProxy@1c52139 {com.xes.jazhanghui.activity/com.xes.jazhanghui.activity.mvp.web.AppWebViewActivity}} token= android.os.BinderProxy@1c52139
05-10 16:39:23.533   974  1346 I chatty  : uid=1000(system) android.anim expire 10 lines
05-10 16:39:24.124   974  1905 I chatty  : uid=1000(system) Binder:974_7 expire 11 lines
05-10 16:39:24.133   974  1504 I chatty  : uid=1000(system) Binder:974_5 expire 35 lines
05-10 16:39:24.137   974 24556 I chatty  : uid=1000(system) Binder:974_1E expire 24 lines
05-10 16:39:26.373   773   773 E wificond: Failed to get NL80211_STA_INFO_CNAHLOAD
05-10 16:39:28.279   773   773 E wificond: Failed to get NL80211_STA_INFO_CNAHLOAD
05-10 16:39:28.294   773   773 E wificond: Failed to get NL80211_STA_INFO_CNAHLOAD
05-10 16:39:29.395   773   773 E wificond: Failed to get NL80211_STA_INFO_CNAHLOAD
05-10 16:39:30.324   974  1383 I chatty  : uid=1000(system) sManagerService expire 3 lines
05-10 16:39:30.340  8855  8855 V ActivityThread: ActivityThread,callActivityOnCreate
05-10 16:39:30.427  8855  8855 D ActivityThread: add activity client record, r= ActivityRecord{3e6d6bd token=android.os.BinderProxy@52c8371 {com.xes.jazhanghui.activity/com.xes.jazhanghui.activity.mvp.selectcourse.view.SelectCourseListActivity}} token= android.os.BinderProxy@52c8371
05-10 16:39:30.435   974  1008 I chatty  : uid=1000(system) Binder:974_2 expire 16 lines
05-10 16:39:32.415   773   773 E wificond: Failed to get NL80211_STA_INFO_CNAHLOAD
05-10 16:39:32.935   974  1142 I chatty  : uid=1000(system) PowerManagerSer expire 1 line
05-10 16:39:33.357   974  1352 I chatty  : uid=1000(system) UEventObserver expire 2 lines
05-10 16:39:33.377   974   974 I chatty  : uid=1000 system_server expire 4 lines
05-10 16:39:33.678  2660  2782 W SettingsEx: SettingsEx.Systemex.getInt deprecated use Settings.System.getInt instead ;callers=com.huawei.recsys.util.SystemUtil.getNotificationUpdateMode:169 com.huawei.recsys.util.SystemUtil.isAllowUpdate:104 com.huawei.recsys.controller.notification.http.NotificationUpdateController.startNotificationUpdate:85 
05-10 16:39:35.042   974  7049 I chatty  : uid=1000(system) Binder:974_1A expire 14 lines
05-10 16:39:35.054  8855  8855 V ActivityThread: ActivityThread,callActivityOnCreate
05-10 16:39:35.093  8855  8855 D ActivityThread: add activity client record, r= ActivityRecord{dc9d637 token=android.os.BinderProxy@5c779ae {com.xes.jazhanghui.activity/com.xes.jazhanghui.activity.mvp.ucenter.view.activity.TeacherInfoActivity}} token= android.os.BinderProxy@5c779ae
05-10 16:39:35.102   974  1905 I chatty  : uid=1000(system) Binder:974_7 expire 23 lines
05-10 16:39:35.147   974  1346 I chatty  : uid=1000(system) android.anim expire 14 lines
05-10 16:39:35.154   974  1502 I chatty  : uid=1000(system) Binder:974_3 expire 17 lines
05-10 16:39:35.252   974  1809 I chatty  : uid=1000(system) watchdog expire 1 line
05-10 16:39:35.428   773   773 E wificond: Failed to get NL80211_STA_INFO_CNAHLOAD
05-10 16:39:35.500   974 24556 I chatty  : uid=1000(system) Binder:974_1E expire 35 lines
05-10 16:39:36.275   773   773 E wificond: Failed to get NL80211_STA_INFO_CNAHLOAD
05-10 16:39:36.283   773   773 I chatty  : uid=1010(wifi) /system/bin/wificond identical 3 lines
05-10 16:39:38.447   773   773 E wificond: Failed to get NL80211_STA_INFO_CNAHLOAD
05-10 16:39:40.365  8855  8855 D ActivityThread: Remove activity client record, r= ActivityRecord{dc9d637 token=android.os.BinderProxy@5c779ae {com.xes.jazhanghui.activity/com.xes.jazhanghui.activity.mvp.ucenter.view.activity.TeacherInfoActivity}} token= android.os.BinderProxy@5c779ae
05-10 16:39:41.471   773   773 E wificond: Failed to get NL80211_STA_INFO_CNAHLOAD
05-10 16:39:44.283   773   773 E wificond: Failed to get NL80211_STA_INFO_CNAHLOAD
05-10 16:39:44.493   773   773 E wificond: Failed to get NL80211_STA_INFO_CNAHLOAD
05-10 16:39:44.847  8855  8855 V ActivityThread: ActivityThread,callActivityOnCreate
05-10 16:39:44.930  8855  8855 D ActivityThread: add activity client record, r= ActivityRecord{66a64c7 token=android.os.BinderProxy@453352a {com.xes.jazhanghui.activity/com.xes.jazhanghui.activity.mvp.courcedetial.view.PYOnlineCourceDetialActivity}} token= android.os.BinderProxy@453352a
05-10 16:39:47.515   773   773 E wificond: Failed to get NL80211_STA_INFO_CNAHLOAD
05-10 16:39:47.544   974  1905 I chatty  : uid=1000(system) Binder:974_7 expire 5 lines
05-10 16:39:49.672   974 24556 I chatty  : uid=1000(system) Binder:974_1E expire 2 lines
05-10 16:39:50.132   974  1346 I chatty  : uid=1000(system) android.anim expire 10 lines
05-10 16:39:50.533   773   773 E wificond: Failed to get NL80211_STA_INFO_CNAHLOAD
05-10 16:39:51.884   974  7049 I chatty  : uid=1000(system) Binder:974_1A expire 5 lines
05-10 16:39:52.280   773   773 E wificond: Failed to get NL80211_STA_INFO_CNAHLOAD
05-10 16:39:53.558   773   773 E wificond: Failed to get NL80211_STA_INFO_CNAHLOAD
05-10 16:39:53.573   974  1504 I chatty  : uid=1000(system) Binder:974_5 expire 8 lines
05-10 16:39:54.228   974  1008 I chatty  : uid=1000(system) Binder:974_2 expire 6 lines
05-10 16:39:54.278   974  2781 I chatty  : uid=1000(system) Binder:974_15 expire 6 lines
05-10 16:39:56.583   773   773 E wificond: Failed to get NL80211_STA_INFO_CNAHLOAD
05-10 16:39:59.603   773   773 E wificond: Failed to get NL80211_STA_INFO_CNAHLOAD
05-10 16:39:59.620   974  1502 I chatty  : uid=1000(system) Binder:974_3 expire 13 lines
05-10 16:40:00.003   974   974 I chatty  : uid=1000 system_server expire 9 lines
05-10 16:40:00.199   974  1504 I chatty  : uid=1000(system) Binder:974_5 expire 14 lines
05-10 16:40:00.282   773   773 E wificond: Failed to get NL80211_STA_INFO_CNAHLOAD
05-10 16:40:00.289   773   773 I chatty  : uid=1010(wifi) /system/bin/wificond identical 6 lines
05-10 16:40:02.632   773   773 E wificond: Failed to get NL80211_STA_INFO_CNAHLOAD
05-10 16:40:02.982   974  1142 I chatty  : uid=1000(system) PowerManagerSer expire 3 lines
05-10 16:40:03.567   974  1352 I chatty  : uid=1000(system) UEventObserver expire 4 lines
05-10 16:40:05.253   974  1809 I chatty  : uid=1000(system) watchdog expire 2 lines
05-10 16:40:05.654   773   773 E wificond: Failed to get NL80211_STA_INFO_CNAHLOAD
05-10 16:40:05.665   974  7049 I chatty  : uid=1000(system) Binder:974_1A expire 10 lines
05-10 16:40:08.280   773   773 E wificond: Failed to get NL80211_STA_INFO_CNAHLOAD
05-10 16:40:08.674   773   773 E wificond: Failed to get NL80211_STA_INFO_CNAHLOAD
05-10 16:40:11.699   773   773 E wificond: Failed to get NL80211_STA_INFO_CNAHLOAD
05-10 16:40:11.710   974  1008 I chatty  : uid=1000(system) Binder:974_2 expire 11 lines
05-10 16:40:12.709   974 24556 I chatty  : uid=1000(system) Binder:974_1E expire 10 lines
05-10 16:40:12.953   974  1346 I chatty  : uid=1000(system) android.anim expire 10 lines
05-10 16:40:14.716   773   773 E wificond: Failed to get NL80211_STA_INFO_CNAHLOAD
05-10 16:40:16.281   773   773 E wificond: Failed to get NL80211_STA_INFO_CNAHLOAD
05-10 16:40:17.736   773   773 E wificond: Failed to get NL80211_STA_INFO_CNAHLOAD
05-10 16:40:20.756   773   773 E wificond: Failed to get NL80211_STA_INFO_CNAHLOAD
05-10 16:40:23.783   773   773 E wificond: Failed to get NL80211_STA_INFO_CNAHLOAD
05-10 16:40:23.792   974  1008 I chatty  : uid=1000(system) Binder:974_2 expire 12 lines
05-10 16:40:24.287   773   773 E wificond: Failed to get NL80211_STA_INFO_CNAHLOAD
05-10 16:40:26.805   773   773 E wificond: Failed to get NL80211_STA_INFO_CNAHLOAD
05-10 16:40:29.826   773   773 E wificond: Failed to get NL80211_STA_INFO_CNAHLOAD
05-10 16:40:32.269   974  1396 I chatty  : uid=1000(system) NetworkStats expire 7 lines
05-10 16:40:32.271   974  1395 I chatty  : uid=1000(system) NetdConnector expire 4 lines
05-10 16:40:32.290   773   773 E wificond: Failed to get NL80211_STA_INFO_CNAHLOAD
05-10 16:40:32.296   773   773 E wificond: Failed to get NL80211_STA_INFO_CNAHLOAD
05-10 16:40:32.856   773   773 E wificond: Failed to get NL80211_STA_INFO_CNAHLOAD
05-10 16:40:34.641   974  1502 I chatty  : uid=1000(system) Binder:974_3 expire 15 lines
05-10 16:40:35.879   773   773 E wificond: Failed to get NL80211_STA_INFO_CNAHLOAD
05-10 16:40:35.897   974  7049 I chatty  : uid=1000(system) Binder:974_1A expire 1 line
05-10 16:40:35.898   974  1008 I chatty  : uid=1000(system) Binder:974_2 expire 41 lines
05-10 16:40:37.782   974  1383 I chatty  : uid=1000(system) sManagerService expire 3 lines
05-10 16:40:37.805  8855  8855 V ActivityThread: ActivityThread,callActivityOnCreate
05-10 16:40:37.840  8855  8855 D ActivityThread: add activity client record, r= ActivityRecord{9c50d3c token=android.os.BinderProxy@a1f7f74 {com.xes.jazhanghui.activity/com.xes.jazhanghui.activity.mvp.ucenter.view.activity.TeacherInfoActivity}} token= android.os.BinderProxy@a1f7f74
05-10 16:40:37.895   974  1346 I chatty  : uid=1000(system) android.anim expire 11 lines
05-10 16:40:38.903   773   773 E wificond: Failed to get NL80211_STA_INFO_CNAHLOAD
05-10 16:40:40.294   773   773 E wificond: Failed to get NL80211_STA_INFO_CNAHLOAD
05-10 16:40:41.937   773   773 E wificond: Failed to get NL80211_STA_INFO_CNAHLOAD
05-10 16:40:41.959   974 24556 I chatty  : uid=1000(system) Binder:974_1E expire 25 lines
05-10 16:40:42.684  8855  8855 D ActivityThread: Remove activity client record, r= ActivityRecord{9c50d3c token=android.os.BinderProxy@a1f7f74 {com.xes.jazhanghui.activity/com.xes.jazhanghui.activity.mvp.ucenter.view.activity.TeacherInfoActivity}} token= android.os.BinderProxy@a1f7f74
05-10 16:40:44.962   773   773 E wificond: Failed to get NL80211_STA_INFO_CNAHLOAD
05-10 16:40:47.988   773   773 E wificond: Failed to get NL80211_STA_INFO_CNAHLOAD
05-10 16:40:48.003   974  1008 I chatty  : uid=1000(system) Binder:974_2 expire 16 lines
05-10 16:40:48.292   773   773 E wificond: Failed to get NL80211_STA_INFO_CNAHLOAD
05-10 16:40:48.305   773   773 E wificond: Failed to get NL80211_STA_INFO_CNAHLOAD
05-10 16:40:50.429   974  1504 I chatty  : uid=1000(system) Binder:974_5 expire 13 lines
05-10 16:40:50.519  8855  8855 V ActivityThread: ActivityThread,callActivityOnCreate
05-10 16:40:50.566  8855  8855 D ActivityThread: add activity client record, r= ActivityRecord{2f02f84 token=android.os.BinderProxy@c553a8c {com.xes.jazhanghui.activity/com.xes.jazhanghui.activity.mvp.buycourse.view.ShoppingCartActivity}} token= android.os.BinderProxy@c553a8c
05-10 16:40:50.615   974  1346 I chatty  : uid=1000(system) android.anim expire 7 lines
05-10 16:40:50.622   974  1502 I chatty  : uid=1000(system) Binder:974_3 expire 5 lines
05-10 16:40:51.011   773   773 E wificond: Failed to get NL80211_STA_INFO_CNAHLOAD
05-10 16:40:54.030   773   773 E wificond: Failed to get NL80211_STA_INFO_CNAHLOAD
05-10 16:40:54.041   974 24556 I chatty  : uid=1000(system) Binder:974_1E expire 2 lines
05-10 16:40:56.291   773   773 E wificond: Failed to get NL80211_STA_INFO_CNAHLOAD
05-10 16:40:57.044   773   773 E wificond: Failed to get NL80211_STA_INFO_CNAHLOAD
05-10 16:40:57.421  8855  8855 V ActivityThread: ActivityThread,callActivityOnCreate
05-10 16:40:57.477  8855  8855 D ActivityThread: add activity client record, r= ActivityRecord{afedaca token=android.os.BinderProxy@529380 {com.xes.jazhanghui.activity/com.xes.jazhanghui.activity.mvp.selectcourse.view.SelectCourseListActivity}} token= android.os.BinderProxy@529380
05-10 16:40:57.492   974  2225 I chatty  : uid=1000(system) Binder:974_A expire 35 lines
05-10 16:40:57.516   974  1008 I chatty  : uid=1000(system) Binder:974_2 expire 15 lines
05-10 16:40:57.519   974  1346 I chatty  : uid=1000(system) android.anim expire 11 lines
05-10 16:40:58.879   974  2781 I chatty  : uid=1000(system) Binder:974_15 expire 23 lines
05-10 16:40:59.055  2660  2782 W SettingsEx: SettingsEx.Systemex.getInt deprecated use Settings.System.getInt instead ;callers=com.huawei.recsys.util.SystemUtil.getNotificationUpdateMode:169 com.huawei.recsys.util.SystemUtil.isAllowUpdate:104 com.huawei.recsys.controller.notification.http.NotificationUpdateController.startNotificationUpdate:85 
05-10 16:41:00.002   974   974 I chatty  : uid=1000 system_server expire 4 lines
05-10 16:41:00.061   773   773 E wificond: Failed to get NL80211_STA_INFO_CNAHLOAD
05-10 16:41:02.503   974  1504 I chatty  : uid=1000(system) Binder:974_5 expire 33 lines
05-10 16:41:02.611   974  1383 I chatty  : uid=1000(system) sManagerService expire 3 lines
05-10 16:41:02.631  8855  8855 V ActivityThread: ActivityThread,callActivityOnCreate
05-10 16:41:02.678  8855  8855 D ActivityThread: add activity client record, r= ActivityRecord{bd99673 token=android.os.BinderProxy@a275293 {com.xes.jazhanghui.activity/com.xes.jazhanghui.activity.mvp.courcedetial.view.PYFaceCourceDetialActivity}} token= android.os.BinderProxy@a275293
05-10 16:41:02.685   974  1502 I chatty  : uid=1000(system) Binder:974_3 expire 10 lines
05-10 16:41:03.074   773   773 E wificond: Failed to get NL80211_STA_INFO_CNAHLOAD
05-10 16:41:03.296   974 24556 I chatty  : uid=1000(system) Binder:974_1E expire 22 lines
05-10 16:41:03.985   974  1352 I chatty  : uid=1000(system) UEventObserver expire 2 lines
05-10 16:41:04.292   773   773 E wificond: Failed to get NL80211_STA_INFO_CNAHLOAD
05-10 16:41:04.299   773   773 E wificond: Failed to get NL80211_STA_INFO_CNAHLOAD
05-10 16:41:05.257   974  1809 I chatty  : uid=1000(system) watchdog expire 1 line
05-10 16:41:06.093   773   773 E wificond: Failed to get NL80211_STA_INFO_CNAHLOAD
05-10 16:41:07.259  8855  8855 V ActivityThread: ActivityThread,callActivityOnCreate
05-10 16:41:07.281  8855  8855 D ActivityThread: add activity client record, r= ActivityRecord{26a3d1 token=android.os.BinderProxy@8ded0ae {com.xes.jazhanghui.activity/com.xes.jazhanghui.activity.mvp.ucenter.view.activity.TeacherInfoActivity}} token= android.os.BinderProxy@8ded0ae
05-10 16:41:08.065   974  1142 I chatty  : uid=1000(system) PowerManagerSer expire 1 line
05-10 16:41:09.117   773   773 E wificond: Failed to get NL80211_STA_INFO_CNAHLOAD
05-10 16:41:09.131   974  2781 I chatty  : uid=1000(system) Binder:974_15 expire 28 lines
05-10 16:41:12.032  8855  8855 D ActivityThread: Remove activity client record, r= ActivityRecord{26a3d1 token=android.os.BinderProxy@8ded0ae {com.xes.jazhanghui.activity/com.xes.jazhanghui.activity.mvp.ucenter.view.activity.TeacherInfoActivity}} token= android.os.BinderProxy@8ded0ae
05-10 16:41:12.106   974  1346 I chatty  : uid=1000(system) android.anim expire 14 lines
05-10 16:41:12.134   773   773 E wificond: Failed to get NL80211_STA_INFO_CNAHLOAD
05-10 16:41:12.295   773   773 E wificond: Failed to get NL80211_STA_INFO_CNAHLOAD
05-10 16:41:12.302   773   773 I chatty  : uid=1010(wifi) /system/bin/wificond identical 2 lines
05-10 16:41:15.152   773   773 E wificond: Failed to get NL80211_STA_INFO_CNAHLOAD
05-10 16:41:16.907   974  2225 I chatty  : uid=1000(system) Binder:974_A expire 21 lines
05-10 16:41:16.952   974  1504 I chatty  : uid=1000(system) Binder:974_5 expire 19 lines
05-10 16:41:17.265  8855  8855 D ActivityThread: Remove activity client record, r= ActivityRecord{bd99673 token=android.os.BinderProxy@a275293 {com.xes.jazhanghui.activity/com.xes.jazhanghui.activity.mvp.courcedetial.view.PYFaceCourceDetialActivity}} token= android.os.BinderProxy@a275293
05-10 16:41:18.179   773   773 E wificond: Failed to get NL80211_STA_INFO_CNAHLOAD
05-10 16:41:20.300   773   773 E wificond: Failed to get NL80211_STA_INFO_CNAHLOAD
05-10 16:41:21.207   773   773 E wificond: Failed to get NL80211_STA_INFO_CNAHLOAD
05-10 16:41:24.244   773   773 E wificond: Failed to get NL80211_STA_INFO_CNAHLOAD
05-10 16:41:25.114  8855  8855 V ActivityThread: ActivityThread,callActivityOnCreate
05-10 16:41:25.144  8855  8855 D ActivityThread: add activity client record, r= ActivityRecord{42d1824 token=android.os.BinderProxy@e7ceb5c {com.xes.jazhanghui.activity/com.xes.jazhanghui.activity.mvp.ucenter.view.activity.TeacherInfoActivity}} token= android.os.BinderProxy@e7ceb5c
05-10 16:41:25.150   974  2781 I chatty  : uid=1000(system) Binder:974_15 expire 7 lines
05-10 16:41:25.187   974  1346 I chatty  : uid=1000(system) android.anim expire 2 lines
05-10 16:41:25.192   974  1502 I chatty  : uid=1000(system) Binder:974_3 expire 12 lines
05-10 16:41:25.501   974  1346 I chatty  : uid=1000(system) android.anim expire 13 lines
05-10 16:41:25.533   974 24556 I chatty  : uid=1000(system) Binder:974_1E expire 22 lines
05-10 16:41:27.269   773   773 E wificond: Failed to get NL80211_STA_INFO_CNAHLOAD
05-10 16:41:28.300   773   773 E wificond: Failed to get NL80211_STA_INFO_CNAHLOAD
05-10 16:41:28.310   773   773 E wificond: Failed to get NL80211_STA_INFO_CNAHLOAD
05-10 16:41:29.570   974  1504 I chatty  : uid=1000(system) Binder:974_5 expire 10 lines
05-10 16:41:29.920  8855  8855 D ActivityThread: Remove activity client record, r= ActivityRecord{42d1824 token=android.os.BinderProxy@e7ceb5c {com.xes.jazhanghui.activity/com.xes.jazhanghui.activity.mvp.ucenter.view.activity.TeacherInfoActivity}} token= android.os.BinderProxy@e7ceb5c
05-10 16:41:29.926   974  2225 I chatty  : uid=1000(system) Binder:974_A expire 48 lines
05-10 16:41:30.295   773   773 E wificond: Failed to get NL80211_STA_INFO_CNAHLOAD
05-10 16:41:33.329   773   773 E wificond: Failed to get NL80211_STA_INFO_CNAHLOAD
05-10 16:41:33.654   974   974 I chatty  : uid=1000 system_server expire 4 lines
05-10 16:41:34.198   974  1352 I chatty  : uid=1000(system) UEventObserver expire 2 lines
05-10 16:41:35.259   974  1809 I chatty  : uid=1000(system) watchdog expire 1 line
05-10 16:41:35.630   974  1383 I chatty  : uid=1000(system) sManagerService expire 3 lines
05-10 16:41:35.655  8855  8855 V ActivityThread: ActivityThread,callActivityOnCreate
05-10 16:41:35.696  8855  8855 D ActivityThread: add activity client record, r= ActivityRecord{eb66ff1 token=android.os.BinderProxy@b635676 {com.xes.jazhanghui.activity/com.xes.jazhanghui.activity.mvp.courcedetial.view.PYOnlineCourceDetialActivity}} token= android.os.BinderProxy@b635676
05-10 16:41:35.713   974 24556 I chatty  : uid=1000(system) Binder:974_1E expire 31 lines
05-10 16:41:35.742   974  1346 I chatty  : uid=1000(system) android.anim expire 14 lines
05-10 16:41:36.164  2660  2782 W SettingsEx: SettingsEx.Systemex.getInt deprecated use Settings.System.getInt instead ;callers=com.huawei.recsys.util.SystemUtil.getNotificationUpdateMode:169 com.huawei.recsys.util.SystemUtil.isAllowUpdate:104 com.huawei.recsys.controller.notification.http.NotificationUpdateController.startNotificationUpdate:85 
05-10 16:41:36.304   773   773 E wificond: Failed to get NL80211_STA_INFO_CNAHLOAD
05-10 16:41:36.312   773   773 I chatty  : uid=1010(wifi) /system/bin/wificond identical 2 lines
05-10 16:41:36.354   773   773 E wificond: Failed to get NL80211_STA_INFO_CNAHLOAD
05-10 16:41:36.379   974  1008 I chatty  : uid=1000(system) Binder:974_2 expire 3 lines
05-10 16:41:38.114   974  1142 I chatty  : uid=1000(system) PowerManagerSer expire 1 line
05-10 16:41:39.377   773   773 E wificond: Failed to get NL80211_STA_INFO_CNAHLOAD
05-10 16:41:40.298  8855  8855 V ActivityThread: ActivityThread,callActivityOnCreate
05-10 16:41:40.323  8855  8855 D ActivityThread: add activity client record, r= ActivityRecord{4211af7 token=android.os.BinderProxy@184e2a5 {com.xes.jazhanghui.activity/com.xes.jazhanghui.activity.mvp.ucenter.view.activity.TeacherInfoActivity}} token= android.os.BinderProxy@184e2a5
05-10 16:41:40.327   974  2781 I chatty  : uid=1000(system) Binder:974_15 expire 38 lines
05-10 16:41:42.400   773   773 E wificond: Failed to get NL80211_STA_INFO_CNAHLOAD
05-10 16:41:44.304   773   773 E wificond: Failed to get NL80211_STA_INFO_CNAHLOAD
05-10 16:41:44.313   773   773 E wificond: Failed to get NL80211_STA_INFO_CNAHLOAD
05-10 16:41:44.595   974  1502 I chatty  : uid=1000(system) Binder:974_3 expire 26 lines
05-10 16:41:44.627   974  1504 I chatty  : uid=1000(system) Binder:974_5 expire 1 line
05-10 16:41:44.890  8855  8855 D ActivityThread: Remove activity client record, r= ActivityRecord{4211af7 token=android.os.BinderProxy@184e2a5 {com.xes.jazhanghui.activity/com.xes.jazhanghui.activity.mvp.ucenter.view.activity.TeacherInfoActivity}} token= android.os.BinderProxy@184e2a5
05-10 16:41:45.422   773   773 E wificond: Failed to get NL80211_STA_INFO_CNAHLOAD
05-10 16:41:48.448   773   773 E wificond: Failed to get NL80211_STA_INFO_CNAHLOAD
05-10 16:41:49.571   974 24556 I chatty  : uid=1000(system) Binder:974_1E expire 14 lines
05-10 16:41:49.624   974  1346 I chatty  : uid=1000(system) android.anim expire 8 lines
05-10 16:41:49.913  8855  8855 D ActivityThread: Remove activity client record, r= ActivityRecord{eb66ff1 token=android.os.BinderProxy@b635676 {com.xes.jazhanghui.activity/com.xes.jazhanghui.activity.mvp.courcedetial.view.PYOnlineCourceDetialActivity}} token= android.os.BinderProxy@b635676
05-10 16:41:51.473   773   773 E wificond: Failed to get NL80211_STA_INFO_CNAHLOAD
05-10 16:41:52.302   773   773 E wificond: Failed to get NL80211_STA_INFO_CNAHLOAD
05-10 16:41:54.498   773   773 E wificond: Failed to get NL80211_STA_INFO_CNAHLOAD
05-10 16:41:56.908   974  2781 I chatty  : uid=1000(system) Binder:974_15 expire 9 lines
05-10 16:41:56.981  8855  8855 V ActivityThread: ActivityThread,callActivityOnCreate
05-10 16:41:57.012  8855  8855 D ActivityThread: add activity client record, r= ActivityRecord{5ec567c token=android.os.BinderProxy@89d10b4 {com.xes.jazhanghui.activity/com.xes.jazhanghui.activity.mvp.ucenter.view.activity.TeacherInfoActivity}} token= android.os.BinderProxy@89d10b4
05-10 16:41:57.019   974  2225 I chatty  : uid=1000(system) Binder:974_A expire 37 lines
05-10 16:41:57.027   974 24556 I chatty  : uid=1000(system) Binder:974_1E expire 27 lines
05-10 16:41:57.058   974  1346 I chatty  : uid=1000(system) android.anim expire 18 lines
05-10 16:41:57.513   773   773 E wificond: Failed to get NL80211_STA_INFO_CNAHLOAD
05-10 16:42:00.000   974   974 I chatty  : uid=1000 system_server expire 4 lines
05-10 16:42:00.141   974  1008 I chatty  : uid=1000(system) Binder:974_2 expire 11 lines
05-10 16:42:00.310   773   773 E wificond: Failed to get NL80211_STA_INFO_CNAHLOAD
05-10 16:42:00.319   773   773 I chatty  : uid=1010(wifi) /system/bin/wificond identical 2 lines
05-10 16:42:00.525   773   773 E wificond: Failed to get NL80211_STA_INFO_CNAHLOAD
05-10 16:42:00.856   974  1502 I chatty  : uid=1000(system) Binder:974_3 expire 1 line
05-10 16:42:01.120  8855  8855 D ActivityThread: Remove activity client record, r= ActivityRecord{5ec567c token=android.os.BinderProxy@89d10b4 {com.xes.jazhanghui.activity/com.xes.jazhanghui.activity.mvp.ucenter.view.activity.TeacherInfoActivity}} token= android.os.BinderProxy@89d10b4
05-10 16:42:02.677   974  2781 I chatty  : uid=1000(system) Binder:974_15 expire 21 lines
05-10 16:42:03.544   773   773 E wificond: Failed to get NL80211_STA_INFO_CNAHLOAD
05-10 16:42:04.153   974  2924 I chatty  : uid=1000(system) Binder:974_16 expire 22 lines
05-10 16:42:04.435   974  1352 I chatty  : uid=1000(system) UEventObserver expire 2 lines
05-10 16:42:04.888  2660  2782 W SettingsEx: SettingsEx.Systemex.getInt deprecated use Settings.System.getInt instead ;callers=com.huawei.recsys.util.SystemUtil.getNotificationUpdateMode:169 com.huawei.recsys.util.SystemUtil.isAllowUpdate:104 com.huawei.recsys.controller.notification.http.NotificationUpdateController.startNotificationUpdate:85 
05-10 16:42:04.905   974  2722 I chatty  : uid=1000(system) Binder:974_E expire 20 lines
05-10 16:42:05.261   974  1809 I chatty  : uid=1000(system) watchdog expire 1 line
05-10 16:42:06.201   974  1383 I chatty  : uid=1000(system) sManagerService expire 3 lines
05-10 16:42:06.216  8855  8855 V ActivityThread: ActivityThread,callActivityOnCreate
05-10 16:42:06.243  8855  8855 D ActivityThread: add activity client record, r= ActivityRecord{a7d7451 token=android.os.BinderProxy@807545c {com.xes.jazhanghui.activity/com.xes.jazhanghui.activity.mvp.ucenter.view.activity.TeacherInfoActivity}} token= android.os.BinderProxy@807545c
05-10 16:42:06.299   974  8227 I chatty  : uid=1000(system) Binder:974_1C expire 9 lines
05-10 16:42:06.557   773   773 E wificond: Failed to get NL80211_STA_INFO_CNAHLOAD
05-10 16:42:08.307   773   773 E wificond: Failed to get NL80211_STA_INFO_CNAHLOAD
05-10 16:42:08.323   773   773 E wificond: Failed to get NL80211_STA_INFO_CNAHLOAD
05-10 16:42:08.492   974  1346 I chatty  : uid=1000(system) android.anim expire 15 lines
05-10 16:42:09.574   773   773 E wificond: Failed to get NL80211_STA_INFO_CNAHLOAD
05-10 16:42:10.081   974  2225 I chatty  : uid=1000(system) Binder:974_A expire 15 lines
05-10 16:42:10.401  8855  8855 D ActivityThread: Remove activity client record, r= ActivityRecord{a7d7451 token=android.os.BinderProxy@807545c {com.xes.jazhanghui.activity/com.xes.jazhanghui.activity.mvp.ucenter.view.activity.TeacherInfoActivity}} token= android.os.BinderProxy@807545c
05-10 16:42:12.585   773   773 E wificond: Failed to get NL80211_STA_INFO_CNAHLOAD
05-10 16:42:15.602   773   773 E wificond: Failed to get NL80211_STA_INFO_CNAHLOAD
05-10 16:42:15.697   974  2722 I chatty  : uid=1000(system) Binder:974_E expire 21 lines
05-10 16:42:15.722  8855  8855 V ActivityThread: ActivityThread,callActivityOnCreate
05-10 16:42:15.757  8855  8855 D ActivityThread: add activity client record, r= ActivityRecord{2c97cae token=android.os.BinderProxy@c6fa850 {com.xes.jazhanghui.activity/com.xes.jazhanghui.activity.mvp.courcedetial.view.PYShuangshiCourceDetialActivity}} token= android.os.BinderProxy@c6fa850
05-10 16:42:15.763   974  2925 I chatty  : uid=1000(system) Binder:974_17 expire 8 lines
05-10 16:42:16.309   773   773 E wificond: Failed to get NL80211_STA_INFO_CNAHLOAD
05-10 16:42:16.318   773   773 E wificond: Failed to get NL80211_STA_INFO_CNAHLOAD
05-10 16:42:16.593  2660  2782 W SettingsEx: SettingsEx.Systemex.getInt deprecated use Settings.System.getInt instead ;callers=com.huawei.recsys.util.SystemUtil.getNotificationUpdateMode:169 com.huawei.recsys.util.SystemUtil.isAllowUpdate:104 com.huawei.recsys.controller.notification.http.NotificationUpdateController.startNotificationUpdate:85 
05-10 16:42:18.164   974  1142 I chatty  : uid=1000(system) PowerManagerSer expire 1 line
05-10 16:42:18.622   773   773 E wificond: Failed to get NL80211_STA_INFO_CNAHLOAD
05-10 16:42:21.653   773   773 E wificond: Failed to get NL80211_STA_INFO_CNAHLOAD
05-10 16:42:21.670   974  2924 I chatty  : uid=1000(system) Binder:974_16 expire 4 lines
05-10 16:42:24.316   773   773 E wificond: Failed to get NL80211_STA_INFO_CNAHLOAD
05-10 16:42:24.678   773   773 E wificond: Failed to get NL80211_STA_INFO_CNAHLOAD
05-10 16:42:24.692   974  2225 I chatty  : uid=1000(system) Binder:974_A expire 2 lines
05-10 16:42:27.708   773   773 E wificond: Failed to get NL80211_STA_INFO_CNAHLOAD
05-10 16:42:30.036   974  2722 I chatty  : uid=1000(system) Binder:974_E expire 20 lines
05-10 16:42:30.062  8855  8855 V ActivityThread: ActivityThread,callActivityOnCreate
05-10 16:42:30.091  8855  8855 D ActivityThread: add activity client record, r= ActivityRecord{5b69536 token=android.os.BinderProxy@2b6194f {com.xes.jazhanghui.activity/com.xes.jazhanghui.activity.mvp.ucenter.view.activity.TeacherInfoActivity}} token= android.os.BinderProxy@2b6194f
05-10 16:42:30.098   974  2924 I chatty  : uid=1000(system) Binder:974_16 expire 40 lines
05-10 16:42:30.106   974  2925 I chatty  : uid=1000(system) Binder:974_17 expire 26 lines
05-10 16:42:30.136   974  1346 I chatty  : uid=1000(system) android.anim expire 11 lines
05-10 16:42:30.142   974  2225 I chatty  : uid=1000(system) Binder:974_A expire 12 lines
05-10 16:42:30.727   773   773 E wificond: Failed to get NL80211_STA_INFO_CNAHLOAD
05-10 16:42:32.315   773   773 E wificond: Failed to get NL80211_STA_INFO_CNAHLOAD
05-10 16:42:32.328   773   773 E wificond: Failed to get NL80211_STA_INFO_CNAHLOAD
05-10 16:42:33.652   974   974 I chatty  : uid=1000 system_server expire 6 lines
05-10 16:42:33.748   773   773 E wificond: Failed to get NL80211_STA_INFO_CNAHLOAD
05-10 16:42:34.424   974  1504 I chatty  : uid=1000(system) Binder:974_5 expire 18 lines
05-10 16:42:34.606   974  1352 I chatty  : uid=1000(system) UEventObserver expire 2 lines
05-10 16:42:34.783  8855  8855 D ActivityThread: Remove activity client record, r= ActivityRecord{5b69536 token=android.os.BinderProxy@2b6194f {com.xes.jazhanghui.activity/com.xes.jazhanghui.activity.mvp.ucenter.view.activity.TeacherInfoActivity}} token= android.os.BinderProxy@2b6194f
05-10 16:42:35.262   974  1809 I chatty  : uid=1000(system) watchdog expire 1 line
05-10 16:42:36.770   773   773 E wificond: Failed to get NL80211_STA_INFO_CNAHLOAD
05-10 16:42:39.789   773   773 E wificond: Failed to get NL80211_STA_INFO_CNAHLOAD
05-10 16:42:40.232   974  1383 I chatty  : uid=1000(system) sManagerService expire 1 line
05-10 16:42:40.258  8855  8855 V ActivityThread: ActivityThread,callActivityOnCreate
05-10 16:42:40.286  8855  8855 D ActivityThread: add activity client record, r= ActivityRecord{83f0dde token=android.os.BinderProxy@b3236c4 {com.xes.jazhanghui.activity/com.xes.jazhanghui.activity.mvp.ucenter.view.activity.TeacherInfoActivity}} token= android.os.BinderProxy@b3236c4
05-10 16:42:40.292   974  2924 I chatty  : uid=1000(system) Binder:974_16 expire 13 lines
05-10 16:42:40.304   974  2925 I chatty  : uid=1000(system) Binder:974_17 expire 37 lines
05-10 16:42:40.311   773   773 E wificond: Failed to get NL80211_STA_INFO_CNAHLOAD
05-10 16:42:40.316   773   773 E wificond: Failed to get NL80211_STA_INFO_CNAHLOAD
05-10 16:42:40.330   974  1346 I chatty  : uid=1000(system) android.anim expire 17 lines
05-10 16:42:42.827   773   773 E wificond: Failed to get NL80211_STA_INFO_CNAHLOAD
05-10 16:42:42.851   974  2225 I chatty  : uid=1000(system) Binder:974_A expire 2 lines
05-10 16:42:45.873   773   773 E wificond: Failed to get NL80211_STA_INFO_CNAHLOAD
