05-10 16:42:45.886   974  1504 I chatty  : uid=1000(system) Binder:974_5 expire 13 lines
05-10 16:42:46.289  8855  8855 D ActivityThread: Remove activity client record, r= ActivityRecord{83f0dde token=android.os.BinderProxy@b3236c4 {com.xes.jazhanghui.activity/com.xes.jazhanghui.activity.mvp.ucenter.view.activity.TeacherInfoActivity}} token= android.os.BinderProxy@b3236c4
05-10 16:42:48.320   773   773 E wificond: Failed to get NL80211_STA_INFO_CNAHLOAD
05-10 16:42:48.332   773   773 I chatty  : uid=1010(wifi) /system/bin/wificond identical 1 line
05-10 16:42:48.895   773   773 E wificond: Failed to get NL80211_STA_INFO_CNAHLOAD
05-10 16:42:51.243  8855  8855 D ActivityThread: Remove activity client record, r= ActivityRecord{2c97cae token=android.os.BinderProxy@c6fa850 {com.xes.jazhanghui.activity/com.xes.jazhanghui.activity.mvp.courcedetial.view.PYShuangshiCourceDetialActivity}} token= android.os.BinderProxy@c6fa850
05-10 16:42:51.244   974  2925 I chatty  : uid=1000(system) Binder:974_17 expire 11 lines
05-10 16:42:51.316   974  1346 I chatty  : uid=1000(system) android.anim expire 10 lines
05-10 16:42:51.916   773   773 E wificond: Failed to get NL80211_STA_INFO_CNAHLOAD
05-10 16:42:51.935   974  2722 I chatty  : uid=1000(system) Binder:974_E expire 3 lines
05-10 16:42:54.473   974  2924 I chatty  : uid=1000(system) Binder:974_16 expire 7 lines
05-10 16:42:54.476  2660  2782 W SettingsEx: SettingsEx.Systemex.getInt deprecated use Settings.System.getInt instead ;callers=com.huawei.recsys.util.SystemUtil.getNotificationUpdateMode:169 com.huawei.recsys.util.SystemUtil.isAllowUpdate:104 com.huawei.recsys.controller.notification.http.NotificationUpdateController.startNotificationUpdate:85 
05-10 16:42:54.941   773   773 E wificond: Failed to get NL80211_STA_INFO_CNAHLOAD
05-10 16:42:56.321   773   773 E wificond: Failed to get NL80211_STA_INFO_CNAHLOAD
05-10 16:42:56.336   773   773 E wificond: Failed to get NL80211_STA_INFO_CNAHLOAD
05-10 16:42:57.960   773   773 E wificond: Failed to get NL80211_STA_INFO_CNAHLOAD
05-10 16:42:59.005   974  7049 I chatty  : uid=1000(system) Binder:974_1A expire 26 lines
05-10 16:43:00.984   773   773 E wificond: Failed to get NL80211_STA_INFO_CNAHLOAD
05-10 16:43:02.831   974  2924 I chatty  : uid=1000(system) Binder:974_16 expire 2 lines
05-10 16:43:02.888   974  2225 I chatty  : uid=1000(system) Binder:974_A expire 14 lines
05-10 16:43:04.010   773   773 E wificond: Failed to get NL80211_STA_INFO_CNAHLOAD
05-10 16:43:04.322   773   773 E wificond: Failed to get NL80211_STA_INFO_CNAHLOAD
05-10 16:43:04.332   773   773 E wificond: Failed to get NL80211_STA_INFO_CNAHLOAD
05-10 16:43:04.484   974  1346 I chatty  : uid=1000(system) android.anim expire 11 lines
05-10 16:43:04.819   974  1352 I chatty  : uid=1000(system) UEventObserver expire 2 lines
05-10 16:43:04.857   974   974 I chatty  : uid=1000 system_server expire 2 lines
05-10 16:43:05.208   974  2722 I chatty  : uid=1000(system) Binder:974_E expire 27 lines
05-10 16:43:05.264   974  1809 I chatty  : uid=1000(system) watchdog expire 1 line
05-10 16:43:07.031   773   773 E wificond: Failed to get NL80211_STA_INFO_CNAHLOAD
05-10 16:43:09.728   974  1383 I chatty  : uid=1000(system) sManagerService expire 3 lines
05-10 16:43:09.733   974  1504 I chatty  : uid=1000(system) Binder:974_5 expire 20 lines
05-10 16:43:09.746  8855  8855 V ActivityThread: ActivityThread,callActivityOnCreate
05-10 16:43:09.792  8855  8855 D ActivityThread: add activity client record, r= ActivityRecord{9f76b0e token=android.os.BinderProxy@83fb74f {com.xes.jazhanghui.activity/com.xes.jazhanghui.activity.mvp.courcedetial.view.PYShuangshiCourceDetialActivity}} token= android.os.BinderProxy@83fb74f
05-10 16:43:09.843   974  7049 I chatty  : uid=1000(system) Binder:974_1A expire 14 lines
05-10 16:43:10.047   773   773 E wificond: Failed to get NL80211_STA_INFO_CNAHLOAD
05-10 16:43:10.767  2660  2782 W SettingsEx: SettingsEx.Systemex.getInt deprecated use Settings.System.getInt instead ;callers=com.huawei.recsys.util.SystemUtil.getNotificationUpdateMode:169 com.huawei.recsys.util.SystemUtil.isAllowUpdate:104 com.huawei.recsys.controller.notification.http.NotificationUpdateController.startNotificationUpdate:85 
05-10 16:43:12.325   773   773 E wificond: Failed to get NL80211_STA_INFO_CNAHLOAD
05-10 16:43:12.332   773   773 I chatty  : uid=1010(wifi) /system/bin/wificond identical 2 lines
05-10 16:43:13.061   773   773 E wificond: Failed to get NL80211_STA_INFO_CNAHLOAD
05-10 16:43:15.046   974  2925 I chatty  : uid=1000(system) Binder:974_17 expire 23 lines
05-10 16:43:15.074  8855  8855 V ActivityThread: ActivityThread,callActivityOnCreate
05-10 16:43:15.104  8855  8855 D ActivityThread: add activity client record, r= ActivityRecord{eec6b5d token=android.os.BinderProxy@5ce8ca {com.xes.jazhanghui.activity/com.xes.jazhanghui.activity.mvp.ucenter.view.activity.TeacherInfoActivity}} token= android.os.BinderProxy@5ce8ca
05-10 16:43:15.121   974  2225 I chatty  : uid=1000(system) Binder:974_A expire 11 lines
05-10 16:43:16.084   773   773 E wificond: Failed to get NL80211_STA_INFO_CNAHLOAD
05-10 16:43:19.115   773   773 E wificond: Failed to get NL80211_STA_INFO_CNAHLOAD
05-10 16:43:19.233   974  2722 I chatty  : uid=1000(system) Binder:974_E expire 10 lines
05-10 16:43:19.236   974  1346 I chatty  : uid=1000(system) android.anim expire 16 lines
05-10 16:43:19.505  8855  8855 D ActivityThread: Remove activity client record, r= ActivityRecord{eec6b5d token=android.os.BinderProxy@5ce8ca {com.xes.jazhanghui.activity/com.xes.jazhanghui.activity.mvp.ucenter.view.activity.TeacherInfoActivity}} token= android.os.BinderProxy@5ce8ca
05-10 16:43:20.329   773   773 E wificond: Failed to get NL80211_STA_INFO_CNAHLOAD
05-10 16:43:22.136   773   773 E wificond: Failed to get NL80211_STA_INFO_CNAHLOAD
05-10 16:43:22.150   974  1504 I chatty  : uid=1000(system) Binder:974_5 expire 28 lines
05-10 16:43:23.246   974  1142 I chatty  : uid=1000(system) PowerManagerSer expire 1 line
05-10 16:43:24.137   974  7049 I chatty  : uid=1000(system) Binder:974_1A expire 14 lines
05-10 16:43:24.410  8855  8855 D ActivityThread: Remove activity client record, r= ActivityRecord{9f76b0e token=android.os.BinderProxy@83fb74f {com.xes.jazhanghui.activity/com.xes.jazhanghui.activity.mvp.courcedetial.view.PYShuangshiCourceDetialActivity}} token= android.os.BinderProxy@83fb74f
05-10 16:43:25.156   773   773 E wificond: Failed to get NL80211_STA_INFO_CNAHLOAD
05-10 16:43:28.177   773   773 E wificond: Failed to get NL80211_STA_INFO_CNAHLOAD
05-10 16:43:28.330   773   773 E wificond: Failed to get NL80211_STA_INFO_CNAHLOAD
05-10 16:43:28.340   773   773 E wificond: Failed to get NL80211_STA_INFO_CNAHLOAD
05-10 16:43:29.600   974  2925 I chatty  : uid=1000(system) Binder:974_17 expire 15 lines
05-10 16:43:29.612  8855  8855 V ActivityThread: ActivityThread,callActivityOnCreate
05-10 16:43:29.639  8855  8855 D ActivityThread: add activity client record, r= ActivityRecord{eb9144c token=android.os.BinderProxy@74d9084 {com.xes.jazhanghui.activity/com.xes.jazhanghui.activity.mvp.ucenter.view.activity.TeacherInfoActivity}} token= android.os.BinderProxy@74d9084
05-10 16:43:29.645   974  2722 I chatty  : uid=1000(system) Binder:974_E expire 12 lines
05-10 16:43:29.682   974  1346 I chatty  : uid=1000(system) android.anim expire 18 lines
05-10 16:43:31.198   773   773 E wificond: Failed to get NL80211_STA_INFO_CNAHLOAD
05-10 16:43:32.913   974  2722 I chatty  : uid=1000(system) Binder:974_E expire 42 lines
05-10 16:43:33.632   974   974 I chatty  : uid=1000 system_server expire 6 lines
05-10 16:43:34.233   773   773 E wificond: Failed to get NL80211_STA_INFO_CNAHLOAD
05-10 16:43:34.244   974  7049 I chatty  : uid=1000(system) Binder:974_1A expire 12 lines
05-10 16:43:34.294   974  2225 I chatty  : uid=1000(system) Binder:974_A expire 13 lines
05-10 16:43:34.557  8855  8855 D ActivityThread: Remove activity client record, r= ActivityRecord{eb9144c token=android.os.BinderProxy@74d9084 {com.xes.jazhanghui.activity/com.xes.jazhanghui.activity.mvp.ucenter.view.activity.TeacherInfoActivity}} token= android.os.BinderProxy@74d9084
05-10 16:43:34.559   974  2925 I chatty  : uid=1000(system) Binder:974_17 expire 10 lines
05-10 16:43:35.031   974  1352 I chatty  : uid=1000(system) UEventObserver expire 2 lines
05-10 16:43:35.265   974  1809 I chatty  : uid=1000(system) watchdog expire 1 line
05-10 16:43:36.325   773   773 E wificond: Failed to get NL80211_STA_INFO_CNAHLOAD
05-10 16:43:36.331   773   773 I chatty  : uid=1010(wifi) /system/bin/wificond identical 2 lines
05-10 16:43:37.249   773   773 E wificond: Failed to get NL80211_STA_INFO_CNAHLOAD
05-10 16:43:39.499   974  1504 I chatty  : uid=1000(system) Binder:974_5 expire 12 lines
05-10 16:43:39.506   974  1383 I chatty  : uid=1000(system) sManagerService expire 3 lines
05-10 16:43:39.522  8855  8855 V ActivityThread: ActivityThread,callActivityOnCreate
05-10 16:43:39.544  8855  8855 D ActivityThread: add activity client record, r= ActivityRecord{4489be token=android.os.BinderProxy@64f6b0d {com.xes.jazhanghui.activity/com.xes.jazhanghui.activity.mvp.ucenter.view.activity.TeacherInfoActivity}} token= android.os.BinderProxy@64f6b0d
05-10 16:43:39.944   974  2924 I chatty  : uid=1000(system) Binder:974_16 expire 10 lines
05-10 16:43:40.268   773   773 E wificond: Failed to get NL80211_STA_INFO_CNAHLOAD
05-10 16:43:40.411  2660  2782 W SettingsEx: SettingsEx.Systemex.getInt deprecated use Settings.System.getInt instead ;callers=com.huawei.recsys.util.SystemUtil.getNotificationUpdateMode:169 com.huawei.recsys.util.SystemUtil.isAllowUpdate:104 com.huawei.recsys.controller.notification.http.NotificationUpdateController.startNotificationUpdate:85 
05-10 16:43:43.270   974  1142 I chatty  : uid=1000(system) PowerManagerSer expire 1 line
05-10 16:43:43.285   773   773 E wificond: Failed to get NL80211_STA_INFO_CNAHLOAD
05-10 16:43:43.298   974  2722 I chatty  : uid=1000(system) Binder:974_E expire 32 lines
05-10 16:43:44.061   974  1346 I chatty  : uid=1000(system) android.anim expire 15 lines
05-10 16:43:44.328   773   773 E wificond: Failed to get NL80211_STA_INFO_CNAHLOAD
05-10 16:43:44.331  8855  8855 D ActivityThread: Remove activity client record, r= ActivityRecord{4489be token=android.os.BinderProxy@64f6b0d {com.xes.jazhanghui.activity/com.xes.jazhanghui.activity.mvp.ucenter.view.activity.TeacherInfoActivity}} token= android.os.BinderProxy@64f6b0d
05-10 16:43:44.332   773   773 E wificond: Failed to get NL80211_STA_INFO_CNAHLOAD
05-10 16:43:44.336   974  7049 I chatty  : uid=1000(system) Binder:974_1A expire 12 lines
05-10 16:43:46.308   773   773 E wificond: Failed to get NL80211_STA_INFO_CNAHLOAD
05-10 16:43:49.334   773   773 E wificond: Failed to get NL80211_STA_INFO_CNAHLOAD
05-10 16:43:52.207  8855  8855 V ActivityThread: ActivityThread,callActivityOnCreate
05-10 16:43:52.255  8855  8855 D ActivityThread: add activity client record, r= ActivityRecord{d0fde62 token=android.os.BinderProxy@7efdb77 {com.xes.jazhanghui.activity/com.xes.jazhanghui.activity.mvp.courcedetial.view.PYShuangshiCourceDetialActivity}} token= android.os.BinderProxy@7efdb77
05-10 16:43:52.279   974  2925 I chatty  : uid=1000(system) Binder:974_17 expire 27 lines
05-10 16:43:52.330   773   773 E wificond: Failed to get NL80211_STA_INFO_CNAHLOAD
05-10 16:43:52.350   773   773 E wificond: Failed to get NL80211_STA_INFO_CNAHLOAD
05-10 16:43:55.376   773   773 E wificond: Failed to get NL80211_STA_INFO_CNAHLOAD
05-10 16:43:55.390   974  2924 I chatty  : uid=1000(system) Binder:974_16 expire 17 lines
05-10 16:43:56.959  8855  8855 V ActivityThread: ActivityThread,callActivityOnCreate
05-10 16:43:56.988  8855  8855 D ActivityThread: add activity client record, r= ActivityRecord{d8a8e25 token=android.os.BinderProxy@5e5c343 {com.xes.jazhanghui.activity/com.xes.jazhanghui.activity.mvp.ucenter.view.activity.TeacherInfoActivity}} token= android.os.BinderProxy@5e5c343
05-10 16:43:57.037   974  1346 I chatty  : uid=1000(system) android.anim expire 5 lines
05-10 16:43:58.404   773   773 E wificond: Failed to get NL80211_STA_INFO_CNAHLOAD
05-10 16:43:58.417   974  7049 I chatty  : uid=1000(system) Binder:974_1A expire 2 lines
05-10 16:44:00.250   974  1504 I chatty  : uid=1000(system) Binder:974_5 expire 5 lines
05-10 16:44:00.333   773   773 E wificond: Failed to get NL80211_STA_INFO_CNAHLOAD
05-10 16:44:00.353   773   773 E wificond: Failed to get NL80211_STA_INFO_CNAHLOAD
05-10 16:44:01.064   974  2722 I chatty  : uid=1000(system) Binder:974_E expire 38 lines
05-10 16:44:01.416   773   773 E wificond: Failed to get NL80211_STA_INFO_CNAHLOAD
05-10 16:44:01.417  8855  8855 D ActivityThread: Remove activity client record, r= ActivityRecord{d8a8e25 token=android.os.BinderProxy@5e5c343 {com.xes.jazhanghui.activity/com.xes.jazhanghui.activity.mvp.ucenter.view.activity.TeacherInfoActivity}} token= android.os.BinderProxy@5e5c343
05-10 16:44:01.421   974  1504 I chatty  : uid=1000(system) Binder:974_5 expire 12 lines
05-10 16:44:01.490   974  1346 I chatty  : uid=1000(system) android.anim expire 14 lines
05-10 16:44:03.301  2660  2782 W SettingsEx: SettingsEx.Systemex.getInt deprecated use Settings.System.getInt instead ;callers=com.huawei.recsys.util.SystemUtil.getNotificationUpdateMode:169 com.huawei.recsys.util.SystemUtil.isAllowUpdate:104 com.huawei.recsys.controller.notification.http.NotificationUpdateController.startNotificationUpdate:85 
05-10 16:44:04.086   974  2925 I chatty  : uid=1000(system) Binder:974_17 expire 20 lines
05-10 16:44:04.437   773   773 E wificond: Failed to get NL80211_STA_INFO_CNAHLOAD
05-10 16:44:05.232   974  1352 I chatty  : uid=1000(system) UEventObserver expire 4 lines
05-10 16:44:05.252   974   974 I chatty  : uid=1000 system_server expire 20 lines
05-10 16:44:05.266   974  1809 I chatty  : uid=1000(system) watchdog expire 2 lines
05-10 16:44:06.400  8855  8855 D ActivityThread: Remove activity client record, r= ActivityRecord{d0fde62 token=android.os.BinderProxy@7efdb77 {com.xes.jazhanghui.activity/com.xes.jazhanghui.activity.mvp.courcedetial.view.PYShuangshiCourceDetialActivity}} token= android.os.BinderProxy@7efdb77
05-10 16:44:06.406   974  1502 I chatty  : uid=1000(system) Binder:974_3 expire 14 lines
05-10 16:44:07.457   773   773 E wificond: Failed to get NL80211_STA_INFO_CNAHLOAD
05-10 16:44:08.339   773   773 E wificond: Failed to get NL80211_STA_INFO_CNAHLOAD
05-10 16:44:08.350   773   773 I chatty  : uid=1010(wifi) /system/bin/wificond identical 4 lines
05-10 16:44:10.481   773   773 E wificond: Failed to get NL80211_STA_INFO_CNAHLOAD
05-10 16:44:11.795   974  2740 I chatty  : uid=1000(system) Binder:974_11 expire 30 lines
05-10 16:44:13.507   773   773 E wificond: Failed to get NL80211_STA_INFO_CNAHLOAD
05-10 16:44:14.186   974  2722 I chatty  : uid=1000(system) Binder:974_E expire 9 lines
05-10 16:44:14.226   974  7049 I chatty  : uid=1000(system) Binder:974_1A expire 22 lines
05-10 16:44:14.235   974  1383 I chatty  : uid=1000(system) sManagerService expire 1 line
05-10 16:44:14.256  8855  8855 V ActivityThread: ActivityThread,callActivityOnCreate
05-10 16:44:14.287  8855  8855 D ActivityThread: add activity client record, r= ActivityRecord{576e233 token=android.os.BinderProxy@faaa4cb {com.xes.jazhanghui.activity/com.xes.jazhanghui.activity.mvp.ucenter.view.activity.TeacherInfoActivity}} token= android.os.BinderProxy@faaa4cb
05-10 16:44:14.335   974  1346 I chatty  : uid=1000(system) android.anim expire 15 lines
05-10 16:44:14.690   974  8227 I chatty  : uid=1000(system) Binder:974_1C expire 6 lines
05-10 16:44:16.350   773   773 E wificond: Failed to get NL80211_STA_INFO_CNAHLOAD
05-10 16:44:16.526   773   773 E wificond: Failed to get NL80211_STA_INFO_CNAHLOAD
05-10 16:44:16.882 11358 11358 D ActivityThread: ActivityThread,attachApplication
05-10 16:44:16.997   974   974 I chatty  : uid=1000 system_server expire 6 lines
05-10 16:44:19.207  8855  8855 D ActivityThread: Remove activity client record, r= ActivityRecord{576e233 token=android.os.BinderProxy@faaa4cb {com.xes.jazhanghui.activity/com.xes.jazhanghui.activity.mvp.ucenter.view.activity.TeacherInfoActivity}} token= android.os.BinderProxy@faaa4cb
05-10 16:44:19.236   974  1502 I chatty  : uid=1000(system) Binder:974_3 expire 11 lines
05-10 16:44:19.552   773   773 E wificond: Failed to get NL80211_STA_INFO_CNAHLOAD
05-10 16:44:22.569   773   773 E wificond: Failed to get NL80211_STA_INFO_CNAHLOAD
05-10 16:44:22.587   974  2740 I chatty  : uid=1000(system) Binder:974_11 expire 10 lines
05-10 16:44:23.329   974  1142 I chatty  : uid=1000(system) PowerManagerSer expire 1 line
05-10 16:44:24.339   773   773 E wificond: Failed to get NL80211_STA_INFO_CNAHLOAD
05-10 16:44:25.588   773   773 E wificond: Failed to get NL80211_STA_INFO_CNAHLOAD
05-10 16:44:25.777  2660  2782 W SettingsEx: SettingsEx.Systemex.getInt deprecated use Settings.System.getInt instead ;callers=com.huawei.recsys.util.SystemUtil.getNotificationUpdateMode:169 com.huawei.recsys.util.SystemUtil.isAllowUpdate:104 com.huawei.recsys.controller.notification.http.NotificationUpdateController.startNotificationUpdate:85 
05-10 16:44:28.613   773   773 E wificond: Failed to get NL80211_STA_INFO_CNAHLOAD
05-10 16:44:31.637   773   773 E wificond: Failed to get NL80211_STA_INFO_CNAHLOAD
05-10 16:44:32.346   773   773 E wificond: Failed to get NL80211_STA_INFO_CNAHLOAD
05-10 16:44:32.360   773   773 E wificond: Failed to get NL80211_STA_INFO_CNAHLOAD
05-10 16:44:34.666   773   773 E wificond: Failed to get NL80211_STA_INFO_CNAHLOAD
05-10 16:44:37.694   773   773 E wificond: Failed to get NL80211_STA_INFO_CNAHLOAD
05-10 16:44:37.707   974  1502 I chatty  : uid=1000(system) Binder:974_3 expire 21 lines
05-10 16:44:40.352   773   773 E wificond: Failed to get NL80211_STA_INFO_CNAHLOAD
05-10 16:44:40.721   773   773 E wificond: Failed to get NL80211_STA_INFO_CNAHLOAD
05-10 16:44:43.759   773   773 E wificond: Failed to get NL80211_STA_INFO_CNAHLOAD
05-10 16:44:46.790   773   773 E wificond: Failed to get NL80211_STA_INFO_CNAHLOAD
05-10 16:44:48.358   773   773 E wificond: Failed to get NL80211_STA_INFO_CNAHLOAD
05-10 16:44:48.371   773   773 E wificond: Failed to get NL80211_STA_INFO_CNAHLOAD
05-10 16:44:49.438   974  1502 I chatty  : uid=1000(system) Binder:974_3 expire 1 line
05-10 16:44:49.441   974  7049 I chatty  : uid=1000(system) Binder:974_1A expire 24 lines
05-10 16:44:49.811   773   773 E wificond: Failed to get NL80211_STA_INFO_CNAHLOAD
05-10 16:44:52.835   773   773 E wificond: Failed to get NL80211_STA_INFO_CNAHLOAD
05-10 16:44:55.862   773   773 E wificond: Failed to get NL80211_STA_INFO_CNAHLOAD
05-10 16:44:56.351   773   773 E wificond: Failed to get NL80211_STA_INFO_CNAHLOAD
05-10 16:44:56.366   773   773 E wificond: Failed to get NL80211_STA_INFO_CNAHLOAD
05-10 16:44:58.888   773   773 E wificond: Failed to get NL80211_STA_INFO_CNAHLOAD
05-10 16:45:00.004   974   974 I chatty  : uid=1000 system_server expire 10 lines
05-10 16:45:00.218   974  2722 I chatty  : uid=1000(system) Binder:974_E expire 28 lines
05-10 16:45:01.913   773   773 E wificond: Failed to get NL80211_STA_INFO_CNAHLOAD
05-10 16:45:04.353   773   773 E wificond: Failed to get NL80211_STA_INFO_CNAHLOAD
05-10 16:45:04.362   773   773 I chatty  : uid=1010(wifi) /system/bin/wificond identical 10 lines
05-10 16:45:04.935   773   773 E wificond: Failed to get NL80211_STA_INFO_CNAHLOAD
05-10 16:45:05.271   974  1809 I chatty  : uid=1000(system) watchdog expire 4 lines
05-10 16:45:05.653   974  1352 I chatty  : uid=1000(system) UEventObserver expire 8 lines
05-10 16:45:07.961   773   773 E wificond: Failed to get NL80211_STA_INFO_CNAHLOAD
05-10 16:45:07.979   974  7049 I chatty  : uid=1000(system) Binder:974_1A expire 11 lines
05-10 16:45:10.994   773   773 E wificond: Failed to get NL80211_STA_INFO_CNAHLOAD
05-10 16:45:12.361   773   773 E wificond: Failed to get NL80211_STA_INFO_CNAHLOAD
05-10 16:45:14.020   773   773 E wificond: Failed to get NL80211_STA_INFO_CNAHLOAD
05-10 16:45:17.052   773   773 E wificond: Failed to get NL80211_STA_INFO_CNAHLOAD
05-10 16:45:19.543   974  1502 I chatty  : uid=1000(system) Binder:974_3 expire 11 lines
05-10 16:45:20.071   773   773 E wificond: Failed to get NL80211_STA_INFO_CNAHLOAD
05-10 16:45:20.087   974  2722 I chatty  : uid=1000(system) Binder:974_E expire 12 lines
05-10 16:45:20.358   773   773 E wificond: Failed to get NL80211_STA_INFO_CNAHLOAD
05-10 16:45:23.095   773   773 E wificond: Failed to get NL80211_STA_INFO_CNAHLOAD
05-10 16:45:26.132   773   773 E wificond: Failed to get NL80211_STA_INFO_CNAHLOAD
05-10 16:45:28.364   773   773 E wificond: Failed to get NL80211_STA_INFO_CNAHLOAD
05-10 16:45:29.154   773   773 E wificond: Failed to get NL80211_STA_INFO_CNAHLOAD
05-10 16:45:32.173   773   773 E wificond: Failed to get NL80211_STA_INFO_CNAHLOAD
05-10 16:45:34.001   513   648 W SocketListener: sending broadcast to Pid = 974, Uid = 1000 
05-10 16:45:34.004   974  1395 I chatty  : uid=1000(system) NetdConnector expire 8 lines
05-10 16:45:34.009   974  1136 I chatty  : uid=1000(system) android.fg expire 4 lines
05-10 16:45:34.019   974  7049 I chatty  : uid=1000(system) Binder:974_1A expire 4 lines
05-10 16:45:35.196   773   773 E wificond: Failed to get NL80211_STA_INFO_CNAHLOAD
05-10 16:45:35.211   974  1502 I chatty  : uid=1000(system) Binder:974_3 expire 10 lines
05-10 16:45:36.362   773   773 E wificond: Failed to get NL80211_STA_INFO_CNAHLOAD
05-10 16:45:36.375   773   773 E wificond: Failed to get NL80211_STA_INFO_CNAHLOAD
05-10 16:45:36.504   974  1119 I chatty  : uid=1000(system) android.bg expire 1 line
05-10 16:45:38.227   773   773 E wificond: Failed to get NL80211_STA_INFO_CNAHLOAD
05-10 16:45:41.255   773   773 E wificond: Failed to get NL80211_STA_INFO_CNAHLOAD
05-10 16:45:44.281   773   773 E wificond: Failed to get NL80211_STA_INFO_CNAHLOAD
05-10 16:45:44.362   773   773 E wificond: Failed to get NL80211_STA_INFO_CNAHLOAD
05-10 16:45:47.308   773   773 E wificond: Failed to get NL80211_STA_INFO_CNAHLOAD
05-10 16:45:50.341   773   773 E wificond: Failed to get NL80211_STA_INFO_CNAHLOAD
05-10 16:45:50.359   974  1502 I chatty  : uid=1000(system) Binder:974_3 expire 14 lines
05-10 16:45:52.367   773   773 E wificond: Failed to get NL80211_STA_INFO_CNAHLOAD
05-10 16:45:53.368   773   773 E wificond: Failed to get NL80211_STA_INFO_CNAHLOAD
05-10 16:45:56.395   773   773 E wificond: Failed to get NL80211_STA_INFO_CNAHLOAD
05-10 16:45:59.422   773   773 E wificond: Failed to get NL80211_STA_INFO_CNAHLOAD
05-10 16:46:00.193   974  2740 I chatty  : uid=1000(system) Binder:974_11 expire 42 lines
05-10 16:46:00.369   773   773 E wificond: Failed to get NL80211_STA_INFO_CNAHLOAD
05-10 16:46:02.451   773   773 E wificond: Failed to get NL80211_STA_INFO_CNAHLOAD
05-10 16:46:03.279   974  1410 I chatty  : uid=1000(system) WifiScanningSer expire 1 line
05-10 16:46:03.817   974   974 I chatty  : uid=1000 system_server expire 15 lines
05-10 16:46:03.978   513   648 W SocketListener: sending broadcast to Pid = 974, Uid = 1000 
05-10 16:46:03.988   974  2722 I chatty  : uid=1000(system) Binder:974_E expire 7 lines
05-10 16:46:05.470   773   773 E wificond: Failed to get NL80211_STA_INFO_CNAHLOAD
05-10 16:46:05.696   513   649 W SocketListener: sending broadcast to Pid = 974, Uid = 1000 
05-10 16:46:06.033   974  1824 I chatty  : uid=1000(system) LocationThread expire 17 lines
05-10 16:46:06.037   974 11429 I chatty  : uid=1000 system_server expire 1 line
05-10 16:46:06.102   779   779 D libgps  : proxy_gps_inject_location: called.
05-10 16:46:08.373   773   773 E wificond: Failed to get NL80211_STA_INFO_CNAHLOAD
05-10 16:46:08.498   773   773 E wificond: Failed to get NL80211_STA_INFO_CNAHLOAD
05-10 16:46:11.524   773   773 E wificond: Failed to get NL80211_STA_INFO_CNAHLOAD
05-10 16:46:11.693   974  2740 I chatty  : uid=1000(system) Binder:974_11 expire 10 lines
05-10 16:46:14.555   773   773 E wificond: Failed to get NL80211_STA_INFO_CNAHLOAD
05-10 16:46:16.376   773   773 E wificond: Failed to get NL80211_STA_INFO_CNAHLOAD
05-10 16:46:16.386   773   773 E wificond: Failed to get NL80211_STA_INFO_CNAHLOAD
05-10 16:46:17.582   773   773 E wificond: Failed to get NL80211_STA_INFO_CNAHLOAD
05-10 16:46:20.607   773   773 E wificond: Failed to get NL80211_STA_INFO_CNAHLOAD
05-10 16:46:23.635   773   773 E wificond: Failed to get NL80211_STA_INFO_CNAHLOAD
05-10 16:46:24.382   773   773 E wificond: Failed to get NL80211_STA_INFO_CNAHLOAD
05-10 16:46:26.662   773   773 E wificond: Failed to get NL80211_STA_INFO_CNAHLOAD
05-10 16:46:26.678   974  2740 I chatty  : uid=1000(system) Binder:974_11 expire 9 lines
05-10 16:46:29.689   773   773 E wificond: Failed to get NL80211_STA_INFO_CNAHLOAD
05-10 16:46:32.385   773   773 E wificond: Failed to get NL80211_STA_INFO_CNAHLOAD
05-10 16:46:32.708   773   773 E wificond: Failed to get NL80211_STA_INFO_CNAHLOAD
05-10 16:46:33.633   974   974 I chatty  : uid=1000 system_server expire 4 lines
05-10 16:46:34.166   974  2706 I chatty  : uid=1000(system) Binder:974_D expire 4 lines
05-10 16:46:35.736   773   773 E wificond: Failed to get NL80211_STA_INFO_CNAHLOAD
05-10 16:46:35.750   974  2781 I chatty  : uid=1000(system) Binder:974_15 expire 4 lines
05-10 16:46:35.952   513   648 W SocketListener: sending broadcast to Pid = 974, Uid = 1000 
05-10 16:46:36.372   974  1776 I chatty  : uid=1000(system) Binder:974_6 expire 13 lines
05-10 16:46:36.421   974  2781 I chatty  : uid=1000(system) Binder:974_15 expire 11 lines
05-10 16:46:38.760   773   773 E wificond: Failed to get NL80211_STA_INFO_CNAHLOAD
05-10 16:46:40.386   773   773 E wificond: Failed to get NL80211_STA_INFO_CNAHLOAD
05-10 16:46:40.397   773   773 I chatty  : uid=1010(wifi) /system/bin/wificond identical 10 lines
05-10 16:46:41.782   773   773 E wificond: Failed to get NL80211_STA_INFO_CNAHLOAD
05-10 16:46:44.814   773   773 E wificond: Failed to get NL80211_STA_INFO_CNAHLOAD
05-10 16:46:46.113   513   648 W SocketListener: sending broadcast to Pid = 974, Uid = 1000 
05-10 16:46:46.117   974  1395 I chatty  : uid=1000(system) NetdConnector expire 10 lines
05-10 16:46:46.124   974  1136 I chatty  : uid=1000(system) android.fg expire 7 lines
05-10 16:46:47.847   773   773 E wificond: Failed to get NL80211_STA_INFO_CNAHLOAD
05-10 16:46:47.862   974  1776 I chatty  : uid=1000(system) Binder:974_6 expire 13 lines
05-10 16:46:48.389   773   773 E wificond: Failed to get NL80211_STA_INFO_CNAHLOAD
05-10 16:46:50.872   773   773 E wificond: Failed to get NL80211_STA_INFO_CNAHLOAD
05-10 16:46:53.900   773   773 E wificond: Failed to get NL80211_STA_INFO_CNAHLOAD
05-10 16:46:56.392   773   773 E wificond: Failed to get NL80211_STA_INFO_CNAHLOAD
05-10 16:46:56.926   773   773 E wificond: Failed to get NL80211_STA_INFO_CNAHLOAD
05-10 16:46:56.945   974  2781 I chatty  : uid=1000(system) Binder:974_15 expire 14 lines
05-10 16:46:59.956   773   773 E wificond: Failed to get NL80211_STA_INFO_CNAHLOAD
05-10 16:47:00.003   974   974 I chatty  : uid=1000 system_server expire 10 lines
05-10 16:47:01.168   513   648 W SocketListener: sending broadcast to Pid = 974, Uid = 1000 
05-10 16:47:02.979   773   773 E wificond: Failed to get NL80211_STA_INFO_CNAHLOAD
05-10 16:47:04.119   974  2706 I chatty  : uid=1000(system) Binder:974_D expire 13 lines
05-10 16:47:04.387   773   773 E wificond: Failed to get NL80211_STA_INFO_CNAHLOAD
05-10 16:47:04.407   773   773 E wificond: Failed to get NL80211_STA_INFO_CNAHLOAD
05-10 16:47:05.280   974  1809 I chatty  : uid=1000(system) watchdog expire 3 lines
05-10 16:47:05.999   773   773 E wificond: Failed to get NL80211_STA_INFO_CNAHLOAD
05-10 16:47:06.015   974  1776 I chatty  : uid=1000(system) Binder:974_6 expire 17 lines
05-10 16:47:06.485   974  1352 I chatty  : uid=1000(system) UEventObserver expire 6 lines
05-10 16:47:06.501   974 13330 I chatty  : uid=1000(system) Binder:974_1D expire 10 lines
05-10 16:47:09.027   773   773 E wificond: Failed to get NL80211_STA_INFO_CNAHLOAD
05-10 16:47:11.825   513   648 W SocketListener: sending broadcast to Pid = 974, Uid = 1000 
05-10 16:47:11.846   974  2781 I chatty  : uid=1000(system) Binder:974_15 expire 11 lines
05-10 16:47:12.049   773   773 E wificond: Failed to get NL80211_STA_INFO_CNAHLOAD
05-10 16:47:12.389   773   773 E wificond: Failed to get NL80211_STA_INFO_CNAHLOAD
05-10 16:47:15.079   773   773 E wificond: Failed to get NL80211_STA_INFO_CNAHLOAD
05-10 16:47:18.107   773   773 E wificond: Failed to get NL80211_STA_INFO_CNAHLOAD
05-10 16:47:20.403   773   773 E wificond: Failed to get NL80211_STA_INFO_CNAHLOAD
05-10 16:47:21.126   773   773 E wificond: Failed to get NL80211_STA_INFO_CNAHLOAD
05-10 16:47:24.151   773   773 E wificond: Failed to get NL80211_STA_INFO_CNAHLOAD
05-10 16:47:27.175   773   773 E wificond: Failed to get NL80211_STA_INFO_CNAHLOAD
05-10 16:47:27.189   974  2781 I chatty  : uid=1000(system) Binder:974_15 expire 15 lines
05-10 16:47:28.397   773   773 E wificond: Failed to get NL80211_STA_INFO_CNAHLOAD
05-10 16:47:30.196   773   773 E wificond: Failed to get NL80211_STA_INFO_CNAHLOAD
05-10 16:47:33.222   773   773 E wificond: Failed to get NL80211_STA_INFO_CNAHLOAD
05-10 16:47:34.313   974 13330 I chatty  : uid=1000(system) Binder:974_1D expire 18 lines
05-10 16:47:36.249   773   773 E wificond: Failed to get NL80211_STA_INFO_CNAHLOAD
05-10 16:47:36.395   773   773 E wificond: Failed to get NL80211_STA_INFO_CNAHLOAD
05-10 16:47:36.405   773   773 E wificond: Failed to get NL80211_STA_INFO_CNAHLOAD
05-10 16:47:39.274   773   773 E wificond: Failed to get NL80211_STA_INFO_CNAHLOAD
05-10 16:47:39.288   974  2706 I chatty  : uid=1000(system) Binder:974_D expire 10 lines
05-10 16:47:42.298   773   773 E wificond: Failed to get NL80211_STA_INFO_CNAHLOAD
05-10 16:47:42.511   513   648 W SocketListener: sending broadcast to Pid = 974, Uid = 1000 
05-10 16:47:43.119   513   648 W SocketListener: sending broadcast to Pid = 974, Uid = 1000 
05-10 16:47:44.410   773   773 E wificond: Failed to get NL80211_STA_INFO_CNAHLOAD
05-10 16:47:45.324   773   773 E wificond: Failed to get NL80211_STA_INFO_CNAHLOAD
05-10 16:47:45.342   974 13330 I chatty  : uid=1000(system) Binder:974_1D expire 12 lines
05-10 16:47:48.350   773   773 E wificond: Failed to get NL80211_STA_INFO_CNAHLOAD
05-10 16:47:51.375   773   773 E wificond: Failed to get NL80211_STA_INFO_CNAHLOAD
05-10 16:47:52.404   773   773 E wificond: Failed to get NL80211_STA_INFO_CNAHLOAD
05-10 16:47:54.401   773   773 E wificond: Failed to get NL80211_STA_INFO_CNAHLOAD
05-10 16:47:57.430   773   773 E wificond: Failed to get NL80211_STA_INFO_CNAHLOAD
05-10 16:47:58.127   513   648 W SocketListener: sending broadcast to Pid = 974, Uid = 1000 
05-10 16:47:58.132   974  1395 I chatty  : uid=1000(system) NetdConnector expire 4 lines
05-10 16:48:00.405   773   773 E wificond: Failed to get NL80211_STA_INFO_CNAHLOAD
05-10 16:48:00.446   773   773 E wificond: Failed to get NL80211_STA_INFO_CNAHLOAD
05-10 16:48:03.473   773   773 E wificond: Failed to get NL80211_STA_INFO_CNAHLOAD
05-10 16:48:03.491   974  2706 I chatty  : uid=1000(system) Binder:974_D expire 10 lines
05-10 16:48:04.313   513   648 W SocketListener: sending broadcast to Pid = 974, Uid = 1000 
05-10 16:48:04.319   974  2781 I chatty  : uid=1000(system) Binder:974_15 expire 14 lines
05-10 16:48:04.320   974 13330 I chatty  : uid=1000(system) Binder:974_1D expire 1 line
05-10 16:48:06.496   773   773 E wificond: Failed to get NL80211_STA_INFO_CNAHLOAD
05-10 16:48:06.916   974   974 I chatty  : uid=1000 system_server expire 2 lines
05-10 16:48:08.408   773   773 E wificond: Failed to get NL80211_STA_INFO_CNAHLOAD
05-10 16:48:09.518   773   773 E wificond: Failed to get NL80211_STA_INFO_CNAHLOAD
05-10 16:48:12.542   773   773 E wificond: Failed to get NL80211_STA_INFO_CNAHLOAD
05-10 16:48:15.571   773   773 E wificond: Failed to get NL80211_STA_INFO_CNAHLOAD
05-10 16:48:15.584   974  2781 I chatty  : uid=1000(system) Binder:974_15 expire 10 lines
05-10 16:48:16.406   773   773 E wificond: Failed to get NL80211_STA_INFO_CNAHLOAD
05-10 16:48:16.419   773   773 I chatty  : uid=1010(wifi) /system/bin/wificond identical 2 lines
05-10 16:48:18.596   773   773 E wificond: Failed to get NL80211_STA_INFO_CNAHLOAD
05-10 16:48:21.620   773   773 E wificond: Failed to get NL80211_STA_INFO_CNAHLOAD
05-10 16:48:24.414   773   773 E wificond: Failed to get NL80211_STA_INFO_CNAHLOAD
05-10 16:48:24.646   773   773 E wificond: Failed to get NL80211_STA_INFO_CNAHLOAD
05-10 16:48:27.680   773   773 E wificond: Failed to get NL80211_STA_INFO_CNAHLOAD
05-10 16:48:30.708   773   773 E wificond: Failed to get NL80211_STA_INFO_CNAHLOAD
05-10 16:48:30.727   974  2781 I chatty  : uid=1000(system) Binder:974_15 expire 2 lines
05-10 16:48:31.460   974  1776 I chatty  : uid=1000(system) Binder:974_6 expire 17 lines
05-10 16:48:31.544   974  1346 I chatty  : uid=1000(system) android.anim expire 8 lines
05-10 16:48:31.827  8855  8855 D ActivityThread: Remove activity client record, r= ActivityRecord{afedaca token=android.os.BinderProxy@529380 {com.xes.jazhanghui.activity/com.xes.jazhanghui.activity.mvp.selectcourse.view.SelectCourseListActivity}} token= android.os.BinderProxy@529380
05-10 16:48:32.408   773   773 E wificond: Failed to get NL80211_STA_INFO_CNAHLOAD
05-10 16:48:32.415   773   773 E wificond: Failed to get NL80211_STA_INFO_CNAHLOAD
05-10 16:48:33.214   974  2706 I chatty  : uid=1000(system) Binder:974_D expire 20 lines
05-10 16:48:33.257   974 13330 I chatty  : uid=1000(system) Binder:974_1D expire 46 lines
05-10 16:48:33.278   974  1776 I chatty  : uid=1000(system) Binder:974_6 expire 63 lines
05-10 16:48:33.280   974  1346 I chatty  : uid=1000(system) android.anim expire 51 lines
05-10 16:48:33.550  8855  8855 D ActivityThread: Remove activity client record, r= ActivityRecord{2f02f84 token=android.os.BinderProxy@c553a8c {com.xes.jazhanghui.activity/com.xes.jazhanghui.activity.mvp.buycourse.view.ShoppingCartActivity}} token= android.os.BinderProxy@c553a8c
05-10 16:48:33.628   974   974 I chatty  : uid=1000 system_server expire 5 lines
05-10 16:48:33.721   773   773 E wificond: Failed to get NL80211_STA_INFO_CNAHLOAD
05-10 16:48:34.519  8855  8855 D ActivityThread: Remove activity client record, r= ActivityRecord{66a64c7 token=android.os.BinderProxy@453352a {com.xes.jazhanghui.activity/com.xes.jazhanghui.activity.mvp.courcedetial.view.PYOnlineCourceDetialActivity}} token= android.os.BinderProxy@453352a
05-10 16:48:35.287   974  1809 I chatty  : uid=1000(system) watchdog expire 1 line
05-10 16:48:35.678   974  2781 I chatty  : uid=1000(system) Binder:974_15 expire 13 lines
05-10 16:48:35.911  1997  2180 I HwNetworkPolicyManager: getHwUidPolicy uid = 10068 policy = 0
05-10 16:48:35.922  1512 13497 I CommandQueue: updateBarBgColor
05-10 16:48:35.922  1512 13497 D CommandQueue: CommandQueue, setBarBackgroundColor
05-10 16:48:36.004   974  2723 I chatty  : uid=1000(system) Binder:974_F expire 35 lines
05-10 16:48:36.130 11506 11506 D ActivityThread: ActivityThread,attachApplication
05-10 16:48:36.172   974  2924 I chatty  : uid=1000(system) Binder:974_16 expire 10 lines
05-10 16:48:36.225  8855  8855 D ActivityThread: Remove activity client record, r= ActivityRecord{e658a06 token=android.os.BinderProxy@fc3d9ec {com.xes.jazhanghui.activity/com.xes.jazhanghui.activity.mvp.navigator.view.activity.NavigatorActivity}} token= android.os.BinderProxy@fc3d9ec
05-10 16:48:36.243  8855  8855 D ActivityThread: Remove activity client record, r= ActivityRecord{3e6d6bd token=android.os.BinderProxy@52c8371 {com.xes.jazhanghui.activity/com.xes.jazhanghui.activity.mvp.selectcourse.view.SelectCourseListActivity}} token= android.os.BinderProxy@52c8371
05-10 16:48:36.266   974  1383 I chatty  : uid=1000(system) sManagerService expire 6 lines
05-10 16:48:36.734   773   773 E wificond: Failed to get NL80211_STA_INFO_CNAHLOAD
05-10 16:48:37.104   974  1352 I chatty  : uid=1000(system) UEventObserver expire 2 lines
05-10 16:48:38.337   974  1124 I chatty  : uid=1000(system) android.ui expire 8 lines
05-10 16:48:39.604  1997  2180 I HwNetworkPolicyManager: getHwUidPolicy uid = 10195 policy = 0
05-10 16:48:39.604  8855  8855 V ActivityThread: ActivityThread,callActivityOnCreate
05-10 16:48:39.656  8855  8855 D ActivityThread: add activity client record, r= ActivityRecord{c6c2681 token=android.os.BinderProxy@aec4b9b {com.xes.jazhanghui.activity/com.xes.jazhanghui.activity.mvp.start.StartActivity}} token= android.os.BinderProxy@aec4b9b
05-10 16:48:39.673  1512 13497 I CommandQueue: updateBarBgColor
05-10 16:48:39.673  1512 13497 D CommandQueue: CommandQueue, setBarBackgroundColor
05-10 16:48:39.746   773   773 E wificond: Failed to get NL80211_STA_INFO_CNAHLOAD
05-10 16:48:40.409   773   773 E wificond: Failed to get NL80211_STA_INFO_CNAHLOAD
05-10 16:48:40.414   773   773 E wificond: Failed to get NL80211_STA_INFO_CNAHLOAD
05-10 16:48:40.450   974 13330 I ActivityManager: START u0 {cmp=com.xes.jazhanghui.activity/.mvp.navigator.view.activity.NavigatorActivity (has extras)} from uid 10195
05-10 16:48:40.451   974 13330 I ActivityManager: ActivityRecord info: ActivityInfo{a4a3436 com.xes.jazhanghui.activity.mvp.navigator.view.activity.NavigatorActivity}
05-10 16:48:40.454   974 13330 V WindowManager: addAppToken: AppWindowToken{a30ba0d token=Token{5dffca4 ActivityRecord{544df37 u0 com.xes.jazhanghui.activity/.mvp.navigator.view.activity.NavigatorActivity t1603}}} controller={TaskWindowContainerController taskId=1603} at 2147483647
05-10 16:48:40.460   974  1776 V WindowManager: No longer Stopped: AppWindowToken{a30ba0d token=Token{5dffca4 ActivityRecord{544df37 u0 com.xes.jazhanghui.activity/.mvp.navigator.view.activity.NavigatorActivity t1603}}}
05-10 16:48:40.461   974  1776 V WindowManager: No longer Stopped: AppWindowToken{a30ba0d token=Token{5dffca4 ActivityRecord{544df37 u0 com.xes.jazhanghui.activity/.mvp.navigator.view.activity.NavigatorActivity t1603}}}
05-10 16:48:40.466   974  1776 V WindowManager: Checking 1 opening apps (frozen=false timeout=false)...
05-10 16:48:40.466   974  1776 V WindowManager: Check opening app=AppWindowToken{a30ba0d token=Token{5dffca4 ActivityRecord{544df37 u0 com.xes.jazhanghui.activity/.mvp.navigator.view.activity.NavigatorActivity t1603}}}: allDrawn=false startingDisplayed=false startingMoved=false isRelaunching()=false
05-10 16:48:40.469  8855  8855 V ActivityThread: ActivityThread,callActivityOnCreate
05-10 16:48:40.566   974  1776 D ActivityManager: Skipping, home or recents stack task: TaskRecord{eb8cfaa #1213 A=com.huawei.android.launcher U=0 StackId=0 sz=1}
05-10 16:48:40.566   974  1776 D ActivityManager: Skipping intent:act=android.intent.action.MAIN cat=[android.intent.category.LAUNCHER] flg=0x10a00000 cmp=io.appium.settings/.Settings
05-10 16:48:40.566   974  1776 D ActivityManager: Skipping intent:flg=0x10804000 cmp=com.android.systemui/.recents.RecentsActivity bnds=[48,1410][1032,2778]
05-10 16:48:40.566   974  1776 D ActivityManager: Skipping intent:act=android.intent.action.MAIN flg=0x10840000 cmp=com.android.incallui/.InCallActivity
05-10 16:48:40.566   974  1776 D ActivityManager: Skipping intent:act=android.intent.action.VIEW dat=file:///storage/emulated/0/money_shield/-28-47-10930-8170-16126-10285-15-98-7278-96615.8.3-5080300.apk typ=application/vnd.android.package-archive flg=0x10800000 cmp=com.android.packageinstaller/.InstallStart
05-10 16:48:40.566   974  1776 D ActivityManager: Skipping intent:flg=0x10808000 cmp=com.huawei.tips/.MessageInfo
05-10 16:48:40.566   974  1776 D ActivityManager: Skipping intent:flg=0x10800000 cmp=com.android.systemui/.usb.UsbAccessoryUriActivity
05-10 16:48:40.566   974  1776 D ActivityManager: Skipping intent:act=android.intent.action.MAIN cat=[android.intent.category.LAUNCHER] flg=0x10a00000 cmp=com.android.systemui/.flashlight.FlashlightActivity
05-10 16:48:40.566   974  1776 D ActivityManager: Skipping intent:act=com.huawei.android.launcher.action.ACCESS_SPLIT_SCREEN_APP cat=[android.intent.category.DEFAULT] flg=0x10804000 cmp=com.huawei.android.launcher/.splitscreen.SplitScreenAppActivity
05-10 16:48:40.566   974  1776 D ActivityManager: Skipping intent:act=android.intent.action.MAIN cat=[android.intent.category.HOME] flg=0x10800300 cmp=com.android.settings/.FallbackHome
05-10 16:48:40.632   974  2924 D PMS10195: package:com.xes.jazhanghui.activity, input flags:0, output hwFlags:0
05-10 16:48:40.633  8855  8855 D ActivityThread: add activity client record, r= ActivityRecord{9690756 token=android.os.BinderProxy@5fe5f0a {com.xes.jazhanghui.activity/com.xes.jazhanghui.activity.mvp.navigator.view.activity.NavigatorActivity}} token= android.os.BinderProxy@5fe5f0a
05-10 16:48:40.658   974 13330 V WindowManager: Adding Window{c7940e u0 com.xes.jazhanghui.activity/com.xes.jazhanghui.activity.mvp.navigator.view.activity.NavigatorActivity} to AppWindowToken{a30ba0d token=Token{5dffca4 ActivityRecord{544df37 u0 com.xes.jazhanghui.activity/.mvp.navigator.view.activity.NavigatorActivity t1603}}}
05-10 16:48:40.658   974 13330 V WindowManager: addWindow: New client android.os.BinderProxy@23bea09: window=Window{c7940e u0 com.xes.jazhanghui.activity/com.xes.jazhanghui.activity.mvp.navigator.view.activity.NavigatorActivity} Callers=com.android.server.wm.HwWindowManagerService.addWindow:562 com.android.server.wm.Session.addToDisplay:199 android.view.IWindowSession$Stub.onTransact:124 com.android.server.wm.Session.onTransact:161 android.os.Binder.execTransact:675 
05-10 16:48:40.666   974  2781 V WindowManager: Checking 1 opening apps (frozen=false timeout=false)...
05-10 16:48:40.666   974  2781 V WindowManager: Check opening app=AppWindowToken{a30ba0d token=Token{5dffca4 ActivityRecord{544df37 u0 com.xes.jazhanghui.activity/.mvp.navigator.view.activity.NavigatorActivity t1603}}}: allDrawn=false startingDisplayed=false startingMoved=false isRelaunching()=false
05-10 16:48:40.670   974  2781 V WindowManager: Checking 1 opening apps (frozen=false timeout=false)...
05-10 16:48:40.670   974  2781 V WindowManager: Check opening app=AppWindowToken{a30ba0d token=Token{5dffca4 ActivityRecord{544df37 u0 com.xes.jazhanghui.activity/.mvp.navigator.view.activity.NavigatorActivity t1603}}}: allDrawn=false startingDisplayed=false startingMoved=false isRelaunching()=false
05-10 16:48:40.712   974  1776 D PMS10195: package:com.xes.jazhanghui.activity, input flags:1024, output hwFlags:0
05-10 16:48:40.738   974 13330 V WindowManager: Checking 1 opening apps (frozen=false timeout=false)...
05-10 16:48:40.738   974 13330 V WindowManager: Check opening app=AppWindowToken{a30ba0d token=Token{5dffca4 ActivityRecord{544df37 u0 com.xes.jazhanghui.activity/.mvp.navigator.view.activity.NavigatorActivity t1603}}}: allDrawn=false startingDisplayed=false startingMoved=false isRelaunching()=false
05-10 16:48:40.768   974 13330 D WindowManager: finishDrawingWindow: Window{c7940e u0 com.xes.jazhanghui.activity/com.xes.jazhanghui.activity.mvp.navigator.view.activity.NavigatorActivity} mDrawState=DRAW_PENDING
05-10 16:48:40.770   974  1346 V WindowManager: Checking 1 opening apps (frozen=false timeout=false)...
05-10 16:48:40.770   974  1346 V WindowManager: Check opening app=AppWindowToken{a30ba0d token=Token{5dffca4 ActivityRecord{544df37 u0 com.xes.jazhanghui.activity/.mvp.navigator.view.activity.NavigatorActivity t1603}}}: allDrawn=true startingDisplayed=false startingMoved=false isRelaunching()=false
05-10 16:48:40.776   974  1776 D PMS10027: package:com.android.systemui, input flags:1024, output hwFlags:0
05-10 16:48:40.791   974  2781 D PMS10027: package:com.android.systemui, input flags:1024, output hwFlags:0
05-10 16:48:40.863   974  2781 D WindowManager: finishDrawingWindow: Window{c7940e u0 com.xes.jazhanghui.activity/com.xes.jazhanghui.activity.mvp.navigator.view.activity.NavigatorActivity} mDrawState=HAS_DRAWN
--------- beginning of main
05-10 16:48:41.003   769 11570 V NuPlayer: Video display width and height are overridden to 1080 x 1920
05-10 16:48:41.003   769 11570 D NuPlayerDriver: notifyListener_l(0xe7ccfd20), (5, 1080, 1920, -1), loop setting(0, 0)
05-10 16:48:41.003   769 11570 D NuPlayerDriver: notifyListener_l(0xe7ccfd20), (200, 3, 0, -1), loop setting(0, 0)
05-10 16:48:41.003   769 11570 V NuPlayer: media rendering started
05-10 16:48:41.003   769 11570 D NuPlayerDriver: notifyListener_l(0xe7ccfd20), (6, 0, 0, -1), loop setting(0, 0)
05-10 16:48:41.067   974   974 I chatty  : uid=1000 system_server expire 133 lines
05-10 16:48:41.085   777  8046 I Pged-IPgedBinderService: ****action is 2, pid num is 4***
05-10 16:48:41.085   777  8046 I Pged-Freezer: thawPids
05-10 16:48:41.161 11506 11523 I zygote64: Waiting for a blocking GC ProfileSaver
05-10 16:48:41.177 11506 11523 I zygote64: WaitForGcToComplete blocked for 16.576ms for cause ProfileSaver
05-10 16:48:41.276  8855  8855 D ActivityThread: Remove activity client record, r= ActivityRecord{c6c2681 token=android.os.BinderProxy@aec4b9b {com.xes.jazhanghui.activity/com.xes.jazhanghui.activity.mvp.start.StartActivity}} token= android.os.BinderProxy@aec4b9b
05-10 16:48:41.279   974  1776 V WindowManager: removeIfPossible: Window{763555 u0 com.xes.jazhanghui.activity/com.xes.jazhanghui.activity.mvp.start.StartActivity} callers=com.android.server.wm.WindowState.removeIfPossible:1914 com.android.server.wm.WindowManagerService.removeWindow:2022 com.android.server.wm.Session.remove:218 android.view.IWindowSession$Stub.onTransact:242 com.android.server.wm.Session.onTransact:161 
05-10 16:48:41.279   974  1776 I WindowManager: Destroying surface Surface(name=com.xes.jazhanghui.activity/com.xes.jazhanghui.activity.mvp.start.StartActivity) called by com.android.server.wm.WindowStateAnimator.destroySurface:2060 com.android.server.wm.WindowStateAnimator.destroySurfaceLocked:873 com.android.server.wm.HwWindowStateAnimator.destroySurfaceLocked:1006 com.android.server.wm.WindowState.removeImmediately:1899 com.android.server.wm.WindowState.removeIfPossible:2051 com.android.server.wm.WindowState.removeIfPossible:1914 com.android.server.wm.WindowManagerService.removeWindow:2022 com.android.server.wm.Session.remove:218 
05-10 16:48:41.280   974  1776 V WindowManager: postWindowRemoveCleanupLocked: Window{763555 u0 com.xes.jazhanghui.activity/com.xes.jazhanghui.activity.mvp.start.StartActivity}
05-10 16:48:41.280   974  1776 V WindowManager: Removing Window{763555 u0 com.xes.jazhanghui.activity/com.xes.jazhanghui.activity.mvp.start.StartActivity} from AppWindowToken{7c0ac4f token=Token{bf26ae ActivityRecord{924a8b0 u0 com.xes.jazhanghui.activity/.mvp.start.StartActivity t1603}}}
05-10 16:48:41.287   974  2706 V WindowManager: removeAppToken: AppWindowToken{7c0ac4f token=Token{bf26ae ActivityRecord{924a8b0 u0 com.xes.jazhanghui.activity/.mvp.start.StartActivity t1603}}} delayed=false Callers=com.android.server.wm.DisplayContent.removeAppToken:985 com.android.server.wm.AppWindowContainerController.removeContainer:355 com.android.server.am.ActivityRecord.removeWindowContainer:1041 com.android.server.am.ActivityStack.removeActivityFromHistoryLocked:4493 
05-10 16:48:41.358  8855  8983 I chatty  : uid=10195(u0_a195) com.xes.jazhanghui.activity expire 5 lines
05-10 16:48:41.475   974  2924 D PMS10195: package:com.xes.jazhanghui.activity, input flags:0, output hwFlags:0
05-10 16:48:41.482   974  2924 D PMS10195: package:com.xes.jazhanghui.activity, input flags:0, output hwFlags:0
05-10 16:48:41.483   974  2924 V WindowManager: Adding Window{78dd6d4 u0 Toast} to WindowToken{ad1407d android.os.Binder@2e616e6}
05-10 16:48:41.484   974  2924 V WindowManager: addWindow: New client android.os.BinderProxy@2d60427: window=Window{78dd6d4 u0 Toast} Callers=com.android.server.wm.HwWindowManagerService.addWindow:562 com.android.server.wm.Session.addToDisplay:199 android.view.IWindowSession$Stub.onTransact:124 com.android.server.wm.Session.onTransact:161 android.os.Binder.execTransact:675 
05-10 16:48:41.506   683   683 I GRALLOC : 	 shrFd=10,fmt=0x1,intFmt=0x1,btStrd=3840,size=1445888,pid=683 
05-10 16:48:41.506   683   683 I GRALLOC : 	 yuv=2,w=960,h=376,Stride u=0 v=0,offset u=0 v=0 
05-10 16:48:41.506   683   683 I GRALLOC : 	 iova_size=1445888,conUsg=0x900,proUsg=0x900,	 strd=960,[afbc]HdrStrd=0 PyldStrd=0 Scrmbl=0,ionhnd = 1 
05-10 16:48:41.507   683   683 I GRALLOC : 	 shrFd=10,fmt=0x1,intFmt=0x1,btStrd=3840,size=1445888,pid=683 
05-10 16:48:41.507   683   683 I GRALLOC : 	 yuv=2,w=960,h=376,Stride u=0 v=0,offset u=0 v=0 
05-10 16:48:41.507   683   683 I GRALLOC : 	 iova_size=1445888,conUsg=0x900,proUsg=0x900,	 strd=960,[afbc]HdrStrd=0 PyldStrd=0 Scrmbl=0,ionhnd = 1 
05-10 16:48:41.514   683   683 I GRALLOC : 	 shrFd=10,fmt=0x1,intFmt=0x1,btStrd=3840,size=1445888,pid=683 
05-10 16:48:41.514   683   683 I GRALLOC : 	 yuv=2,w=960,h=376,Stride u=0 v=0,offset u=0 v=0 
05-10 16:48:41.514   683   683 I GRALLOC : 	 iova_size=1445888,conUsg=0xb00,proUsg=0xb00,	 strd=960,[afbc]HdrStrd=0 PyldStrd=0 Scrmbl=0,ionhnd = 1 
05-10 16:48:41.518   974  1776 D WindowManager: finishDrawingWindow: Window{78dd6d4 u0 Toast} mDrawState=DRAW_PENDING
05-10 16:48:42.603   974  1460 I chatty  : uid=1000(system) hw_qoe_contenta expire 3 lines
05-10 16:48:42.751   711   711 E WifiHAL : enter wifi_get_link_stats
05-10 16:48:42.761  1512  1512 W ResourceType: No package identifier when getting value for resource number 0x00000000
05-10 16:48:42.762  1512  1512 E HwNotchUtils: setIconForView iconId is not found
05-10 16:48:42.763  1512  1512 W ResourceType: No package identifier when getting value for resource number 0x00000000
05-10 16:48:42.763  1512  1512 E HwNotchUtils: setIconForView iconId is not found
05-10 16:48:42.766   773   773 E wificond: Failed to get NL80211_STA_INFO_CNAHLOAD
05-10 16:48:42.766   974  1400 I chatty  : uid=1000(system) WifiStateMachin expire 59 lines
