05-02 13:08:11.245  1099  1449 I chatty  : uid=1000(system) UEventObserver expire 2 lines
05-02 13:08:12.991   761   761 E wificond: Failed to get NL80211_STA_INFO_CNAHLOAD
05-02 13:08:12.999  1099  2162 I chatty  : uid=1000(system) Binder:1099_B expire 19 lines
05-02 13:08:13.752   761   761 E wificond: Failed to get NL80211_STA_INFO_CNAHLOAD
05-02 13:08:13.760   761   761 E wificond: Failed to get NL80211_STA_INFO_CNAHLOAD
05-02 13:08:16.007   761   761 E wificond: Failed to get NL80211_STA_INFO_CNAHLOAD
05-02 13:08:16.169 20896 20896 V ActivityThread: ActivityThread,callActivityOnCreate
05-02 13:08:16.249 20896 20896 D ActivityThread: add activity client record, r= ActivityRecord{f342f1d token=android.os.BinderProxy@e987ce9 {com.xes.jazhanghui.activity/com.xes.jazhanghui.activity.mvp.courcedetial.view.ZKOffLineCourseDetailActivity}} token= android.os.BinderProxy@e987ce9
05-02 13:08:16.306  1099  1443 I chatty  : uid=1000(system) android.anim expire 11 lines
05-02 13:08:16.307  1099  1841 I chatty  : uid=1000(system) watchdog expire 1 line
05-02 13:08:16.651  1099  6303 I chatty  : uid=1000(system) Binder:1099_16 expire 7 lines
05-02 13:08:17.930  1099  2592 I chatty  : uid=1000(system) Binder:1099_C expire 4 lines
05-02 13:08:17.931  1099  1517 I chatty  : uid=1000(system) ConnectivitySer expire 5 lines
05-02 13:08:18.027  1612  6833 I CommandQueue: updateBarBgColor
05-02 13:08:18.027  1612  6833 D CommandQueue: CommandQueue, setBarBackgroundColor
05-02 13:08:18.036  1099  2865 I chatty  : uid=1000(system) Binder:1099_13 expire 25 lines
05-02 13:08:19.022   761   761 E wificond: Failed to get NL80211_STA_INFO_CNAHLOAD
05-02 13:08:21.760   761   761 E wificond: Failed to get NL80211_STA_INFO_CNAHLOAD
05-02 13:08:22.040   761   761 E wificond: Failed to get NL80211_STA_INFO_CNAHLOAD
05-02 13:08:23.750  1612  6833 I CommandQueue: updateBarBgColor
05-02 13:08:23.750  1612  6833 D CommandQueue: CommandQueue, setBarBackgroundColor
05-02 13:08:24.054 20896 20896 D ActivityThread: Remove activity client record, r= ActivityRecord{f342f1d token=android.os.BinderProxy@e987ce9 {com.xes.jazhanghui.activity/com.xes.jazhanghui.activity.mvp.courcedetial.view.ZKOffLineCourseDetailActivity}} token= android.os.BinderProxy@e987ce9
05-02 13:08:24.057  1099  2162 I chatty  : uid=1000(system) Binder:1099_B expire 13 lines
05-02 13:08:24.062  1099  2638 I chatty  : uid=1000(system) Binder:1099_11 expire 13 lines
05-02 13:08:25.060   761   761 E wificond: Failed to get NL80211_STA_INFO_CNAHLOAD
05-02 13:08:26.806 20896 20896 V ActivityThread: ActivityThread,callActivityOnCreate
05-02 13:08:26.922 20896 20896 D ActivityThread: add activity client record, r= ActivityRecord{548f90b token=android.os.BinderProxy@78eab36 {com.xes.jazhanghui.activity/com.xes.jazhanghui.activity.mvp.courcedetial.view.ZKOffLineCourseDetailActivity}} token= android.os.BinderProxy@78eab36
05-02 13:08:26.974  1099  1443 I chatty  : uid=1000(system) android.anim expire 8 lines
05-02 13:08:28.088   761   761 E wificond: Failed to get NL80211_STA_INFO_CNAHLOAD
05-02 13:08:28.209  1099  2865 I chatty  : uid=1000(system) Binder:1099_13 expire 11 lines
05-02 13:08:28.340  1099  6417 I chatty  : uid=1000(system) Binder:1099_17 expire 2 lines
05-02 13:08:28.372  1612  1962 I CommandQueue: updateBarBgColor
05-02 13:08:28.372  1612  1962 D CommandQueue: CommandQueue, setBarBackgroundColor
05-02 13:08:28.441  1099  7678 I chatty  : uid=1000(system) Binder:1099_1A expire 8 lines
05-02 13:08:29.758   761   761 E wificond: Failed to get NL80211_STA_INFO_CNAHLOAD
05-02 13:08:29.766   761   761 E wificond: Failed to get NL80211_STA_INFO_CNAHLOAD
05-02 13:08:29.835  1099  1857 I chatty  : uid=1000(system) MultiTaskManage expire 4 lines
05-02 13:08:29.844  1099 21848 I chatty  : uid=1000 system_server expire 37 lines
05-02 13:08:29.879  1099  2162 I chatty  : uid=1000(system) Binder:1099_B expire 32 lines
05-02 13:08:29.897  1099  1099 I chatty  : uid=1000 system_server expire 29 lines
05-02 13:08:29.899  1889  1889 I HwCoreAppHelperService: LocalReceiver receives:android.intent.action.PACKAGE_RESTARTED,pkg:com.xes.jazhanghui.activity,uid:10168
05-02 13:08:29.919  1099  7678 I chatty  : uid=1000(system) Binder:1099_1A expire 8 lines
05-02 13:08:29.919  1099  6417 I chatty  : uid=1000(system) Binder:1099_17 expire 10 lines
05-02 13:08:29.919  1099  1112 I chatty  : uid=1000(system) Binder:1099_2 expire 1 line
05-02 13:08:29.919  1099  1498 I chatty  : uid=1000(system) Binder:1099_3 expire 1 line
05-02 13:08:29.919  1099  1517 I chatty  : uid=1000(system) ConnectivitySer expire 6 lines
05-02 13:08:29.921  1099  6303 I chatty  : uid=1000(system) Binder:1099_16 expire 6 lines
05-02 13:08:29.935  1889  1889 I HwCoreAppHelperService: LocalReceiver receives:android.intent.action.PACKAGE_RESTARTED,pkg:com.xes.jazhanghui.activity,uid:10168
05-02 13:08:29.949  1099  1178 I chatty  : uid=1000(system) android.display expire 1 line
05-02 13:08:29.950  1099  1806 I chatty  : uid=1000(system) Binder:1099_5 expire 20 lines
05-02 13:08:29.961  1099  2638 I chatty  : uid=1000(system) Binder:1099_11 expire 12 lines
05-02 13:08:29.961  1861  2173 I HwNetworkPolicyManager: getHwUidPolicy uid = 10068 policy = 0
05-02 13:08:29.962  1099  1159 I chatty  : uid=1000(system) ActivityManager expire 5 lines
05-02 13:08:29.965  1099  1443 I chatty  : uid=1000(system) android.anim expire 6 lines
05-02 13:08:29.972  1099  2607 I chatty  : uid=1000(system) Binder:1099_D expire 5 lines
05-02 13:08:29.980  1099  1512 I chatty  : uid=1000(system) WifiScanningSer expire 1 line
05-02 13:08:29.986  1612 14732 I CommandQueue: updateBarBgColor
05-02 13:08:29.986  1612 14732 D CommandQueue: CommandQueue, setBarBackgroundColor
05-02 13:08:31.108   761   761 E wificond: Failed to get NL80211_STA_INFO_CNAHLOAD
05-02 13:08:32.352   513   650 W SocketListener: sending broadcast to Pid = 1099, Uid = 1000 
05-02 13:08:32.356  1099  1480 I chatty  : uid=1000(system) NetdConnector expire 2 lines
05-02 13:08:32.362  1099  1176 I chatty  : uid=1000(system) android.fg expire 1 line
05-02 13:08:32.564  1099  1847 I chatty  : uid=1000(system) LocationThread expire 14 lines
05-02 13:08:32.569  1099 21861 I chatty  : uid=1000 system_server expire 1 line
05-02 13:08:32.603   767   767 D libgps  : proxy_gps_inject_location: called.
05-02 13:08:34.135   761   761 E wificond: Failed to get NL80211_STA_INFO_CNAHLOAD
05-02 13:08:37.164   761   761 E wificond: Failed to get NL80211_STA_INFO_CNAHLOAD
05-02 13:08:37.767   761   761 E wificond: Failed to get NL80211_STA_INFO_CNAHLOAD
05-02 13:08:37.783   761   761 I chatty  : uid=1010(wifi) /system/bin/wificond identical 4 lines
05-02 13:08:40.188   761   761 E wificond: Failed to get NL80211_STA_INFO_CNAHLOAD
05-02 13:08:40.201  1099  1806 I chatty  : uid=1000(system) Binder:1099_5 expire 17 lines
05-02 13:08:41.456  1099  1449 I chatty  : uid=1000(system) UEventObserver expire 4 lines
05-02 13:08:41.474  1099  1099 I chatty  : uid=1000 system_server expire 6 lines
05-02 13:08:43.220   761   761 E wificond: Failed to get NL80211_STA_INFO_CNAHLOAD
05-02 13:08:43.235  1099  2162 I chatty  : uid=1000(system) Binder:1099_B expire 9 lines
05-02 13:08:45.771   761   761 E wificond: Failed to get NL80211_STA_INFO_CNAHLOAD
05-02 13:08:46.242   761   761 E wificond: Failed to get NL80211_STA_INFO_CNAHLOAD
05-02 13:08:46.308  1099  1841 I chatty  : uid=1000(system) watchdog expire 2 lines
05-02 13:08:49.268   761   761 E wificond: Failed to get NL80211_STA_INFO_CNAHLOAD
05-02 13:08:52.292   761   761 E wificond: Failed to get NL80211_STA_INFO_CNAHLOAD
05-02 13:08:53.768   761   761 E wificond: Failed to get NL80211_STA_INFO_CNAHLOAD
05-02 13:08:55.310   761   761 E wificond: Failed to get NL80211_STA_INFO_CNAHLOAD
05-02 13:08:58.333   761   761 E wificond: Failed to get NL80211_STA_INFO_CNAHLOAD
05-02 13:09:01.361   761   761 E wificond: Failed to get NL80211_STA_INFO_CNAHLOAD
05-02 13:09:01.770   761   761 E wificond: Failed to get NL80211_STA_INFO_CNAHLOAD
05-02 13:09:01.782   761   761 E wificond: Failed to get NL80211_STA_INFO_CNAHLOAD
05-02 13:09:04.381   761   761 E wificond: Failed to get NL80211_STA_INFO_CNAHLOAD
05-02 13:09:05.328  1099  1806 I chatty  : uid=1000(system) Binder:1099_5 expire 14 lines
05-02 13:09:07.417   761   761 E wificond: Failed to get NL80211_STA_INFO_CNAHLOAD
05-02 13:09:09.768   761   761 E wificond: Failed to get NL80211_STA_INFO_CNAHLOAD
05-02 13:09:10.436   761   761 E wificond: Failed to get NL80211_STA_INFO_CNAHLOAD
05-02 13:09:10.454  1099  6417 I chatty  : uid=1000(system) Binder:1099_17 expire 42 lines
05-02 13:09:13.458   761   761 E wificond: Failed to get NL80211_STA_INFO_CNAHLOAD
05-02 13:09:16.486   761   761 E wificond: Failed to get NL80211_STA_INFO_CNAHLOAD
05-02 13:09:17.778   761   761 E wificond: Failed to get NL80211_STA_INFO_CNAHLOAD
05-02 13:09:17.789   761   761 E wificond: Failed to get NL80211_STA_INFO_CNAHLOAD
05-02 13:09:18.998  1099  1466 I chatty  : uid=1000(system) sManagerService expire 1 line
05-02 13:09:19.008  1099  1806 I chatty  : uid=1000(system) Binder:1099_5 expire 50 lines
05-02 13:09:19.026  1099  1443 I chatty  : uid=1000(system) android.anim expire 16 lines
05-02 13:09:19.039 21950 21950 D ActivityThread: ActivityThread,attachApplication
05-02 13:09:19.040  1099  6303 I chatty  : uid=1000(system) Binder:1099_16 expire 65 lines
05-02 13:09:19.059  1861  2173 I HwNetworkPolicyManager: getHwUidPolicy uid = 10168 policy = 0
05-02 13:09:19.189 21974 21974 D ActivityThread: ActivityThread,attachApplication
05-02 13:09:19.190  1099  1745 I chatty  : uid=1000(system) Binder:1099_4 expire 47 lines
05-02 13:09:19.382  2547  2570 W SettingsEx: SettingsEx.Systemex.getInt deprecated use Settings.System.getInt instead ;callers=com.huawei.recsys.util.SystemUtil.getNotificationUpdateMode:169 com.huawei.recsys.util.SystemUtil.isAllowUpdate:104 com.huawei.recsys.controller.notification.http.NotificationUpdateController.startNotificationUpdate:85 
05-02 13:09:19.477  1099  1099 I chatty  : uid=1000 system_server expire 3 lines
05-02 13:09:19.498   761   761 E wificond: Failed to get NL80211_STA_INFO_CNAHLOAD
05-02 13:09:19.532 21950 21950 V ActivityThread: ActivityThread,callActivityOnCreate
05-02 13:09:19.684 21950 21950 D ActivityThread: add activity client record, r= ActivityRecord{f95cf64 token=android.os.BinderProxy@8e35814 {com.xes.jazhanghui.activity/com.xes.jazhanghui.activity.mvp.start.StartActivity}} token= android.os.BinderProxy@8e35814
05-02 13:09:19.737  1612  6833 I CommandQueue: updateBarBgColor
05-02 13:09:19.737  1612  6833 D CommandQueue: CommandQueue, setBarBackgroundColor
05-02 13:09:19.954  5221  5237 W ContextImpl: Calling a method in the system process without a qualified user: android.app.ContextImpl.sendBroadcast:1074 android.content.ContextWrapper.sendBroadcast:431 com.huawei.android.pushagent.model.pushcommand.PushCommandProcessor.a:79 com.huawei.android.pushagent.model.pushcommand.PushCommandProcessor.g:89 com.huawei.android.pushagent.model.pushcommand.PushCommandProcessor.h:354 
05-02 13:09:20.031  1099  1847 I chatty  : uid=1000(system) LocationThread expire 14 lines
05-02 13:09:20.033  1099 22140 I chatty  : uid=1000 system_server expire 1 line
05-02 13:09:20.046   767   767 D libgps  : proxy_gps_inject_location: called.
05-02 13:09:20.322  1099  2607 I chatty  : uid=1000(system) Binder:1099_D expire 6 lines
05-02 13:09:20.382  1099  1517 I chatty  : uid=1000(system) ConnectivitySer expire 10 lines
05-02 13:09:20.818 21950 21950 V ActivityThread: ActivityThread,callActivityOnCreate
05-02 13:09:20.919  1099  6417 I chatty  : uid=1000(system) Binder:1099_17 expire 30 lines
05-02 13:09:20.929 21950 21950 D ActivityThread: add activity client record, r= ActivityRecord{e0263f6 token=android.os.BinderProxy@c98ac2 {com.xes.jazhanghui.activity/com.xes.jazhanghui.activity.mvp.login.view.LoginActivity}} token= android.os.BinderProxy@c98ac2
05-02 13:09:20.942 21950 21950 V ActivityThread: ActivityThread,callActivityOnCreate
05-02 13:09:21.259 21950 21950 D ActivityThread: add activity client record, r= ActivityRecord{cb305c2 token=android.os.BinderProxy@7bdb3f7 {com.xes.jazhanghui.activity/com.xes.jazhanghui.activity.mvp.navigator.view.activity.NavigatorActivity}} token= android.os.BinderProxy@7bdb3f7
05-02 13:09:21.987 21950 21950 D ActivityThread: Remove activity client record, r= ActivityRecord{e0263f6 token=android.os.BinderProxy@c98ac2 {com.xes.jazhanghui.activity/com.xes.jazhanghui.activity.mvp.login.view.LoginActivity}} token= android.os.BinderProxy@c98ac2
05-02 13:09:21.989 21950 21950 D ActivityThread: Remove activity client record, r= ActivityRecord{f95cf64 token=android.os.BinderProxy@8e35814 {com.xes.jazhanghui.activity/com.xes.jazhanghui.activity.mvp.start.StartActivity}} token= android.os.BinderProxy@8e35814
05-02 13:09:22.434  1099  6303 I chatty  : uid=1000(system) Binder:1099_16 expire 10 lines
05-02 13:09:22.530   761   761 E wificond: Failed to get NL80211_STA_INFO_CNAHLOAD
05-02 13:09:24.319  1099  1099 I chatty  : uid=1000 system_server expire 3 lines
05-02 13:09:25.508  1099  1745 I chatty  : uid=1000(system) Binder:1099_4 expire 28 lines
05-02 13:09:25.559  1099  1466 I chatty  : uid=1000(system) sManagerService expire 2 lines
05-02 13:09:25.565   761   761 E wificond: Failed to get NL80211_STA_INFO_CNAHLOAD
05-02 13:09:25.583 21950 21950 V ActivityThread: ActivityThread,callActivityOnCreate
05-02 13:09:25.712  1099  2607 I chatty  : uid=1000(system) Binder:1099_D expire 56 lines
05-02 13:09:25.736 22242 22242 D ActivityThread: ActivityThread,attachApplication
05-02 13:09:25.776   761   761 E wificond: Failed to get NL80211_STA_INFO_CNAHLOAD
05-02 13:09:25.785   761   761 E wificond: Failed to get NL80211_STA_INFO_CNAHLOAD
05-02 13:09:25.816 21950 21950 D ActivityThread: add activity client record, r= ActivityRecord{73cfce4 token=android.os.BinderProxy@62493c7 {com.xes.jazhanghui.activity/com.xes.jazhanghui.activity.mvp.web.AppWebViewActivity}} token= android.os.BinderProxy@62493c7
05-02 13:09:25.901  1612  6833 I CommandQueue: updateBarBgColor
05-02 13:09:25.901  1612  6833 D CommandQueue: CommandQueue, setBarBackgroundColor
05-02 13:09:25.926  1099  1443 I chatty  : uid=1000(system) android.anim expire 12 lines
05-02 13:09:25.928  1099  1517 I chatty  : uid=1000(system) ConnectivitySer expire 6 lines
05-02 13:09:28.590   761   761 E wificond: Failed to get NL80211_STA_INFO_CNAHLOAD
05-02 13:09:30.862  1612  6833 I CommandQueue: updateBarBgColor
05-02 13:09:30.862  1612  6833 D CommandQueue: CommandQueue, setBarBackgroundColor
05-02 13:09:31.280 21950 21950 D ActivityThread: Remove activity client record, r= ActivityRecord{73cfce4 token=android.os.BinderProxy@62493c7 {com.xes.jazhanghui.activity/com.xes.jazhanghui.activity.mvp.web.AppWebViewActivity}} token= android.os.BinderProxy@62493c7
05-02 13:09:31.607   761   761 E wificond: Failed to get NL80211_STA_INFO_CNAHLOAD
05-02 13:09:33.780   761   761 E wificond: Failed to get NL80211_STA_INFO_CNAHLOAD
05-02 13:09:33.791   761   761 I chatty  : uid=1010(wifi) /system/bin/wificond identical 1 line
05-02 13:09:34.640   761   761 E wificond: Failed to get NL80211_STA_INFO_CNAHLOAD
05-02 13:09:37.671   761   761 E wificond: Failed to get NL80211_STA_INFO_CNAHLOAD
05-02 13:09:37.681  1099  2607 I chatty  : uid=1000(system) Binder:1099_D expire 14 lines
05-02 13:09:37.840  1099  1745 I chatty  : uid=1000(system) Binder:1099_4 expire 7 lines
05-02 13:09:37.840  1099  6303 I chatty  : uid=1000(system) Binder:1099_16 expire 32 lines
05-02 13:09:37.918 22372 22372 D ActivityThread: ActivityThread,attachApplication
05-02 13:09:37.952 21950 21950 V ActivityThread: ActivityThread,callActivityOnCreate
05-02 13:09:38.040 21950 21950 D ActivityThread: add activity client record, r= ActivityRecord{d07ab82 token=android.os.BinderProxy@6bfc1f1 {com.xes.jazhanghui.activity/com.xes.jazhanghui.activity.mvp.selectcourse.view.SelectCourseListActivity}} token= android.os.BinderProxy@6bfc1f1
05-02 13:09:38.049  1099  1806 I chatty  : uid=1000(system) Binder:1099_5 expire 16 lines
05-02 13:09:38.065  1612 14732 I CommandQueue: updateBarBgColor
05-02 13:09:38.065  1612 14732 D CommandQueue: CommandQueue, setBarBackgroundColor
05-02 13:09:38.093  1099  1443 I chatty  : uid=1000(system) android.anim expire 12 lines
05-02 13:09:38.457  1099  6417 I chatty  : uid=1000(system) Binder:1099_17 expire 10 lines
05-02 13:09:39.131  1612  6833 I CommandQueue: updateBarBgColor
05-02 13:09:39.131  1612  6833 D CommandQueue: CommandQueue, setBarBackgroundColor
05-02 13:09:40.467  1099  1857 I chatty  : uid=1000(system) MultiTaskManage expire 4 lines
05-02 13:09:40.471  1099 22415 I chatty  : uid=1000 system_server expire 16 lines
05-02 13:09:40.527  1889  1889 I HwCoreAppHelperService: LocalReceiver receives:android.intent.action.PACKAGE_RESTARTED,pkg:com.xes.jazhanghui.activity,uid:10168
05-02 13:09:40.528  1099  2638 I chatty  : uid=1000(system) Binder:1099_11 expire 7 lines
05-02 13:09:40.545  1099  6303 I chatty  : uid=1000(system) Binder:1099_16 expire 28 lines
05-02 13:09:40.553  1099  6417 I chatty  : uid=1000(system) Binder:1099_17 expire 19 lines
05-02 13:09:40.553  1099  2621 I chatty  : uid=1000(system) Binder:1099_E expire 12 lines
05-02 13:09:40.554  1099  2607 I chatty  : uid=1000(system) Binder:1099_D expire 1 line
05-02 13:09:40.554  1099  1517 I chatty  : uid=1000(system) ConnectivitySer expire 4 lines
05-02 13:09:40.555  1099  2857 I chatty  : uid=1000(system) Binder:1099_12 expire 8 lines
05-02 13:09:40.559  1099 22415 I chatty  : uid=1000 system_server expire 18 lines
05-02 13:09:40.562  1099  1443 I chatty  : uid=1000(system) android.anim expire 6 lines
05-02 13:09:40.578  1099  1099 I chatty  : uid=1000 system_server expire 42 lines
05-02 13:09:40.578  1099  1178 I chatty  : uid=1000(system) android.display expire 1 line
05-02 13:09:40.579  1099  1159 I chatty  : uid=1000(system) ActivityManager expire 10 lines
05-02 13:09:40.585  1889  1889 I HwCoreAppHelperService: LocalReceiver receives:android.intent.action.PACKAGE_RESTARTED,pkg:com.xes.jazhanghui.activity,uid:10168
05-02 13:09:40.588  1099  1745 I chatty  : uid=1000(system) Binder:1099_4 expire 14 lines
05-02 13:09:40.589  1861  2173 I HwNetworkPolicyManager: getHwUidPolicy uid = 10068 policy = 0
05-02 13:09:40.598  1612 14732 I CommandQueue: updateBarBgColor
05-02 13:09:40.598  1612 14732 D CommandQueue: CommandQueue, setBarBackgroundColor
05-02 13:09:40.685   761   761 E wificond: Failed to get NL80211_STA_INFO_CNAHLOAD
05-02 13:09:40.745  1099  1847 I chatty  : uid=1000(system) LocationThread expire 14 lines
05-02 13:09:40.747  1099 22421 I chatty  : uid=1000 system_server expire 1 line
05-02 13:09:40.748   767   767 D libgps  : proxy_gps_inject_location: called.
05-02 13:09:40.803  1099  1806 I chatty  : uid=1000(system) Binder:1099_5 expire 30 lines
05-02 13:09:41.782   761   761 E wificond: Failed to get NL80211_STA_INFO_CNAHLOAD
05-02 13:09:41.789   761   761 E wificond: Failed to get NL80211_STA_INFO_CNAHLOAD
05-02 13:09:41.868  1099  1449 I chatty  : uid=1000(system) UEventObserver expire 2 lines
05-02 13:09:43.704   761   761 E wificond: Failed to get NL80211_STA_INFO_CNAHLOAD
05-02 13:09:46.313  1099  1841 I chatty  : uid=1000(system) watchdog expire 1 line
05-02 13:09:46.726   761   761 E wificond: Failed to get NL80211_STA_INFO_CNAHLOAD
--------- beginning of main
05-02 13:09:48.549 20853 21203 I appium  : AppiumResponse: {"sessionId":"5acf39a4-3154-4b8d-bf8c-e8f441c412d9","status":0,"value":"iVBORw0KGgoAAAANSUhEUgAABDgAAAeACAIAAACkA3BdAAAAA3NCSVQICAjb4U\/gAAAgAElEQVR4\nnOS9SXNcWZYmds59z2cH4BgIgCQ4gIwgIyMYGZEZWRnV2ZGVmdU1qMxUKmupTCbTSgstZNZayLTV\nRlrpF\/SuzbSR2kxtXTJZtxZdXV1ZWZ2VWRVZmZExMCYGgzNIEMTgANzhDnd\/92hxh3en9\/zBAZDM\n6mMWDMd7dzj3vjuc75xzz8X\/899+DOMIEcemIUoAAJER6WccgMm3AIBA4h2BeE5EDJHkUyAiBEis\nqlC9BAJIfxOqh8QBiAAIiWTRJCoDAAQunsp6kZAIRCEIHAkSAARAUY7RFiJA\/dt8IeuQvKnHABwV\nQ4QRgFMaADhdYXAl2SEis5+tep3SdBHBt8HvhVbvGBkgfcbSQsN1h6tz60JizhOeluf\/OCa5deWQ\n36VExAEQjWFGhAAIBMgIQAyPnOwir1mCWx1z+yfwZQOd4bUL3UQFJmWI\/Lr8crjXlonqQmJ62qr5\n4VU1UclZs+OFkGYmd\/4iqNmWdjgHh062VcGu1VVobjO+AOmX5kjTKwwjAESOMjsazUJAQjFmOAIw\nY3YgRKIQYmj2GxFFWYxYTeJgr3I8YwUwu9+fKS\/V+JmYQm1wh1SR6WX2huhVfx\/JlwGc\/tSJQ+W4\n34uMvbeIpCFTsgJf0NuJAklOaCT4nBcpOdAKYuZmFCw5LRwBAIPfmNwlm\/zx4nJIAMbXEas2kn7j\nLm45DaQEUEt9GdsHEnAgRGAA3G2mWpqy1iaiCFE0yekfd8ECAIAIkRPnSIjIAJGQy8ScEBCRACKv\nNQnKhc5oORACMEsuFZWit0EHmowo185A13mbQYAMGVLSCIDlSymgOCRZDfmc2rmY8YS7zwEIQQ9Q\nJ7sp+yv5B+y0Oke6EZm1c87F53CE5DjYKlmA2mCyJoyWrYXAiog2N94yQW5vOrOH7LdeFZIv\/acS\nk5ETGQ0WMgE5E1N8H8GkmZtcXAEACISkuPsHsKsZHYOQrnEa0B2jzNCb\/HwT1Va8tLSpY2dv8CkB\nkFzqMKdvTIEvMFHNLnd4CCzbBb6Al4t8oaTINj9JVQUJlSTurl8AxtJ2dIA12QQssHGE6goJtfkd\nawPd9HFaglegm0Y\/mRB9PnfS\/FJoRGlUimjvSaIzGaLAa7r5+ZWklIilyxR8VbHpE0xBsfo0zg4y\nhpyZm8NPkTRF8k321UO5iihustZMAG\/zPRo\/aqd2Mpryg4AlWRNKpcwDM7KuAotUMf6LlDN+pZ1Q\nSPBXddV7iOjovzI0XEQEyNJx7tdh\/OuUY6c39RHeQ0cdM7a9utacdLKoiUSCrJL9XvD1MbpnMzrC\ny5tNWs7APAWyw+AJkoVSxtZKHn4VZIw0870rSqU9lj3aclkYnwO15GU9hdheRCxA4i83+SrDMUOX\n\/C4wjSQEANyvFKzN36kC00SgOkJ0ZkhKQcUG6YIERtQ9qI07qJ7pj2TywAFY1koLYKpMXxYingqI\nKAY3JVaKwpos+wPlrIzB0vXydVJdFNx0UX1VG6zb2zj3gLExwo3J6ZtK1A\/fkGKtuZlNPKG2BzY5\nr6YjGJyOVlcgSUhGN4lnvnHKOZmlfDJbzZEyhQSywCqn3o4v4aVbOEKE5vQIzkC9j5CxiKZvOaJU\nlxhWnUDT\/UGHZs2mwsVnUtjqx6l+A5WqmvyG+RJVgO0A0M2sJK+cAhRaZycbQcxZk4VOM7\/ffPVl\nkfT5Y1ytwF7\/BLbbIi31lm6Pw+epGQjV7i\/Q5Atg7g9EREC9FxNJPwAAe6sNjTwLpbjKFKszMH3u\nMG\/pZShjl9HZs2YoqQlufF1bogvkZaph3BZHs9Yiphk25oboL9FtQgDPEt\/HwwpEJFELBRnw6Zgb\nnCcCFx3BeRawdG5qETpDzENb85RF9iTOzlGU+dgpyJS9stQGjqtMsFzH2EKGzCdUBTqZLkFoWozP\n7e5xpEa9Y+fR+4fe\/gL8yP9Qz3QiaVkxFMBGBqtyR\/4QpjFmvDA0LoWRdQ6dvA0H0ZjK6CuJEdDV\nGxk9YPAznrGMFEco4XgkRwiCi1JMcnzzbMihLbMeZrYqAfJcpORLc4Kk8vLRZGDvb9+po4Bjw2TS\neiEtoy9suaT3EkqFzvCSchp0ghKIp6MZX0mWUGbqi\/iLMNVONhzT7Bp+qEJytyAEQCBO2gNS+G4B\nEGH+XpNRprllZuiKJurVwOwukIv7qXxlQQHtu19OEcgRammmVsUo2cuDrsRMxjhV+3ji5uKu4ytG\nBfQiXJRmdosxnSw9kcmP1y5ewFXG6\/nJAE8R18EiA7jISHBsg9q8YpaQyi1i+mFQWg3gCkWewQos\nSd+UX8ZyGJ4oqETdcb1idolmK2fqpYMNMf03dyFSHGXO6ixhX4itmLmWvwDyVxf1Iqv1kvkCq2KK\nUrLQLBjvUP2ZVS+yTFHQLCNcgiNx57t++eKsfp6Ty0gGmhvZX8rOEbBhWlDal4\/NouyMILy0bERD\noMFwKiRxt1iyYbixcRKQGthZSAzIUBeibcWhl2RYp2SwowCJ1DVIEOfBZL1kHZUC6gltZXWxZwaL\nOWWPTaHmQHBtdvCHh7dRJEQUzoQBDZOEvBmMmHrcoFkfim1XgEW24QJfZyIvriDkKJ7d3MfSBc8d\nXS9ARj8OFTAkyoQqvfsiICIVc6J4uWisRKCJpBWXK10vWkMDLFkKKGRAmWT38S3\/gRmXL9BTRiuL\nSP0hfsYnClRVIJe\/0IZkar\/oQHXjtJN+ZYz5DlrjIUcqWWk+HKNiQcha5NzsZB9sotongy5B8raJ\njC+YhencohxZEwNJTfHALs4\/bmR\/5fAwLYJSSAEHox3yHDOlSDmvnwVvlhxjkAl70O4Fsb+jULpk\nOyMrO4kptXtp7FpdUdRjfuJR4ZQjuBm3g\/i9EigHALJ7MUxHa4O0X2XnVKutMhgqRgz53AUqvjND\n8Z71Jpg50wiQo+4O\/TGFbWSchY2I\/NPtwpaSEAckBpFp1ACG8kAwGlsO2buPO6RQJyAgQMrx95Vz\nSSYGWwx++ckcAhqgUHgJOwlC3avir6xU46kIXxkbpF1Extw2pn2GQCbtZca8ssyDabosNU2QCsCS\nwBmVIlujX\/J4redkmn5X42qwjAQiyIa\/5E96HubU6dj4IW0v6n+ckj23mRPZxl4qUlufWrT1iwDM\nLgDgj8OJMzvzkoYfTwbgT\/Gb+pUXwcf5RQbARlZBWt2P6OBOA964zc9XwUjBK\/j46BSQ8CeBLv4Z\nFR+kFag8QPl1c2E1EtuRscvI08bmjp3+1ooSvfbkVmK\/1LO0iKeM7\/mcJiv4vZxkwjkYgZSJMawo\nN4YcaOVgdsGib4iICY8bo\/MQACkTbvnVZraAUlD1PKVAV1wH5y9Kod\/YkSDLy+lI+0VQs5Td\/JxX\nfs+ikk31n7E+XZMVtYAIAbito0qfpGUx6V1kIG\/NGRIBUORkSfOqNisFgNsMQEx9R4zpwYX1mbOE\nCBE554AiUAUJ3ZKAHiIGDTG1AgqQITCMAv7qc4oeYgaSCpzMQUBUKy5PMzKxovFiC2vqIyaDjgWs\n\/WKFtMzyGXr6ooSKOWVX0cEzdGlHm2lmaiGREVezgrSgorpZZygiUh+Fi4DqyOIxiE8QMRRfCwEB\nDbcuYWpHQCCyIErERHeJ4GGEgYhnGawKUrrmAHjweqOQ\/cRNE8rjAYoCPI+pFoDQ1S0ByLnBAQid\naH4vC4UGu69nmaScgC4wfWcrSAwfhkIlh7S5Ds4ppG8u6nZFlqMOl+c39QEwBgSAHITXPBCRKcYh\ngBXOSw02fzz4XPhDno
05-02 13:09:49.735   710   710 E WifiHAL : enter wifi_get_link_stats
05-02 13:09:49.755   761   761 E wificond: Failed to get NL80211_STA_INFO_CNAHLOAD
05-02 13:09:49.780   761   761 E wificond: Failed to get NL80211_STA_INFO_CNAHLOAD
05-02 13:09:49.947  2472 22433 W NetRec  : [14794] znn.a: Timeout after 2203 ms while waiting for score updates. Rescheduling.
05-02 13:09:49.952  2472 22433 I NetRec  : [14794] znn.a: Still entries pending update, scheduling new rapid_refresh_scores_task refresh.
05-02 13:09:49.980  2472 22435 W NetRec  : [14795] znn.a: Timeout after 2204 ms while waiting for score updates. Rescheduling.
05-02 13:09:49.786   761   761 E wificond: Failed to get NL80211_STA_INFO_CNAHLOAD
05-02 13:09:49.986  2472 22435 I NetRec  : [14795] znn.a: Still entries pending update, scheduling new refresh_scores_task refresh.
05-02 13:09:49.997  1099  1745 I chatty  : uid=1000(system) Binder:1099_4 expire 3 lines
05-02 13:09:50.017  2472  4310 D WorkSource: Insert in WorkSource{} @ 0 uid 10019 name com.google.android.gms
05-02 13:09:50.042  2472  4310 D WorkSource: Insert in WorkSource{} @ 0 uid 10019 name com.google.android.gms
05-02 13:09:50.220   513 22439 W libc    : Set property "hw.wifi.dns_stat" to "5269,3455,5057,1,62053"
05-02 13:09:50.232 20853 21212 I appium  : channel read invoked!
05-02 13:09:50.233 20853 21212 I appium  : channel read: GET /wd/hub/session/5acf39a4-3154-4b8d-bf8c-e8f441c412d9/screenshot
05-02 13:09:50.233 20853 21212 I appium  : Capture screenshot command
05-02 13:09:51.070  1099  1557 I chatty  : uid=1000(system) WiFiArpStateMac expire 6 lines
05-02 13:09:51.418   677   730 I ArData  : (ar_data_netlink_cb:789):cmd[2].length[80]
05-02 13:09:51.867 20853 21212 I appium  : AppiumResponse: {"sessionId":"5acf39a4-3154-4b8d-bf8c-e8f441c412d9","status":0,"value":"iVBORw0KGgoAAAANSUhEUgAABDgAAAeACAIAAACkA3BdAAAAA3NCSVQICAjb4U\/gAAAgAElEQVR4\nnOS9SXNcWZYmds59z2cH4BgIgCQ4gIwgIyMYGZEZWRnV2ZGVmdU1qMxUKmupTCbTSgstZNZayLTV\nRlrpF\/SuzbSR2kxtXTJZtxZdXV1ZWZ2VWRVZmZExMCYGgzNIEMTgANzhDnd\/92hxh3en9\/zBAZDM\n6mMWDMd7dzj3vjuc75xzz8X\/899+DOMIEcemIUoAAJER6WccgMm3AIBA4h2BeE5EDJHkUyAiBEis\nqlC9BAJIfxOqh8QBiAAIiWTRJCoDAAQunsp6kZAIRCEIHAkSAARAUY7RFiJA\/dt8IeuQvKnHABwV\nQ4QRgFMaADhdYXAl2SEis5+tep3SdBHBt8HvhVbvGBkgfcbSQsN1h6tz60JizhOeluf\/OCa5deWQ\n36VExAEQjWFGhAAIBMgIQAyPnOwir1mCWx1z+yfwZQOd4bUL3UQFJmWI\/Lr8crjXlonqQmJ62qr5\n4VU1UclZs+OFkGYmd\/4iqNmWdjgHh062VcGu1VVobjO+AOmX5kjTKwwjAESOMjsazUJAQjFmOAIw\nY3YgRKIQYmj2GxFFWYxYTeJgr3I8YwUwu9+fKS\/V+JmYQm1wh1SR6WX2huhVfx\/JlwGc\/tSJQ+W4\n34uMvbeIpCFTsgJf0NuJAklOaCT4nBcpOdAKYuZmFCw5LRwBAIPfmNwlm\/zx4nJIAMbXEas2kn7j\nLm45DaQEUEt9GdsHEnAgRGAA3G2mWpqy1iaiCFE0yekfd8ECAIAIkRPnSIjIAJGQy8ScEBCRACKv\nNQnKhc5oORACMEsuFZWit0EHmowo185A13mbQYAMGVLSCIDlSymgOCRZDfmc2rmY8YS7zwEIQQ9Q\nJ7sp+yv5B+y0Oke6EZm1c87F53CE5DjYKlmA2mCyJoyWrYXAiog2N94yQW5vOrOH7LdeFZIv\/acS\nk5ETGQ0WMgE5E1N8H8GkmZtcXAEACISkuPsHsKsZHYOQrnEa0B2jzNCb\/HwT1Va8tLSpY2dv8CkB\nkFzqMKdvTIEvMFHNLnd4CCzbBb6Al4t8oaTINj9JVQUJlSTurl8AxtJ2dIA12QQssHGE6goJtfkd\nawPd9HFaglegm0Y\/mRB9PnfS\/FJoRGlUimjvSaIzGaLAa7r5+ZWklIilyxR8VbHpE0xBsfo0zg4y\nhpyZm8NPkTRF8k321UO5iihustZMAG\/zPRo\/aqd2Mpryg4AlWRNKpcwDM7KuAotUMf6LlDN+pZ1Q\nSPBXddV7iOjovzI0XEQEyNJx7tdh\/OuUY6c39RHeQ0cdM7a9utacdLKoiUSCrJL9XvD1MbpnMzrC\ny5tNWs7APAWyw+AJkoVSxtZKHn4VZIw0870rSqU9lj3aclkYnwO15GU9hdheRCxA4i83+SrDMUOX\n\/C4wjSQEANyvFKzN36kC00SgOkJ0ZkhKQcUG6YIERtQ9qI07qJ7pj2TywAFY1koLYKpMXxYingqI\nKAY3JVaKwpos+wPlrIzB0vXydVJdFNx0UX1VG6zb2zj3gLExwo3J6ZtK1A\/fkGKtuZlNPKG2BzY5\nr6YjGJyOVlcgSUhGN4lnvnHKOZmlfDJbzZEyhQSywCqn3o4v4aVbOEKE5vQIzkC9j5CxiKZvOaJU\nlxhWnUDT\/UGHZs2mwsVnUtjqx6l+A5WqmvyG+RJVgO0A0M2sJK+cAhRaZycbQcxZk4VOM7\/ffPVl\nkfT5Y1ytwF7\/BLbbIi31lm6Pw+epGQjV7i\/Q5Atg7g9EREC9FxNJPwAAe6sNjTwLpbjKFKszMH3u\nMG\/pZShjl9HZs2YoqQlufF1bogvkZaph3BZHs9Yiphk25oboL9FtQgDPEt\/HwwpEJFELBRnw6Zgb\nnCcCFx3BeRawdG5qETpDzENb85RF9iTOzlGU+dgpyJS9stQGjqtMsFzH2EKGzCdUBTqZLkFoWozP\n7e5xpEa9Y+fR+4fe\/gL8yP9Qz3QiaVkxFMBGBqtyR\/4QpjFmvDA0LoWRdQ6dvA0H0ZjK6CuJEdDV\nGxk9YPAznrGMFEco4XgkRwiCi1JMcnzzbMihLbMeZrYqAfJcpORLc4Kk8vLRZGDvb9+po4Bjw2TS\neiEtoy9suaT3EkqFzvCSchp0ghKIp6MZX0mWUGbqi\/iLMNVONhzT7Bp+qEJytyAEQCBO2gNS+G4B\nEGH+XpNRprllZuiKJurVwOwukIv7qXxlQQHtu19OEcgRammmVsUo2cuDrsRMxjhV+3ji5uKu4ytG\nBfQiXJRmdosxnSw9kcmP1y5ewFXG6\/nJAE8R18EiA7jISHBsg9q8YpaQyi1i+mFQWg3gCkWewQos\nSd+UX8ZyGJ4oqETdcb1idolmK2fqpYMNMf03dyFSHGXO6ixhX4itmLmWvwDyVxf1Iqv1kvkCq2KK\nUrLQLBjvUP2ZVS+yTFHQLCNcgiNx57t++eKsfp6Ty0gGmhvZX8rOEbBhWlDal4\/NouyMILy0bERD\noMFwKiRxt1iyYbixcRKQGthZSAzIUBeibcWhl2RYp2SwowCJ1DVIEOfBZL1kHZUC6gltZXWxZwaL\nOWWPTaHmQHBtdvCHh7dRJEQUzoQBDZOEvBmMmHrcoFkfim1XgEW24QJfZyIvriDkKJ7d3MfSBc8d\nXS9ARj8OFTAkyoQqvfsiICIVc6J4uWisRKCJpBWXK10vWkMDLFkKKGRAmWT38S3\/gRmXL9BTRiuL\nSP0hfsYnClRVIJe\/0IZkar\/oQHXjtJN+ZYz5DlrjIUcqWWk+HKNiQcha5NzsZB9sotongy5B8raJ\njC+YhencohxZEwNJTfHALs4\/bmR\/5fAwLYJSSAEHox3yHDOlSDmvnwVvlhxjkAl70O4Fsb+jULpk\nOyMrO4kptXtp7FpdUdRjfuJR4ZQjuBm3g\/i9EigHALJ7MUxHa4O0X2XnVKutMhgqRgz53AUqvjND\n8Z71Jpg50wiQo+4O\/TGFbWSchY2I\/NPtwpaSEAckBpFp1ACG8kAwGlsO2buPO6RQJyAgQMrx95Vz\nSSYGWwx++ckcAhqgUHgJOwlC3avir6xU46kIXxkbpF1Extw2pn2GQCbtZca8ssyDabosNU2QCsCS\nwBmVIlujX\/J4redkmn5X42qwjAQiyIa\/5E96HubU6dj4IW0v6n+ckj23mRPZxl4qUlufWrT1iwDM\nLgDgj8OJMzvzkoYfTwbgT\/Gb+pUXwcf5RQbARlZBWt2P6OBOA964zc9XwUjBK\/j46BSQ8CeBLv4Z\nFR+kFag8QPl1c2E1EtuRscvI08bmjp3+1ooSvfbkVmK\/1LO0iKeM7\/mcJiv4vZxkwjkYgZSJMawo\nN4YcaOVgdsGib4iICY8bo\/MQACkTbvnVZraAUlD1PKVAV1wH5y9Kod\/YkSDLy+lI+0VQs5Td\/JxX\nfs+ikk31n7E+XZMVtYAIAbito0qfpGUx6V1kIG\/NGRIBUORkSfOqNisFgNsMQEx9R4zpwYX1mbOE\nCBE554AiUAUJ3ZKAHiIGDTG1AgqQITCMAv7qc4oeYgaSCpzMQUBUKy5PMzKxovFiC2vqIyaDjgWs\n\/WKFtMzyGXr6ooSKOWVX0cEzdGlHm2lmaiGREVezgrSgorpZZygiUh+Fi4DqyOIxiE8QMRRfCwEB\nDbcuYWpHQCCyIErERHeJ4GGEgYhnGawKUrrmAHjweqOQ\/cRNE8rjAYoCPI+pFoDQ1S0ByLnBAQid\naH4vC4UGu69nmaScgC4wfWcrSAwfhkIlh7S5Ds4ppG8u6nZFlqMOl+c39QEwBgSAHITXPBCRKcYh\ngBXOSw02fzz4XPhDno
05-02 13:09:52.016  1099  1165 I chatty  : uid=1000(system) batterystats-sy expire 7 lines
05-02 13:09:52.017   710   710 E WifiHAL : enter wifi_get_link_stats
05-02 13:09:52.029  1099  1165 I chatty  : uid=1000(system) batterystats-sy expire 3 lines
05-02 13:09:52.108  1612  1612 W ResourceType: No package identifier when getting value for resource number 0x00000000
05-02 13:09:52.109  1612  1612 E HwNotchUtils: setIconForView iconId is not found
05-02 13:09:52.109  1612  1612 W ResourceType: No package identifier when getting value for resource number 0x00000000
05-02 13:09:52.109  1612  1612 E HwNotchUtils: setIconForView iconId is not found
05-02 13:09:52.636   513 22447 W libc    : Set property "hw.wifi.dns_stat" to "5270,3456,5057,1,62053"
05-02 13:09:52.652 20853 21237 I appium  : channel read invoked!
05-02 13:09:52.653 20853 21237 I appium  : channel read: DELETE /wd/hub/session/5acf39a4-3154-4b8d-bf8c-e8f441c412d9
05-02 13:09:52.654 20853 21237 I appium  : Delete session command
05-02 13:09:52.654 20853 21237 D appium  : Stopping toast notification listener.
05-02 13:09:52.761  1099  1491 I chatty  : uid=1000(system) WifiStateMachin expire 33 lines
05-02 13:09:52.762   710   710 E WifiHAL : enter wifi_get_link_stats
05-02 13:09:52.779   761   761 E wificond: Failed to get NL80211_STA_INFO_CNAHLOAD
05-02 13:09:52.781  1099  1501 I chatty  : uid=1000(system) HwWifiCHRStateM expire 25 lines
05-02 13:09:52.789  1099  1572 I chatty  : uid=1000(system) HuaweiWifiWatch expire 33 lines
05-02 13:09:52.790  1099  1567 I chatty  : uid=1000(system) WifiProStateMac expire 12 lines
05-02 13:09:52.794  1099  1745 I chatty  : uid=1000(system) Binder:1099_4 expire 11 lines
05-02 13:09:52.986 20853 21237 I appium  : Stopping uiautomator2 io.appium.uiautomator2.http io.appium.uiautomator2.server
05-02 13:09:52.989 20853 21237 I appium  : AppiumResponse: {"sessionId":"5acf39a4-3154-4b8d-bf8c-e8f441c412d9","status":0,"value":"Session deleted"}
05-02 13:09:53.151  1099 22451 I chatty  : uid=1000 system_server expire 1 line
05-02 13:09:53.152  1099 22451 I chatty  : uid=1000 system_server expire 3 lines
05-02 13:09:53.159   513 22452 D libc    : GetAddrInfoHandler addr: xxx.106.196.115
05-02 13:09:53.172  1873  1886 D NcDft_ServiceImpl: notifyNcDftEvent domain is : 1 ;eventID is: 909001003 ;List is [0, 0, 1, 0, 0, 0, 0, 1800004, 0, 0, 0, 1, 1, 1, 0, 0, 0, 0, 0, 0, 0, 0, 0, 1, 0, 0, 0, 1, 0, 0, 1, 0, 0, 0, 0, 0, 3, 264, 0, 0, 0, 0, 0, 0, 0, 0, 0, 0, 0, 0, , 0, 0, 0, 0, 0, 0, 0, 0, 0, 0]
05-02 13:09:53.173  1873  9038 D NcWifiDFTManager: handled event 1000
05-02 13:09:53.173  1873  9038 D NcWifiDFTManager: HwWifiDFTEventConst.EID_STABILITYSTAT2
05-02 13:09:53.173   736   868 E emcomd  : [EMCOMD_NET] parse_dns_tlv# usItemType(3) error
05-02 13:09:53.173   736   868 I chatty  : uid=0(root) /system/bin/emcomd identical 9 lines
05-02 13:09:53.173   736   868 E emcomd  : [EMCOMD_NET] parse_dns_tlv# usItemType(3) error
05-02 13:09:53.173  1873  9038 D WifiDftDataBaseManager: addOrUpdateStatisticsRecord enter
05-02 13:09:53.173   736   868 E emcomd  : [EMCOMD_NET] parse_dns_tlv# usItemType(3) error
05-02 13:09:53.173  1873  9038 D WifiDftDataBaseManager: checkIfStatisticsRecordExist enter
05-02 13:09:53.176  1873  9038 D WifiDftDataBaseManager: checkIfStatisticsRecordExist read from:WifiStatistics, get record: 1
05-02 13:09:53.176  1873  9038 D WifiDftDataBaseManager: updateStatisticsRecord enter
05-02 13:09:53.183  1873  1886 D NcDft_ServiceImpl: notifyNcDftEvent domain is : 1 ;eventID is: 909001004 ;List is ["TAL-internal", 0, 0, 0, 0, 0, 0, 0, 0, 0, 0, 0, 0, 0, 0, 0, 0, UNKNOW, 0, 0, 0, 0, 0, 0, 0, 0, 0, 0, 0, 0, 0, 0, 1, 0, 0, 0, 1799984, 0, 0, 0, 0, 0, 0, 0, 0, 0, 0, 0, 0, 0, 0, 0, 0, 0, 0, 0, , 0, 0, 5180, 0, 0, 0, 0, 1, 0, 0, 0, 0, 1, , 1, , 0, 0, 0, 0, 0, 0, 0, 0, 0, 1, 0, 0, 0, 0, 0, 0, 0, 0, 0, 0, 0, 0, 0, 0, 0, 0, -45, 1, "TAL-internal", 0, 0, 0, 0, 0, 1, 1995, 3, 0, 0, 0, 0, 0, 22, 0, 0, 0, 0, 0, 0, 469, 3, 22, 3, 264, 0, 0, 0, 0, 0, 0, 400, 1218, 0, 8, 388, 12, 0, 0, 0, 0, 0, 0, 0, 0, 0, 0, 0, 0, 0, 0, 0, 0, 0, 0, 0, 0, 0, 0, 0, 0, 0, 0, 0, 0, 0, 0, 0, 0, 0, 0, 0, 0, 0, 0, 0, 0, 0, 0, 0, 0, 0, 0, 0, 0, 0, 0, 0, 0, 0, 0, 0, 0, 0, 0, 0, 0, 0, 0, 0, ]
05-02 13:09:53.185  1873  1886 D NcDft_ServiceImpl: notifyNcDftEvent domain is : 1 ;eventID is: 909002030 ;List is [com.amap.android.ams, 0, "TAL-internal", 0, 0, 0, 0, 0, 0, 4, 0, 4, 4, 4, 0, 0, 0, 1800004, 1800004, 0]
05-02 13:09:53.187  1873  9038 D WifiDftDataBaseManager: updateStatisticsRecord update succ, rowChg=1
05-02 13:09:53.188  1873  9038 D NcWifiDFTManager: handled event 1000
05-02 13:09:53.188  1873  9038 D WifiDftDataBaseManager: addOrUpdateSSIDStatisticsRecord enter
05-02 13:09:53.188  1873  9038 D WifiDftDataBaseManager: checkIfSSIDStatisticsRcdExist enter
05-02 13:09:53.191  1873  9038 D WifiDftDataBaseManager: checkIfSSIDStatisticsRcdExist read from:WifiSSIDStatistics, get record: 1
05-02 13:09:53.192  1873  9038 D WifiDftDataBaseManager: updateSSIDStatisticsRecord enter
05-02 13:09:53.197  1873  9038 D WifiDftDataBaseManager: updateSSIDStatisticsRecord update succ, rowChg=1
05-02 13:09:53.198  1873  9038 D NcWifiDFTManager:  HwWifiDFTEventConst.EID_STABILITYSSIDSTAT2
05-02 13:09:53.198  1873  9038 D NcWifiDFTManager: handled event 1000
05-02 13:09:53.198  1873  9038 D NcWifiDFTManager:  HwWifiDFTEventConst.EID_WIFIAPK_ACION
05-02 13:09:53.198  1873  9038 D WifiDftDataBaseManager: addOrUpdateAPKActionRecord enter
05-02 13:09:53.198  1873  9038 D WifiDftDataBaseManager: checkIfAPKActionRcdExist enter
05-02 13:09:53.199  1873  9038 D WifiDftDataBaseManager: checkIfSSIDStatisticsRcdExist read from:StatusChangedByAPK, get record: 1
05-02 13:09:53.200  1873  9038 D WifiDftDataBaseManager: updateAPKActionRecord enter
05-02 13:09:53.204  1873  9038 D WifiDftDataBaseManager: updateAPKActionRecord update succ, rowChg=1
05-02 13:09:53.344 22449 22449 I appproc : CLASSPATH=/system/framework/ime.jar
05-02 13:09:53.344 22449 22449 I appproc : Command=app_process /system/bin com.android.commands.ime.Ime set io.appium.android.ime/.UnicodeIME 
05-02 13:09:53.344 22449 22449 D AndroidRuntime: >>>>>> START com.android.internal.os.RuntimeInit uid 2000 <<<<<<
05-02 13:09:53.346 22449 22449 I AndroidRuntime: readDownloadBoosterConfig: 'false'
05-02 13:09:53.346 22449 22449 I cutils-trace: atrace_init_once, trace_marker_path = /sys/kernel/debug/tracing/trace_marker
05-02 13:09:53.402 22449 22449 I app_process: Reinit property: dalvik.vm.checkjni= false
05-02 13:09:53.406 22449 22449 V HwFrameworkFactory: : successes to get AllImpl object and return....
05-02 13:09:53.411 22449 22449 I HWSERVICES: hwnative_get_component_register:libdrmbitmap,JNI
05-02 13:09:53.421 22449 22449 E Zygote  : register_com_android_internal_os_Zygote num = 0
05-02 13:09:53.427 22449 22449 D AndroidRuntime: Calling main entry com.android.commands.ime.Ime
05-02 13:09:53.430 22449 22449 D AndroidRuntime: Shutting down VM
05-02 13:09:53.455 20853 20872 I TestRunner: finished: startServer(io.appium.uiautomator2.server.test.AppiumUiAutomator2Server)
05-02 13:09:53.458 20853 20853 I MonitoringInstrumentation: Activities that are still in CREATED to STOPPED: 0
05-02 13:09:53.461 20853 20872 I TestRunner: run finished: 1 tests, 0 failed, 0 ignored
05-02 13:09:53.489 20853 20872 D NetworkSecurityConfig: No Network Security Config specified, using platform default
05-02 13:09:53.511  1099  1099 I chatty  : uid=1000 system_server expire 17 lines
05-02 13:09:53.513  1889  1889 I HwCoreAppHelperService: LocalReceiver receives:android.intent.action.PACKAGE_RESTARTED,pkg:com.xes.jazhanghui.activity,uid:10168
05-02 13:09:53.515  2573  2573 E NfcNci  : NfcUtils error: APP have nfc permission
05-02 13:09:53.517  1915  1915 D CarrierSvcBindHelper: No carrier app for: 0
05-02 13:09:53.517  1915  1915 D CarrierSvcBindHelper: No carrier app for: 1
05-02 13:09:53.518   736   868 D emcomd  : [EMCOMD_NET] parse_dns_tlv# ip num is exceed 10
05-02 13:09:53.518   736   868 D emcomd  : [EMCOMD_NET] parse_dns_tlv# ip num is exceed 10
05-02 13:09:53.518   736   868 E emcomd  : [EMCOMD_NET] parse_dns_tlv# usItemType(3) error
05-02 13:09:53.518   736   868 D emcomd  : [EMCOMD_NET] parse_dns_tlv# ip num is exceed 10
05-02 13:09:53.518   736   868 E emcomd  : [EMCOMD_NET] parse_dns_tlv# usItemType(3) error
05-02 13:09:53.518   736   868 D emcomd  : [EMCOMD_NET] parse_dns_tlv# ip num is exceed 10
05-02 13:09:53.518   736   868 E emcomd  : [EMCOMD_NET] parse_dns_tlv# usItemType(3) error
05-02 13:09:53.518   736   868 D emcomd  : [EMCOMD_NET] parse_dns_tlv# ip num is exceed 10
05-02 13:09:53.518   736   868 E emcomd  : [EMCOMD_NET] parse_dns_tlv# usItemType(3) error
05-02 13:09:53.520  2573  2573 D ApduServiceInfo: No com.nxp.nfc.extensions meta-data
05-02 13:09:53.520  2573  2573 E ApduServiceInfo: SE extension not present, Setting default offhost seID
05-02 13:09:53.528  2573  2573 E NfcNci  : NfcUtils error: APP have nfc permission
05-02 13:09:53.558   760   760 E Thermal-daemon: [battery] temp_new :32  temp_old :34
05-02 13:09:53.559   760   760 E Thermal-daemon: Report temperature: [battery] temp :32  report_threshold:1
05-02 13:09:53.561   760   760 E Thermal-daemon: [charger_ic] temp_new :37  temp_old :38
05-02 13:09:53.561   760   760 E Thermal-daemon: Report temperature: [charger_ic] temp :37  report_threshold:1
05-02 13:09:53.563   760   760 E Thermal-daemon: [ap] temp_new :35  temp_old :36
05-02 13:09:53.563   760   760 E Thermal-daemon: Report temperature: [ap] temp :35  report_threshold:1
05-02 13:09:53.596 20853 20872 I MonitoringInstrumentation: waitForActivitiesToComplete() took: 0ms
05-02 13:09:53.596 20853 20853 I MonitoringInstrumentation: Activities that are still in CREATED to STOPPED: 0
05-02 13:09:53.599  1099  6303 I chatty  : uid=1000(system) Binder:1099_16 expire 1 line
05-02 13:09:53.599  1612  1739 E PhoneStatusBar: Setting not found exception : accessibility_display_magnification_navbar_enabled
05-02 13:09:53.632  1612  1612 D TimeKeeper: getTimeTickInfo:[mMillisUntilFinished:0, mHour:0, mMinute:0, mSecond:0]
05-02 13:09:53.632  1612  1612 E KeyguardUpdateMonitor: isSimPinSecure mSimDatas is null or empty 
05-02 13:09:53.632  1612  1612 D TimeKeeper: getTimeTickInfo:[mMillisUntilFinished:0, mHour:0, mMinute:0, mSecond:0]
05-02 13:09:53.632  1612  1612 W LockIcon: getState 1 <-> 0; fp running false
05-02 13:09:53.632  1612  1612 D TimeKeeper: getTimeTickInfo:[mMillisUntilFinished:0, mHour:0, mMinute:0, mSecond:0]
05-02 13:09:53.632  1612  1612 E KeyguardUpdateMonitor: isSimPinSecure mSimDatas is null or empty 
05-02 13:09:53.632  1612  1612 D TimeKeeper: getTimeTickInfo:[mMillisUntilFinished:0, mHour:0, mMinute:0, mSecond:0]
05-02 13:09:53.633  1612  1612 W LockIcon: getState 1 <-> 0; fp running false
05-02 13:09:53.634  1099 22475 I chatty  : uid=1000 system_server expire 1 line
05-02 13:09:53.634 20843 20843 D AndroidRuntime: Shutting down VM
05-02 13:09:53.645  1889 11941 E HsmCoreServiceImpl: onTransact in code is: 102
05-02 13:09:53.646  1889 11941 I MediaProcessHandler: processOp opType: 1, uid: 10164, pid: 20853
05-02 13:09:53.646  1889 11941 W MediaProcessHandler: remove target not exist, maybe the UI process: uid: 10164, pid: 20853
05-02 13:09:53.646  1889 11941 I MediaProcessHandler: executedCallBack opType: 1 mMediaStatusObservers.size=0
05-02 13:09:54.135   691 22116 I audio_hw_primary: usb_ext_get_parameters: check show hires (false)
05-02 13:09:54.136   748  8056 I hash_map_utils: key: 'typec_need_show_hires' value: ''
05-02 13:09:54.141  1612  1612 D StatusBarIconController: setIconVisibility icon is null or visibility not change visibility=false
05-02 13:09:54.209 22480 22480 I appproc : CLASSPATH=/system/framework/wm.jar
05-02 13:09:54.209 22480 22480 I appproc : Command=app_process /system/bin com.android.commands.wm.Wm size 
05-02 13:09:54.209 22480 22480 D AndroidRuntime: >>>>>> START com.android.internal.os.RuntimeInit uid 2000 <<<<<<
05-02 13:09:54.211 22480 22480 I AndroidRuntime: readDownloadBoosterConfig: 'false'
05-02 13:09:54.211 22480 22480 I cutils-trace: atrace_init_once, trace_marker_path = /sys/kernel/debug/tracing/trace_marker
05-02 13:09:54.267 22480 22480 I app_process: Reinit property: dalvik.vm.checkjni= false
05-02 13:09:54.271 22480 22480 V HwFrameworkFactory: : successes to get AllImpl object and return....
05-02 13:09:54.276 22480 22480 I HWSERVICES: hwnative_get_component_register:libdrmbitmap,JNI
05-02 13:09:54.285 22480 22480 E Zygote  : register_com_android_internal_os_Zygote num = 0
05-02 13:09:54.292 22480 22480 D AndroidRuntime: Calling main entry com.android.commands.wm.Wm
05-02 13:09:54.294 22480 22480 D AndroidRuntime: Shutting down VM
05-02 13:09:54.588 22490 22490 I appproc : CLASSPATH=/system/framework/wm.jar
05-02 13:09:54.589 22490 22490 I appproc : Command=app_process /system/bin com.android.commands.wm.Wm density 
05-02 13:09:54.589 22490 22490 D AndroidRuntime: >>>>>> START com.android.internal.os.RuntimeInit uid 2000 <<<<<<
05-02 13:09:54.590 22490 22490 I AndroidRuntime: readDownloadBoosterConfig: 'false'
05-02 13:09:54.590 22490 22490 I cutils-trace: atrace_init_once, trace_marker_path = /sys/kernel/debug/tracing/trace_marker
05-02 13:09:54.646 22490 22490 I app_process: Reinit property: dalvik.vm.checkjni= false
05-02 13:09:54.651 22490 22490 V HwFrameworkFactory: : successes to get AllImpl object and return....
05-02 13:09:54.656 22490 22490 I HWSERVICES: hwnative_get_component_register:libdrmbitmap,JNI
05-02 13:09:54.665 22490 22490 E Zygote  : register_com_android_internal_os_Zygote num = 0
05-02 13:09:54.672 22490 22490 D AndroidRuntime: Calling main entry com.android.commands.wm.Wm
05-02 13:09:54.674 22490 22490 D AndroidRuntime: Shutting down VM
05-02 13:09:54.882  1889  1889 I HwCoreAppHelperService: LocalReceiver receives:android.intent.action.PACKAGE_RESTARTED,pkg:io.appium.uiautomator2.server,uid:10164
05-02 13:09:54.884  1915  1915 D CarrierSvcBindHelper: No carrier app for: 0
05-02 13:09:54.885  1915  1915 D CarrierSvcBindHelper: No carrier app for: 1
05-02 13:09:54.893  2573  2573 E NfcNci  : NfcUtils error: APP do not have nfc permission
05-02 13:09:54.894  2573  2573 E NfcNci  : NfcUtils error: APP do not have nfc permission
05-02 13:09:55.789   710   710 E WifiHAL : enter wifi_get_link_stats
05-02 13:09:55.810   761   761 E wificond: Failed to get NL80211_STA_INFO_CNAHLOAD
05-02 13:09:56.121  1612  1612 W ResourceType: No package identifier when getting value for resource number 0x00000000
05-02 13:09:56.121  1612  1612 E HwNotchUtils: setIconForView iconId is not found
05-02 13:09:56.121  1612  1612 W ResourceType: No package identifier when getting value for resource number 0x00000000
05-02 13:09:56.121  1612  1612 E HwNotchUtils: setIconForView iconId is not found
05-02 13:09:56.200 22509 22509 I appproc : CLASSPATH=/system/framework/pm.jar
05-02 13:09:56.200 22509 22509 I appproc : Command=app_process /system/bin com.android.commands.pm.Pm list packages io.appium.uiautomator2.server 
05-02 13:09:56.200 22509 22509 D AndroidRuntime: >>>>>> START com.android.internal.os.RuntimeInit uid 2000 <<<<<<
05-02 13:09:56.202 22509 22509 I AndroidRuntime: readDownloadBoosterConfig: 'false'
05-02 13:09:56.202 22509 22509 I cutils-trace: atrace_init_once, trace_marker_path = /sys/kernel/debug/tracing/trace_marker
05-02 13:09:56.258 22509 22509 I app_process: Reinit property: dalvik.vm.checkjni= false
05-02 13:09:56.263 22509 22509 V HwFrameworkFactory: : successes to get AllImpl object and return....
05-02 13:09:56.268 22509 22509 I HWSERVICES: hwnative_get_component_register:libdrmbitmap,JNI
05-02 13:09:56.278 22509 22509 E Zygote  : register_com_android_internal_os_Zygote num = 0
05-02 13:09:56.284 22509 22509 D AndroidRuntime: Calling main entry com.android.commands.pm.Pm
05-02 13:09:56.297 22509 22509 I app_process: System.exit called, status: 0
05-02 13:09:56.297 22509 22509 I AndroidRuntime: VM exiting with result code 0.
05-02 13:09:56.764 22524 22524 I appproc : CLASSPATH=/system/framework/pm.jar
05-02 13:09:56.764 22524 22524 I appproc : Command=app_process /system/bin com.android.commands.pm.Pm list packages io.appium.uiautomator2.server.test 
05-02 13:09:56.764 22524 22524 D AndroidRuntime: >>>>>> START com.android.internal.os.RuntimeInit uid 2000 <<<<<<
05-02 13:09:56.766 22524 22524 I AndroidRuntime: readDownloadBoosterConfig: 'false'
05-02 13:09:56.766 22524 22524 I cutils-trace: atrace_init_once, trace_marker_path = /sys/kernel/debug/tracing/trace_marker
05-02 13:09:56.822 22524 22524 I app_process: Reinit property: dalvik.vm.checkjni= false
05-02 13:09:56.827 22524 22524 V HwFrameworkFactory: : successes to get AllImpl object and return....
05-02 13:09:56.832 22524 22524 I HWSERVICES: hwnative_get_component_register:libdrmbitmap,JNI
05-02 13:09:56.841 22524 22524 E Zygote  : register_com_android_internal_os_Zygote num = 0
05-02 13:09:56.848 22524 22524 D AndroidRuntime: Calling main entry com.android.commands.pm.Pm
05-02 13:09:56.861 22524 22524 I app_process: System.exit called, status: 0
05-02 13:09:56.861 22524 22524 I AndroidRuntime: VM exiting with result code 0.
05-02 13:09:57.268 22539 22539 I appproc : CLASSPATH=/system/framework/pm.jar
05-02 13:09:57.268 22539 22539 I appproc : Command=app_process /system/bin com.android.commands.pm.Pm list instrumentation 
05-02 13:09:57.268 22539 22539 D AndroidRuntime: >>>>>> START com.android.internal.os.RuntimeInit uid 2000 <<<<<<
05-02 13:09:57.270 22539 22539 I AndroidRuntime: readDownloadBoosterConfig: 'false'
05-02 13:09:57.270 22539 22539 I cutils-trace: atrace_init_once, trace_marker_path = /sys/kernel/debug/tracing/trace_marker
05-02 13:09:57.326 22539 22539 I app_process: Reinit property: dalvik.vm.checkjni= false
05-02 13:09:57.330 22539 22539 V HwFrameworkFactory: : successes to get AllImpl object and return....
05-02 13:09:57.335 22539 22539 I HWSERVICES: hwnative_get_component_register:libdrmbitmap,JNI
05-02 13:09:57.345 22539 22539 E Zygote  : register_com_android_internal_os_Zygote num = 0
05-02 13:09:57.351 22539 22539 D AndroidRuntime: Calling main entry com.android.commands.pm.Pm
05-02 13:09:57.357 22539 22539 I app_process: System.exit called, status: 0
05-02 13:09:57.357 22539 22539 I AndroidRuntime: VM exiting with result code 0.
05-02 13:09:57.704 22553 22553 I appproc : CLASSPATH=/system/framework/pm.jar
05-02 13:09:57.704 22553 22553 I appproc : Command=app_process /system/bin com.android.commands.pm.Pm list packages io.appium.settings 
05-02 13:09:57.704 22553 22553 D AndroidRuntime: >>>>>> START com.android.internal.os.RuntimeInit uid 2000 <<<<<<
05-02 13:09:57.706 22553 22553 I AndroidRuntime: readDownloadBoosterConfig: 'false'
05-02 13:09:57.706 22553 22553 I cutils-trace: atrace_init_once, trace_marker_path = /sys/kernel/debug/tracing/trace_marker
05-02 13:09:57.762 22553 22553 I app_process: Reinit property: dalvik.vm.checkjni= false
05-02 13:09:57.766 22553 22553 V HwFrameworkFactory: : successes to get AllImpl object and return....
05-02 13:09:57.771 22553 22553 I HWSERVICES: hwnative_get_component_register:libdrmbitmap,JNI
05-02 13:09:57.781 22553 22553 E Zygote  : register_com_android_internal_os_Zygote num = 0
05-02 13:09:57.788 22553 22553 D AndroidRuntime: Calling main entry com.android.commands.pm.Pm
05-02 13:09:57.788   761   761 E wificond: Failed to get NL80211_STA_INFO_CNAHLOAD
05-02 13:09:57.801 22553 22553 I app_process: System.exit called, status: 0
05-02 13:09:57.801 22553 22553 I AndroidRuntime: VM exiting with result code 0.
05-02 13:09:57.801 22553 22562 W MessageQueue: Handler (android.os.Handler) {6905a44} sending message to a Handler on a dead thread
05-02 13:09:57.801 22553 22562 W MessageQueue: java.lang.IllegalStateException: Handler (android.os.Handler) {6905a44} sending message to a Handler on a dead thread
05-02 13:09:57.801 22553 22562 W MessageQueue: 	at android.os.MessageQueue.enqueueMessage(MessageQueue.java:639)
05-02 13:09:57.801 22553 22562 W MessageQueue: 	at android.os.Handler.enqueueMessage(Handler.java:680)
05-02 13:09:57.801 22553 22562 W MessageQueue: 	at android.os.Handler.sendMessageAtTime(Handler.java:649)
05-02 13:09:57.801 22553 22562 W MessageQueue: 	at android.os.Handler.sendMessageDelayed(Handler.java:619)
05-02 13:09:57.801 22553 22562 W MessageQueue: 	at android.os.Handler.post(Handler.java:363)
05-02 13:09:57.801 22553 22562 W MessageQueue: 	at android.os.ResultReceiver$MyResultReceiver.send(ResultReceiver.java:57)
05-02 13:09:57.801 22553 22562 W MessageQueue: 	at com.android.internal.os.IResultReceiver$Stub.onTransact(IResultReceiver.java:58)
