05-02 12:33:54.623   761   761 E wificond: Failed to get NL80211_STA_INFO_CNAHLOAD
05-02 12:33:57.111  1099  1449 I chatty  : uid=1000(system) UEventObserver expire 10 lines
05-02 12:33:57.130  1099  1099 I chatty  : uid=1000 system_server expire 10 lines
05-02 12:33:57.190   761   761 E wificond: Failed to get NL80211_STA_INFO_CNAHLOAD
05-02 12:33:57.645   761   761 E wificond: Failed to get NL80211_STA_INFO_CNAHLOAD
05-02 12:33:57.660  1099  9624 I chatty  : uid=1000(system) Binder:1099_1E expire 13 lines
05-02 12:33:58.335   513   649 W SocketListener: sending broadcast to Pid = 1099, Uid = 1000 
05-02 12:33:58.338  1099  1480 I chatty  : uid=1000(system) NetdConnector expire 4 lines
05-02 12:33:58.344  1099  1176 I chatty  : uid=1000(system) android.fg expire 2 lines
05-02 12:33:59.170  1099  5195 I chatty  : uid=1000(system) Binder:1099_15 expire 15 lines
05-02 12:34:00.668   761   761 E wificond: Failed to get NL80211_STA_INFO_CNAHLOAD
05-02 12:34:00.684  1099  1888 I chatty  : uid=1000(system) Binder:1099_6 expire 10 lines
05-02 12:34:01.400  1099  2857 I chatty  : uid=1000(system) Binder:1099_12 expire 14 lines
05-02 12:34:03.691   761   761 E wificond: Failed to get NL80211_STA_INFO_CNAHLOAD
05-02 12:34:05.189   761   761 E wificond: Failed to get NL80211_STA_INFO_CNAHLOAD
05-02 12:34:06.712   761   761 E wificond: Failed to get NL80211_STA_INFO_CNAHLOAD
05-02 12:34:09.732   761   761 E wificond: Failed to get NL80211_STA_INFO_CNAHLOAD
05-02 12:34:12.760   761   761 E wificond: Failed to get NL80211_STA_INFO_CNAHLOAD
05-02 12:34:12.773  1099  1888 I chatty  : uid=1000(system) Binder:1099_6 expire 10 lines
05-02 12:34:13.191   761   761 E wificond: Failed to get NL80211_STA_INFO_CNAHLOAD
05-02 12:34:15.789   761   761 E wificond: Failed to get NL80211_STA_INFO_CNAHLOAD
05-02 12:34:18.816   761   761 E wificond: Failed to get NL80211_STA_INFO_CNAHLOAD
05-02 12:34:21.193   761   761 E wificond: Failed to get NL80211_STA_INFO_CNAHLOAD
05-02 12:34:21.838   761   761 E wificond: Failed to get NL80211_STA_INFO_CNAHLOAD
05-02 12:34:24.857   761   761 E wificond: Failed to get NL80211_STA_INFO_CNAHLOAD
05-02 12:34:27.886   761   761 E wificond: Failed to get NL80211_STA_INFO_CNAHLOAD
05-02 12:34:27.902  1099  1888 I chatty  : uid=1000(system) Binder:1099_6 expire 11 lines
05-02 12:34:29.195   761   761 E wificond: Failed to get NL80211_STA_INFO_CNAHLOAD
05-02 12:34:29.202   761   761 E wificond: Failed to get NL80211_STA_INFO_CNAHLOAD
05-02 12:34:29.266  1099  2857 I chatty  : uid=1000(system) Binder:1099_12 expire 10 lines
05-02 12:34:30.912   761   761 E wificond: Failed to get NL80211_STA_INFO_CNAHLOAD
05-02 12:34:31.489  1099  9624 I chatty  : uid=1000(system) Binder:1099_1E expire 11 lines
05-02 12:34:33.942   761   761 E wificond: Failed to get NL80211_STA_INFO_CNAHLOAD
05-02 12:34:33.954  1099  5195 I chatty  : uid=1000(system) Binder:1099_15 expire 10 lines
05-02 12:34:36.965   761   761 E wificond: Failed to get NL80211_STA_INFO_CNAHLOAD
05-02 12:34:37.197   761   761 E wificond: Failed to get NL80211_STA_INFO_CNAHLOAD
05-02 12:34:39.991   761   761 E wificond: Failed to get NL80211_STA_INFO_CNAHLOAD
05-02 12:34:43.013   761   761 E wificond: Failed to get NL80211_STA_INFO_CNAHLOAD
05-02 12:34:45.196   761   761 E wificond: Failed to get NL80211_STA_INFO_CNAHLOAD
05-02 12:34:46.034   761   761 E wificond: Failed to get NL80211_STA_INFO_CNAHLOAD
05-02 12:34:49.059   761   761 E wificond: Failed to get NL80211_STA_INFO_CNAHLOAD
05-02 12:34:49.074  1099  5195 I chatty  : uid=1000(system) Binder:1099_15 expire 15 lines
05-02 12:34:52.080   761   761 E wificond: Failed to get NL80211_STA_INFO_CNAHLOAD
05-02 12:34:52.095  1099  2857 I chatty  : uid=1000(system) Binder:1099_12 expire 7 lines
05-02 12:34:53.200   761   761 E wificond: Failed to get NL80211_STA_INFO_CNAHLOAD
05-02 12:34:55.105   761   761 E wificond: Failed to get NL80211_STA_INFO_CNAHLOAD
05-02 12:34:58.126   761   761 E wificond: Failed to get NL80211_STA_INFO_CNAHLOAD
05-02 12:35:01.153   761   761 E wificond: Failed to get NL80211_STA_INFO_CNAHLOAD
05-02 12:35:01.171  1099  5195 I chatty  : uid=1000(system) Binder:1099_15 expire 5 lines
05-02 12:35:01.199   761   761 E wificond: Failed to get NL80211_STA_INFO_CNAHLOAD
05-02 12:35:01.210   761   761 E wificond: Failed to get NL80211_STA_INFO_CNAHLOAD
05-02 12:35:01.601  1099  7392 I chatty  : uid=1000(system) Binder:1099_19 expire 23 lines
05-02 12:35:04.176   761   761 E wificond: Failed to get NL80211_STA_INFO_CNAHLOAD
05-02 12:35:07.203   761   761 E wificond: Failed to get NL80211_STA_INFO_CNAHLOAD
05-02 12:35:07.215  1099  9624 I chatty  : uid=1000(system) Binder:1099_1E expire 11 lines
05-02 12:35:09.204   761   761 E wificond: Failed to get NL80211_STA_INFO_CNAHLOAD
05-02 12:35:10.234   761   761 E wificond: Failed to get NL80211_STA_INFO_CNAHLOAD
05-02 12:35:13.005   513   649 W SocketListener: sending broadcast to Pid = 1099, Uid = 1000 
05-02 12:35:13.262   761   761 E wificond: Failed to get NL80211_STA_INFO_CNAHLOAD
05-02 12:35:16.287   761   761 E wificond: Failed to get NL80211_STA_INFO_CNAHLOAD
05-02 12:35:17.211   761   761 E wificond: Failed to get NL80211_STA_INFO_CNAHLOAD
05-02 12:35:19.321   761   761 E wificond: Failed to get NL80211_STA_INFO_CNAHLOAD
05-02 12:35:22.347   761   761 E wificond: Failed to get NL80211_STA_INFO_CNAHLOAD
05-02 12:35:22.361  1099  9624 I chatty  : uid=1000(system) Binder:1099_1E expire 18 lines
05-02 12:35:25.210   761   761 E wificond: Failed to get NL80211_STA_INFO_CNAHLOAD
05-02 12:35:25.220   761   761 I chatty  : uid=1010(wifi) /system/bin/wificond identical 4 lines
05-02 12:35:25.373   761   761 E wificond: Failed to get NL80211_STA_INFO_CNAHLOAD
05-02 12:35:27.749  1099  1099 I chatty  : uid=1000 system_server expire 4 lines
05-02 12:35:28.408   761   761 E wificond: Failed to get NL80211_STA_INFO_CNAHLOAD
05-02 12:35:31.437   761   761 E wificond: Failed to get NL80211_STA_INFO_CNAHLOAD
05-02 12:35:31.741  1099  2622 I chatty  : uid=1000(system) Binder:1099_F expire 1 line
05-02 12:35:33.218   761   761 E wificond: Failed to get NL80211_STA_INFO_CNAHLOAD
05-02 12:35:34.470   761   761 E wificond: Failed to get NL80211_STA_INFO_CNAHLOAD
05-02 12:35:34.485  1099  9624 I chatty  : uid=1000(system) Binder:1099_1E expire 12 lines
05-02 12:35:37.499   761   761 E wificond: Failed to get NL80211_STA_INFO_CNAHLOAD
05-02 12:35:37.512  1099  7392 I chatty  : uid=1000(system) Binder:1099_19 expire 10 lines
05-02 12:35:40.537   761   761 E wificond: Failed to get NL80211_STA_INFO_CNAHLOAD
05-02 12:35:41.216   761   761 E wificond: Failed to get NL80211_STA_INFO_CNAHLOAD
05-02 12:35:43.565   761   761 E wificond: Failed to get NL80211_STA_INFO_CNAHLOAD
05-02 12:35:46.597   761   761 E wificond: Failed to get NL80211_STA_INFO_CNAHLOAD
05-02 12:35:49.255   761   761 E wificond: Failed to get NL80211_STA_INFO_CNAHLOAD
05-02 12:35:49.619   761   761 E wificond: Failed to get NL80211_STA_INFO_CNAHLOAD
05-02 12:35:52.645   761   761 E wificond: Failed to get NL80211_STA_INFO_CNAHLOAD
05-02 12:35:52.665  1099  7392 I chatty  : uid=1000(system) Binder:1099_19 expire 12 lines
05-02 12:35:55.673   761   761 E wificond: Failed to get NL80211_STA_INFO_CNAHLOAD
05-02 12:35:57.224   761   761 E wificond: Failed to get NL80211_STA_INFO_CNAHLOAD
05-02 12:35:57.239   761   761 E wificond: Failed to get NL80211_STA_INFO_CNAHLOAD
05-02 12:35:58.699   761   761 E wificond: Failed to get NL80211_STA_INFO_CNAHLOAD
05-02 12:35:59.613  1099  9624 I chatty  : uid=1000(system) Binder:1099_1E expire 21 lines
05-02 12:36:00.003  1099  1099 I chatty  : uid=1000 system_server expire 10 lines
05-02 12:36:01.727   761   761 E wificond: Failed to get NL80211_STA_INFO_CNAHLOAD
05-02 12:36:01.829  1099  1111 I chatty  : uid=1000(system) Binder:1099_1 expire 19 lines
05-02 12:36:01.867  1099  2622 I chatty  : uid=1000(system) Binder:1099_F expire 11 lines
05-02 12:36:04.764   761   761 E wificond: Failed to get NL80211_STA_INFO_CNAHLOAD
05-02 12:36:05.224   761   761 E wificond: Failed to get NL80211_STA_INFO_CNAHLOAD
05-02 12:36:05.238   761   761 E wificond: Failed to get NL80211_STA_INFO_CNAHLOAD
05-02 12:36:05.843   513   649 W SocketListener: sending broadcast to Pid = 1099, Uid = 1000 
05-02 12:36:05.846  1099  1480 I chatty  : uid=1000(system) NetdConnector expire 10 lines
05-02 12:36:05.852  1099  1176 I chatty  : uid=1000(system) android.fg expire 7 lines
05-02 12:36:07.792   761   761 E wificond: Failed to get NL80211_STA_INFO_CNAHLOAD
05-02 12:36:10.821   761   761 E wificond: Failed to get NL80211_STA_INFO_CNAHLOAD
05-02 12:36:10.836  1099  9624 I chatty  : uid=1000(system) Binder:1099_1E expire 10 lines
05-02 12:36:13.224   761   761 E wificond: Failed to get NL80211_STA_INFO_CNAHLOAD
05-02 12:36:13.236   761   761 I chatty  : uid=1010(wifi) /system/bin/wificond identical 8 lines
05-02 12:36:13.843   761   761 E wificond: Failed to get NL80211_STA_INFO_CNAHLOAD
05-02 12:36:16.161  1099  1841 I chatty  : uid=1000(system) watchdog expire 4 lines
05-02 12:36:16.871   761   761 E wificond: Failed to get NL80211_STA_INFO_CNAHLOAD
05-02 12:36:19.899   761   761 E wificond: Failed to get NL80211_STA_INFO_CNAHLOAD
05-02 12:36:21.225   761   761 E wificond: Failed to get NL80211_STA_INFO_CNAHLOAD
05-02 12:36:22.925   761   761 E wificond: Failed to get NL80211_STA_INFO_CNAHLOAD
05-02 12:36:25.952   761   761 E wificond: Failed to get NL80211_STA_INFO_CNAHLOAD
05-02 12:36:25.966  1099  9624 I chatty  : uid=1000(system) Binder:1099_1E expire 10 lines
05-02 12:36:28.144  1099  1449 I chatty  : uid=1000(system) UEventObserver expire 6 lines
05-02 12:36:28.979   761   761 E wificond: Failed to get NL80211_STA_INFO_CNAHLOAD
05-02 12:36:29.225   761   761 E wificond: Failed to get NL80211_STA_INFO_CNAHLOAD
05-02 12:36:29.240   761   761 E wificond: Failed to get NL80211_STA_INFO_CNAHLOAD
05-02 12:36:32.004   761   761 E wificond: Failed to get NL80211_STA_INFO_CNAHLOAD
05-02 12:36:32.020  1099  1111 I chatty  : uid=1000(system) Binder:1099_1 expire 2 lines
05-02 12:36:35.036   761   761 E wificond: Failed to get NL80211_STA_INFO_CNAHLOAD
05-02 12:36:36.782   513   649 W SocketListener: sending broadcast to Pid = 1099, Uid = 1000 
05-02 12:36:36.798  1099  2622 I chatty  : uid=1000(system) Binder:1099_F expire 10 lines
05-02 12:36:37.224   761   761 E wificond: Failed to get NL80211_STA_INFO_CNAHLOAD
05-02 12:36:37.235   761   761 E wificond: Failed to get NL80211_STA_INFO_CNAHLOAD
05-02 12:36:37.645   513   649 W SocketListener: sending broadcast to Pid = 1099, Uid = 1000 
05-02 12:36:38.057   761   761 E wificond: Failed to get NL80211_STA_INFO_CNAHLOAD
05-02 12:36:41.083   761   761 E wificond: Failed to get NL80211_STA_INFO_CNAHLOAD
05-02 12:36:44.107   761   761 E wificond: Failed to get NL80211_STA_INFO_CNAHLOAD
05-02 12:36:45.232   761   761 E wificond: Failed to get NL80211_STA_INFO_CNAHLOAD
05-02 12:36:45.244   761   761 E wificond: Failed to get NL80211_STA_INFO_CNAHLOAD
05-02 12:36:47.131   761   761 E wificond: Failed to get NL80211_STA_INFO_CNAHLOAD
05-02 12:36:50.157   761   761 E wificond: Failed to get NL80211_STA_INFO_CNAHLOAD
05-02 12:36:50.173  1099  2622 I chatty  : uid=1000(system) Binder:1099_F expire 11 lines
05-02 12:36:52.652   513   649 W SocketListener: sending broadcast to Pid = 1099, Uid = 1000 
05-02 12:36:53.183   761   761 E wificond: Failed to get NL80211_STA_INFO_CNAHLOAD
05-02 12:36:53.229   761   761 E wificond: Failed to get NL80211_STA_INFO_CNAHLOAD
05-02 12:36:56.211   761   761 E wificond: Failed to get NL80211_STA_INFO_CNAHLOAD
05-02 12:36:59.233   761   761 E wificond: Failed to get NL80211_STA_INFO_CNAHLOAD
05-02 12:36:59.624  1099  9624 I chatty  : uid=1000(system) Binder:1099_1E expire 30 lines
05-02 12:37:01.232   761   761 E wificond: Failed to get NL80211_STA_INFO_CNAHLOAD
05-02 12:37:01.242   761   761 E wificond: Failed to get NL80211_STA_INFO_CNAHLOAD
05-02 12:37:02.255   761   761 E wificond: Failed to get NL80211_STA_INFO_CNAHLOAD
05-02 12:37:05.279   761   761 E wificond: Failed to get NL80211_STA_INFO_CNAHLOAD
05-02 12:37:08.301   761   761 E wificond: Failed to get NL80211_STA_INFO_CNAHLOAD
05-02 12:37:09.239   761   761 E wificond: Failed to get NL80211_STA_INFO_CNAHLOAD
05-02 12:37:09.251   761   761 E wificond: Failed to get NL80211_STA_INFO_CNAHLOAD
05-02 12:37:09.485   513   649 W SocketListener: sending broadcast to Pid = 1099, Uid = 1000 
05-02 12:37:11.336   761   761 E wificond: Failed to get NL80211_STA_INFO_CNAHLOAD
05-02 12:37:11.352  1099  9624 I chatty  : uid=1000(system) Binder:1099_1E expire 10 lines
05-02 12:37:12.975  1099  1465 I chatty  : uid=1000(system) AlarmManager expire 1 line
05-02 12:37:14.364   761   761 E wificond: Failed to get NL80211_STA_INFO_CNAHLOAD
05-02 12:37:17.240   761   761 E wificond: Failed to get NL80211_STA_INFO_CNAHLOAD
05-02 12:37:17.391   761   761 E wificond: Failed to get NL80211_STA_INFO_CNAHLOAD
05-02 12:37:20.412   761   761 E wificond: Failed to get NL80211_STA_INFO_CNAHLOAD
05-02 12:37:23.446   761   761 E wificond: Failed to get NL80211_STA_INFO_CNAHLOAD
05-02 12:37:24.524   513   649 W SocketListener: sending broadcast to Pid = 1099, Uid = 1000 
05-02 12:37:24.529  1099  1480 I chatty  : uid=1000(system) NetdConnector expire 4 lines
05-02 12:37:24.543  1099  9624 I chatty  : uid=1000(system) Binder:1099_1E expire 17 lines
05-02 12:37:25.248   761   761 E wificond: Failed to get NL80211_STA_INFO_CNAHLOAD
05-02 12:37:26.476   761   761 E wificond: Failed to get NL80211_STA_INFO_CNAHLOAD
05-02 12:37:29.502   761   761 E wificond: Failed to get NL80211_STA_INFO_CNAHLOAD
05-02 12:37:29.722  1099  7392 I chatty  : uid=1000(system) Binder:1099_19 expire 25 lines
05-02 12:37:29.881  1099  2622 I chatty  : uid=1000(system) Binder:1099_F expire 6 lines
05-02 12:37:29.970   513   649 W SocketListener: sending broadcast to Pid = 1099, Uid = 1000 
05-02 12:37:32.530   761   761 E wificond: Failed to get NL80211_STA_INFO_CNAHLOAD
05-02 12:37:33.247   761   761 E wificond: Failed to get NL80211_STA_INFO_CNAHLOAD
05-02 12:37:35.559   761   761 E wificond: Failed to get NL80211_STA_INFO_CNAHLOAD
05-02 12:37:38.590   761   761 E wificond: Failed to get NL80211_STA_INFO_CNAHLOAD
05-02 12:37:41.251   761   761 E wificond: Failed to get NL80211_STA_INFO_CNAHLOAD
05-02 12:37:41.617   761   761 E wificond: Failed to get NL80211_STA_INFO_CNAHLOAD
05-02 12:37:41.633  1099  7392 I chatty  : uid=1000(system) Binder:1099_19 expire 11 lines
05-02 12:37:44.646   761   761 E wificond: Failed to get NL80211_STA_INFO_CNAHLOAD
05-02 12:37:47.669   761   761 E wificond: Failed to get NL80211_STA_INFO_CNAHLOAD
05-02 12:37:49.254   761   761 E wificond: Failed to get NL80211_STA_INFO_CNAHLOAD
05-02 12:37:50.695   761   761 E wificond: Failed to get NL80211_STA_INFO_CNAHLOAD
05-02 12:37:51.333  1099  9624 I chatty  : uid=1000(system) Binder:1099_1E expire 13 lines
05-02 12:37:51.575  1099  1099 I chatty  : uid=1000 system_server expire 12 lines
05-02 12:37:51.613  5221  5237 W ContextImpl: Calling a method in the system process without a qualified user: android.app.ContextImpl.sendBroadcast:1074 android.content.ContextWrapper.sendBroadcast:431 com.huawei.android.pushagent.model.pushcommand.PushCommandProcessor.a:79 com.huawei.android.pushagent.model.pushcommand.PushCommandProcessor.g:89 com.huawei.android.pushagent.model.pushcommand.PushCommandProcessor.h:354 
05-02 12:37:51.614  1099  7392 I chatty  : uid=1000(system) Binder:1099_19 expire 13 lines
05-02 12:37:51.623  1099  9624 I chatty  : uid=1000(system) Binder:1099_1E expire 16 lines
05-02 12:37:53.722   761   761 E wificond: Failed to get NL80211_STA_INFO_CNAHLOAD
05-02 12:37:56.752   761   761 E wificond: Failed to get NL80211_STA_INFO_CNAHLOAD
05-02 12:37:57.254   761   761 E wificond: Failed to get NL80211_STA_INFO_CNAHLOAD
05-02 12:37:57.263   761   761 E wificond: Failed to get NL80211_STA_INFO_CNAHLOAD
05-02 12:37:58.772  1099  1449 I chatty  : uid=1000(system) UEventObserver expire 10 lines
05-02 12:37:59.774   761   761 E wificond: Failed to get NL80211_STA_INFO_CNAHLOAD
05-02 12:37:59.871  1099  2857 I chatty  : uid=1000(system) Binder:1099_12 expire 11 lines
05-02 12:38:00.112  1099  1111 I chatty  : uid=1000(system) Binder:1099_1 expire 1 line
05-02 12:38:02.253  1099  1888 I chatty  : uid=1000(system) Binder:1099_6 expire 20 lines
05-02 12:38:02.804   761   761 E wificond: Failed to get NL80211_STA_INFO_CNAHLOAD
05-02 12:38:05.259   761   761 E wificond: Failed to get NL80211_STA_INFO_CNAHLOAD
05-02 12:38:05.275   761   761 I chatty  : uid=1010(wifi) /system/bin/wificond identical 10 lines
05-02 12:38:05.830   761   761 E wificond: Failed to get NL80211_STA_INFO_CNAHLOAD
05-02 12:38:08.860   761   761 E wificond: Failed to get NL80211_STA_INFO_CNAHLOAD
05-02 12:38:11.890   761   761 E wificond: Failed to get NL80211_STA_INFO_CNAHLOAD
05-02 12:38:13.260   761   761 E wificond: Failed to get NL80211_STA_INFO_CNAHLOAD
05-02 12:38:14.917   761   761 E wificond: Failed to get NL80211_STA_INFO_CNAHLOAD
05-02 12:38:16.170  1099  1841 I chatty  : uid=1000(system) watchdog expire 4 lines
05-02 12:38:17.944   761   761 E wificond: Failed to get NL80211_STA_INFO_CNAHLOAD
05-02 12:38:17.960  1099  2857 I chatty  : uid=1000(system) Binder:1099_12 expire 10 lines
05-02 12:38:20.969   761   761 E wificond: Failed to get NL80211_STA_INFO_CNAHLOAD
05-02 12:38:21.262   761   761 E wificond: Failed to get NL80211_STA_INFO_CNAHLOAD
05-02 12:38:23.997   761   761 E wificond: Failed to get NL80211_STA_INFO_CNAHLOAD
05-02 12:38:27.025   761   761 E wificond: Failed to get NL80211_STA_INFO_CNAHLOAD
05-02 12:38:29.255   761   761 E wificond: Failed to get NL80211_STA_INFO_CNAHLOAD
05-02 12:38:29.261   513   649 W SocketListener: sending broadcast to Pid = 1099, Uid = 1000 
05-02 12:38:29.264  1099  1480 I chatty  : uid=1000(system) NetdConnector expire 4 lines
05-02 12:38:29.268   761   761 E wificond: Failed to get NL80211_STA_INFO_CNAHLOAD
05-02 12:38:29.270  1099  1176 I chatty  : uid=1000(system) android.fg expire 2 lines
05-02 12:38:29.962  1099  1888 I chatty  : uid=1000(system) Binder:1099_6 expire 14 lines
05-02 12:38:30.048   761   761 E wificond: Failed to get NL80211_STA_INFO_CNAHLOAD
05-02 12:38:30.060  1099  2857 I chatty  : uid=1000(system) Binder:1099_12 expire 2 lines
05-02 12:38:32.409  1099  2865 I chatty  : uid=1000(system) Binder:1099_13 expire 18 lines
05-02 12:38:33.074   761   761 E wificond: Failed to get NL80211_STA_INFO_CNAHLOAD
05-02 12:38:33.088  1099  7392 I chatty  : uid=1000(system) Binder:1099_19 expire 10 lines
05-02 12:38:36.097   761   761 E wificond: Failed to get NL80211_STA_INFO_CNAHLOAD
05-02 12:38:37.264   761   761 E wificond: Failed to get NL80211_STA_INFO_CNAHLOAD
05-02 12:38:39.128   761   761 E wificond: Failed to get NL80211_STA_INFO_CNAHLOAD
05-02 12:38:42.162   761   761 E wificond: Failed to get NL80211_STA_INFO_CNAHLOAD
05-02 12:38:45.186   761   761 E wificond: Failed to get NL80211_STA_INFO_CNAHLOAD
05-02 12:38:45.259   761   761 E wificond: Failed to get NL80211_STA_INFO_CNAHLOAD
05-02 12:38:45.267   761   761 E wificond: Failed to get NL80211_STA_INFO_CNAHLOAD
05-02 12:38:48.212   761   761 E wificond: Failed to get NL80211_STA_INFO_CNAHLOAD
05-02 12:38:48.225  1099  7392 I chatty  : uid=1000(system) Binder:1099_19 expire 8 lines
05-02 12:38:51.234   761   761 E wificond: Failed to get NL80211_STA_INFO_CNAHLOAD
05-02 12:38:53.266   761   761 E wificond: Failed to get NL80211_STA_INFO_CNAHLOAD
05-02 12:38:54.268   761   761 E wificond: Failed to get NL80211_STA_INFO_CNAHLOAD
05-02 12:38:57.297   761   761 E wificond: Failed to get NL80211_STA_INFO_CNAHLOAD
05-02 12:39:00.064  1099  1888 I chatty  : uid=1000(system) Binder:1099_6 expire 12 lines
05-02 12:39:00.183  1099  9624 I chatty  : uid=1000(system) Binder:1099_1E expire 7 lines
05-02 12:39:00.320   761   761 E wificond: Failed to get NL80211_STA_INFO_CNAHLOAD
05-02 12:39:01.269   761   761 E wificond: Failed to get NL80211_STA_INFO_CNAHLOAD
05-02 12:39:01.285   761   761 E wificond: Failed to get NL80211_STA_INFO_CNAHLOAD
05-02 12:39:03.342   761   761 E wificond: Failed to get NL80211_STA_INFO_CNAHLOAD
05-02 12:39:03.358  1099  2865 I chatty  : uid=1000(system) Binder:1099_13 expire 10 lines
05-02 12:39:06.375   761   761 E wificond: Failed to get NL80211_STA_INFO_CNAHLOAD
05-02 12:39:09.274   761   761 E wificond: Failed to get NL80211_STA_INFO_CNAHLOAD
05-02 12:39:09.398   761   761 E wificond: Failed to get NL80211_STA_INFO_CNAHLOAD
05-02 12:39:12.424   761   761 E wificond: Failed to get NL80211_STA_INFO_CNAHLOAD
05-02 12:39:15.449   761   761 E wificond: Failed to get NL80211_STA_INFO_CNAHLOAD
05-02 12:39:17.277   761   761 E wificond: Failed to get NL80211_STA_INFO_CNAHLOAD
05-02 12:39:17.292   761   761 E wificond: Failed to get NL80211_STA_INFO_CNAHLOAD
05-02 12:39:17.597  1099  1156 I chatty  : uid=1000(system) android.bg expire 1 line
05-02 12:39:18.468   761   761 E wificond: Failed to get NL80211_STA_INFO_CNAHLOAD
05-02 12:39:18.482  1099  2865 I chatty  : uid=1000(system) Binder:1099_13 expire 22 lines
05-02 12:39:21.493   761   761 E wificond: Failed to get NL80211_STA_INFO_CNAHLOAD
05-02 12:39:24.523   761   761 E wificond: Failed to get NL80211_STA_INFO_CNAHLOAD
05-02 12:39:25.276   761   761 E wificond: Failed to get NL80211_STA_INFO_CNAHLOAD
05-02 12:39:27.547   761   761 E wificond: Failed to get NL80211_STA_INFO_CNAHLOAD
05-02 12:39:29.415  1099  1099 I chatty  : uid=1000 system_server expire 6 lines
05-02 12:39:30.167  1099  1888 I chatty  : uid=1000(system) Binder:1099_6 expire 17 lines
05-02 12:39:30.572   761   761 E wificond: Failed to get NL80211_STA_INFO_CNAHLOAD
05-02 12:39:33.282   761   761 E wificond: Failed to get NL80211_STA_INFO_CNAHLOAD
05-02 12:39:33.590   761   761 E wificond: Failed to get NL80211_STA_INFO_CNAHLOAD
05-02 12:39:33.605  1099  2865 I chatty  : uid=1000(system) Binder:1099_13 expire 10 lines
05-02 12:39:36.620   761   761 E wificond: Failed to get NL80211_STA_INFO_CNAHLOAD
05-02 12:39:39.646   761   761 E wificond: Failed to get NL80211_STA_INFO_CNAHLOAD
05-02 12:39:41.283   761   761 E wificond: Failed to get NL80211_STA_INFO_CNAHLOAD
05-02 12:39:42.678   761   761 E wificond: Failed to get NL80211_STA_INFO_CNAHLOAD
05-02 12:39:45.702   761   761 E wificond: Failed to get NL80211_STA_INFO_CNAHLOAD
05-02 12:39:48.729   761   761 E wificond: Failed to get NL80211_STA_INFO_CNAHLOAD
05-02 12:39:48.745  1099  2865 I chatty  : uid=1000(system) Binder:1099_13 expire 11 lines
05-02 12:39:49.281   761   761 E wificond: Failed to get NL80211_STA_INFO_CNAHLOAD
05-02 12:39:51.758   761   761 E wificond: Failed to get NL80211_STA_INFO_CNAHLOAD
05-02 12:39:52.061  1099  1165 I chatty  : uid=1000(system) batterystats-sy expire 2 lines
05-02 12:39:53.149  1099 19887 I chatty  : uid=1000 system_server expire 1 line
05-02 12:39:53.160   513   649 W SocketListener: sending broadcast to Pid = 1099, Uid = 1000 
05-02 12:39:54.784   761   761 E wificond: Failed to get NL80211_STA_INFO_CNAHLOAD
05-02 12:39:57.284   761   761 E wificond: Failed to get NL80211_STA_INFO_CNAHLOAD
05-02 12:39:57.294   761   761 I chatty  : uid=1010(wifi) /system/bin/wificond identical 1 line
05-02 12:39:57.810   761   761 E wificond: Failed to get NL80211_STA_INFO_CNAHLOAD
05-02 12:39:58.770   759   834 E /system/bin/storaged: open file /data/storaged/storaged.txt failed!2
05-02 12:39:58.770   759   834 E /system/bin/storaged: write(append)  diskstat data failed!ts:1525235998,read bytes:21770240, write bytes: 713838592
05-02 12:39:58.786   759   834 E /system/bin/storaged: curr_io_stats:  size: 88
05-02 12:39:58.792   759   834 E /system/bin/storaged: open file /data/storaged/storaged.txt failed!2
05-02 12:39:58.792   759   834 E /system/bin/storaged: write(append)  uid data failed!
05-02 12:39:58.792   759   834 E /system/bin/storaged: pid_info get_pids failed
05-02 12:40:00.294  1099  1888 I chatty  : uid=1000(system) Binder:1099_6 expire 8 lines
05-02 12:40:00.485  1099  2865 I chatty  : uid=1000(system) Binder:1099_13 expire 17 lines
05-02 12:40:00.835   761   761 E wificond: Failed to get NL80211_STA_INFO_CNAHLOAD
05-02 12:40:00.851  1099  7392 I chatty  : uid=1000(system) Binder:1099_19 expire 21 lines
05-02 12:40:02.709  1099  2857 I chatty  : uid=1000(system) Binder:1099_12 expire 11 lines
05-02 12:40:03.862   761   761 E wificond: Failed to get NL80211_STA_INFO_CNAHLOAD
05-02 12:40:05.286   761   761 E wificond: Failed to get NL80211_STA_INFO_CNAHLOAD
05-02 12:40:05.296   761   761 I chatty  : uid=1010(wifi) /system/bin/wificond identical 23 lines
05-02 12:40:08.752  1099  1568 I chatty  : uid=1000(system) StatisticsCHRMs expire 4 lines
05-02 12:40:09.230   513   649 W SocketListener: sending broadcast to Pid = 1099, Uid = 1000 
05-02 12:40:09.232  1099  1480 I chatty  : uid=1000(system) NetdConnector expire 8 lines
05-02 12:40:09.234  1099  1176 I chatty  : uid=1000(system) android.fg expire 4 lines
05-02 12:40:12.967  1099  7392 I chatty  : uid=1000(system) Binder:1099_19 expire 22 lines
05-02 12:40:16.179  1099  1841 I chatty  : uid=1000(system) watchdog expire 3 lines
05-02 12:40:29.808  1099  1449 I chatty  : uid=1000(system) UEventObserver expire 6 lines
05-02 12:40:29.823  1099  1099 I chatty  : uid=1000 system_server expire 10 lines
05-02 12:40:32.790  1099  2865 I chatty  : uid=1000(system) Binder:1099_13 expire 10 lines
05-02 12:40:34.165   761   761 E wificond: Failed to get NL80211_STA_INFO_CNAHLOAD
05-02 12:40:34.178  1099  2857 I chatty  : uid=1000(system) Binder:1099_12 expire 10 lines
05-02 12:40:37.194   761   761 E wificond: Failed to get NL80211_STA_INFO_CNAHLOAD
05-02 12:40:37.295   761   761 E wificond: Failed to get NL80211_STA_INFO_CNAHLOAD
05-02 12:40:40.220   761   761 E wificond: Failed to get NL80211_STA_INFO_CNAHLOAD
05-02 12:40:43.247   761   761 E wificond: Failed to get NL80211_STA_INFO_CNAHLOAD
05-02 12:40:45.297   761   761 E wificond: Failed to get NL80211_STA_INFO_CNAHLOAD
05-02 12:40:45.307   761   761 E wificond: Failed to get NL80211_STA_INFO_CNAHLOAD
05-02 12:40:46.275   761   761 E wificond: Failed to get NL80211_STA_INFO_CNAHLOAD
05-02 12:40:49.305   761   761 E wificond: Failed to get NL80211_STA_INFO_CNAHLOAD
05-02 12:40:49.319  1099  2857 I chatty  : uid=1000(system) Binder:1099_12 expire 17 lines
05-02 12:40:52.329   761   761 E wificond: Failed to get NL80211_STA_INFO_CNAHLOAD
05-02 12:40:53.297   761   761 E wificond: Failed to get NL80211_STA_INFO_CNAHLOAD
05-02 12:40:55.357   761   761 E wificond: Failed to get NL80211_STA_INFO_CNAHLOAD
05-02 12:40:58.385   761   761 E wificond: Failed to get NL80211_STA_INFO_CNAHLOAD
05-02 12:41:00.142  1099  1111 I chatty  : uid=1000(system) Binder:1099_1 expire 4 lines
05-02 12:41:01.306   761   761 E wificond: Failed to get NL80211_STA_INFO_CNAHLOAD
05-02 12:41:01.404   761   761 E wificond: Failed to get NL80211_STA_INFO_CNAHLOAD
05-02 12:41:01.419  1099  2857 I chatty  : uid=1000(system) Binder:1099_12 expire 17 lines
05-02 12:41:02.943  1099  2622 I chatty  : uid=1000(system) Binder:1099_F expire 23 lines
05-02 12:41:03.260  1099  1512 I chatty  : uid=1000(system) WifiScanningSer expire 1 line
05-02 12:41:04.433   761   761 E wificond: Failed to get NL80211_STA_INFO_CNAHLOAD
05-02 12:41:05.618   513   650 W SocketListener: sending broadcast to Pid = 1099, Uid = 1000 
05-02 12:41:05.703   513   649 W SocketListener: sending broadcast to Pid = 1099, Uid = 1000 
05-02 12:41:05.828  1099  1847 I chatty  : uid=1000(system) LocationThread expire 28 lines
05-02 12:41:05.833  1099 19920 I chatty  : uid=1000 system_server expire 1 line
05-02 12:41:05.882   767   767 D libgps  : proxy_gps_inject_location: called.
05-02 12:41:05.909  1099 19922 I chatty  : uid=1000 system_server expire 1 line
05-02 12:41:05.922   767   767 D libgps  : proxy_gps_inject_location: called.
05-02 12:41:07.466   761   761 E wificond: Failed to get NL80211_STA_INFO_CNAHLOAD
05-02 12:41:09.308   761   761 E wificond: Failed to get NL80211_STA_INFO_CNAHLOAD
05-02 12:41:10.489   761   761 E wificond: Failed to get NL80211_STA_INFO_CNAHLOAD
05-02 12:41:13.524   761   761 E wificond: Failed to get NL80211_STA_INFO_CNAHLOAD
05-02 12:41:13.540  1099  2857 I chatty  : uid=1000(system) Binder:1099_12 expire 11 lines
05-02 12:41:16.549   761   761 E wificond: Failed to get NL80211_STA_INFO_CNAHLOAD
05-02 12:41:17.309   761   761 E wificond: Failed to get NL80211_STA_INFO_CNAHLOAD
05-02 12:41:19.583   761   761 E wificond: Failed to get NL80211_STA_INFO_CNAHLOAD
05-02 12:41:20.815   513   649 W SocketListener: sending broadcast to Pid = 1099, Uid = 1000 
05-02 12:41:22.611   761   761 E wificond: Failed to get NL80211_STA_INFO_CNAHLOAD
05-02 12:41:25.315   761   761 E wificond: Failed to get NL80211_STA_INFO_CNAHLOAD
05-02 12:41:25.637   761   761 E wificond: Failed to get NL80211_STA_INFO_CNAHLOAD
05-02 12:41:28.662   761   761 E wificond: Failed to get NL80211_STA_INFO_CNAHLOAD
05-02 12:41:28.678  1099  2857 I chatty  : uid=1000(system) Binder:1099_12 expire 12 lines
05-02 12:41:31.688   761   761 E wificond: Failed to get NL80211_STA_INFO_CNAHLOAD
05-02 12:41:31.703  1099  2622 I chatty  : uid=1000(system) Binder:1099_F expire 17 lines
05-02 12:41:33.309   761   761 E wificond: Failed to get NL80211_STA_INFO_CNAHLOAD
05-02 12:41:34.716   761   761 E wificond: Failed to get NL80211_STA_INFO_CNAHLOAD
05-02 12:41:37.744   761   761 E wificond: Failed to get NL80211_STA_INFO_CNAHLOAD
05-02 12:41:40.772   761   761 E wificond: Failed to get NL80211_STA_INFO_CNAHLOAD
05-02 12:41:41.313   761   761 E wificond: Failed to get NL80211_STA_INFO_CNAHLOAD
05-02 12:41:41.326   761   761 I chatty  : uid=1010(wifi) /system/bin/wificond identical 5 lines
05-02 12:41:43.802   761   761 E wificond: Failed to get NL80211_STA_INFO_CNAHLOAD
05-02 12:41:43.816  1099  2622 I chatty  : uid=1000(system) Binder:1099_F expire 11 lines
05-02 12:41:45.850   513   649 W SocketListener: sending broadcast to Pid = 1099, Uid = 1000 
05-02 12:41:45.855  1099  1480 I chatty  : uid=1000(system) NetdConnector expire 6 lines
05-02 12:41:45.858  1099  1176 I chatty  : uid=1000(system) android.fg expire 3 lines
05-02 12:41:46.187  1099  1841 I chatty  : uid=1000(system) watchdog expire 3 lines
05-02 12:41:46.824   761   761 E wificond: Failed to get NL80211_STA_INFO_CNAHLOAD
05-02 12:41:49.319   761   761 E wificond: Failed to get NL80211_STA_INFO_CNAHLOAD
05-02 12:41:49.847   761   761 E wificond: Failed to get NL80211_STA_INFO_CNAHLOAD
05-02 12:41:51.430  1099  1465 I chatty  : uid=1000(system) AlarmManager expire 1 line
05-02 12:41:52.875   761   761 E wificond: Failed to get NL80211_STA_INFO_CNAHLOAD
05-02 12:41:55.912   761   761 E wificond: Failed to get NL80211_STA_INFO_CNAHLOAD
05-02 12:41:57.322   761   761 E wificond: Failed to get NL80211_STA_INFO_CNAHLOAD
05-02 12:41:58.947   761   761 E wificond: Failed to get NL80211_STA_INFO_CNAHLOAD
05-02 12:41:58.962  1099  2622 I chatty  : uid=1000(system) Binder:1099_F expire 23 lines
05-02 12:41:59.428  1099  2857 I chatty  : uid=1000(system) Binder:1099_12 expire 31 lines
05-02 12:41:59.726  1099  1111 I chatty  : uid=1000(system) Binder:1099_1 expire 14 lines
05-02 12:42:00.003  1099  1099 I chatty  : uid=1000 system_server expire 29 lines
05-02 12:42:00.431  1099  1449 I chatty  : uid=1000(system) UEventObserver expire 4 lines
05-02 12:42:01.981   761   761 E wificond: Failed to get NL80211_STA_INFO_CNAHLOAD
05-02 12:42:05.009   761   761 E wificond: Failed to get NL80211_STA_INFO_CNAHLOAD
05-02 12:42:05.321   761   761 E wificond: Failed to get NL80211_STA_INFO_CNAHLOAD
05-02 12:42:05.336   761   761 E wificond: Failed to get NL80211_STA_INFO_CNAHLOAD
05-02 12:42:08.036   761   761 E wificond: Failed to get NL80211_STA_INFO_CNAHLOAD
05-02 12:42:11.063   761   761 E wificond: Failed to get NL80211_STA_INFO_CNAHLOAD
05-02 12:42:11.078  1099  2622 I chatty  : uid=1000(system) Binder:1099_F expire 10 lines
05-02 12:42:13.324   761   761 E wificond: Failed to get NL80211_STA_INFO_CNAHLOAD
05-02 12:42:14.088   761   761 E wificond: Failed to get NL80211_STA_INFO_CNAHLOAD
05-02 12:42:15.021   513   649 W SocketListener: sending broadcast to Pid = 1099, Uid = 1000 
05-02 12:42:17.120   761   761 E wificond: Failed to get NL80211_STA_INFO_CNAHLOAD
05-02 12:42:20.148   761   761 E wificond: Failed to get NL80211_STA_INFO_CNAHLOAD
05-02 12:42:21.327   761   761 E wificond: Failed to get NL80211_STA_INFO_CNAHLOAD
05-02 12:42:21.342   761   761 E wificond: Failed to get NL80211_STA_INFO_CNAHLOAD
05-02 12:42:21.675   513   649 W SocketListener: sending broadcast to Pid = 1099, Uid = 1000 
05-02 12:42:23.171   761   761 E wificond: Failed to get NL80211_STA_INFO_CNAHLOAD
05-02 12:42:23.184  1099  2622 I chatty  : uid=1000(system) Binder:1099_F expire 11 lines
05-02 12:42:26.205   761   761 E wificond: Failed to get NL80211_STA_INFO_CNAHLOAD
05-02 12:42:27.787  1099  2857 I chatty  : uid=1000(system) Binder:1099_12 expire 11 lines
05-02 12:42:28.077  5221  5237 W ContextImpl: Calling a method in the system process without a qualified user: android.app.ContextImpl.sendBroadcast:1074 android.content.ContextWrapper.sendBroadcast:431 com.huawei.android.pushagent.model.pushcommand.PushCommandProcessor.a:79 com.huawei.android.pushagent.model.pushcommand.PushCommandProcessor.g:89 com.huawei.android.pushagent.model.pushcommand.PushCommandProcessor.h:354 
05-02 12:42:29.234   761   761 E wificond: Failed to get NL80211_STA_INFO_CNAHLOAD
05-02 12:42:29.327   761   761 E wificond: Failed to get NL80211_STA_INFO_CNAHLOAD
05-02 12:42:29.336   761   761 E wificond: Failed to get NL80211_STA_INFO_CNAHLOAD
05-02 12:42:32.262   761   761 E wificond: Failed to get NL80211_STA_INFO_CNAHLOAD
05-02 12:42:35.289   761   761 E wificond: Failed to get NL80211_STA_INFO_CNAHLOAD
05-02 12:42:35.308  1099  2622 I chatty  : uid=1000(system) Binder:1099_F expire 9 lines
05-02 12:42:37.332   761   761 E wificond: Failed to get NL80211_STA_INFO_CNAHLOAD
05-02 12:42:38.312   761   761 E wificond: Failed to get NL80211_STA_INFO_CNAHLOAD
05-02 12:42:40.600 19965 19965 D ActivityThread: ActivityThread,attachApplication
05-02 12:42:40.601  1099  7678 I chatty  : uid=1000(system) Binder:1099_1A expire 8 lines
05-02 12:42:40.684  1099  1099 I chatty  : uid=1000 system_server expire 8 lines
05-02 12:42:40.741  1099  2865 I chatty  : uid=1000(system) Binder:1099_13 expire 2 lines
05-02 12:42:40.757  1099  1929 I chatty  : uid=1000(system) Binder:1099_A expire 1 line
05-02 12:42:40.784  1099  1498 I chatty  : uid=1000(system) Binder:1099_3 expire 42 lines
05-02 12:42:41.339   761   761 E wificond: Failed to get NL80211_STA_INFO_CNAHLOAD
05-02 12:42:42.963  1099  2607 I chatty  : uid=1000(system) Binder:1099_D expire 19 lines
05-02 12:42:44.363   761   761 E wificond: Failed to get NL80211_STA_INFO_CNAHLOAD
05-02 12:42:45.332   761   761 E wificond: Failed to get NL80211_STA_INFO_CNAHLOAD
05-02 12:42:45.351   761   761 E wificond: Failed to get NL80211_STA_INFO_CNAHLOAD
05-02 12:42:45.862 19991 19991 D ActivityThread: ActivityThread,attachApplication
05-02 12:42:46.071  1099  1159 I chatty  : uid=1000(system) ActivityManager expire 1 line
05-02 12:42:46.114 20024 20024 D ActivityThread: ActivityThread,attachApplication
05-02 12:42:46.115  1099  2857 I chatty  : uid=1000(system) Binder:1099_12 expire 9 lines
05-02 12:42:46.158 20024 20024 I         : RegisterNatives OK!
05-02 12:42:46.531  1099  1918 I chatty  : uid=1000(system) Binder:1099_7 expire 1 line
05-02 12:42:46.538  1099  1178 I chatty  : uid=1000(system) android.display expire 1 line
05-02 12:42:47.390   761   761 E wificond: Failed to get NL80211_STA_INFO_CNAHLOAD
05-02 12:42:47.717  1099  2607 I chatty  : uid=1000(system) Binder:1099_D expire 15 lines
05-02 12:42:48.081  1099  2857 I chatty  : uid=1000(system) Binder:1099_12 expire 10 lines
05-02 12:42:50.418   761   761 E wificond: Failed to get NL80211_STA_INFO_CNAHLOAD
05-02 12:42:52.100  1099  1918 I chatty  : uid=1000(system) Binder:1099_7 expire 2 lines
05-02 12:42:53.336   761   761 E wificond: Failed to get NL80211_STA_INFO_CNAHLOAD
05-02 12:42:53.351   761   761 I chatty  : uid=1010(wifi) /system/bin/wificond identical 10 lines
05-02 12:42:53.442   761   761 E wificond: Failed to get NL80211_STA_INFO_CNAHLOAD
05-02 12:42:55.791   513   649 W SocketListener: sending broadcast to Pid = 1099, Uid = 1000 
05-02 12:42:55.793  1099  1480 I chatty  : uid=1000(system) NetdConnector expire 8 lines
05-02 12:42:55.795  1099  1176 I chatty  : uid=1000(system) android.fg expire 4 lines
05-02 12:42:56.466   761   761 E wificond: Failed to get NL80211_STA_INFO_CNAHLOAD
05-02 12:42:59.492   761   761 E wificond: Failed to get NL80211_STA_INFO_CNAHLOAD
05-02 12:42:59.508  1099  2621 I chatty  : uid=1000(system) Binder:1099_E expire 23 lines
05-02 12:43:00.004  1099  1099 I chatty  : uid=1000 system_server expire 10 lines
05-02 12:43:00.121  1099  2607 I chatty  : uid=1000(system) Binder:1099_D expire 17 lines
05-02 12:43:00.845  1099  1449 I chatty  : uid=1000(system) UEventObserver expire 8 lines
05-02 12:43:01.339   761   761 E wificond: Failed to get NL80211_STA_INFO_CNAHLOAD
05-02 12:43:02.517   761   761 E wificond: Failed to get NL80211_STA_INFO_CNAHLOAD
05-02 12:43:05.226   513   649 W SocketListener: sending broadcast to Pid = 1099, Uid = 1000 
05-02 12:43:05.547   761   761 E wificond: Failed to get NL80211_STA_INFO_CNAHLOAD
05-02 12:43:08.579   761   761 E wificond: Failed to get NL80211_STA_INFO_CNAHLOAD
05-02 12:43:09.340   761   761 E wificond: Failed to get NL80211_STA_INFO_CNAHLOAD
05-02 12:43:09.355   761   761 E wificond: Failed to get NL80211_STA_INFO_CNAHLOAD
05-02 12:43:11.605   761   761 E wificond: Failed to get NL80211_STA_INFO_CNAHLOAD
05-02 12:43:11.621  1099  2607 I chatty  : uid=1000(system) Binder:1099_D expire 16 lines
05-02 12:43:14.632   761   761 E wificond: Failed to get NL80211_STA_INFO_CNAHLOAD
05-02 12:43:16.193  1099  1841 I chatty  : uid=1000(system) watchdog expire 4 lines
05-02 12:43:17.341   761   761 E wificond: Failed to get NL80211_STA_INFO_CNAHLOAD
05-02 12:43:17.658   761   761 E wificond: Failed to get NL80211_STA_INFO_CNAHLOAD
05-02 12:43:20.687   761   761 E wificond: Failed to get NL80211_STA_INFO_CNAHLOAD
05-02 12:43:22.350   513   649 W SocketListener: sending broadcast to Pid = 1099, Uid = 1000 
05-02 12:43:22.362  1099  2607 I chatty  : uid=1000(system) Binder:1099_D expire 25 lines
05-02 12:43:23.717   761   761 E wificond: Failed to get NL80211_STA_INFO_CNAHLOAD
05-02 12:43:25.342   761   761 E wificond: Failed to get NL80211_STA_INFO_CNAHLOAD
05-02 12:43:26.746   761   761 E wificond: Failed to get NL80211_STA_INFO_CNAHLOAD
05-02 12:43:29.778   761   761 E wificond: Failed to get NL80211_STA_INFO_CNAHLOAD
05-02 12:43:32.803   761   761 E wificond: Failed to get NL80211_STA_INFO_CNAHLOAD
05-02 12:43:32.817  1099  2857 I chatty  : uid=1000(system) Binder:1099_12 expire 11 lines
05-02 12:43:33.347   761   761 E wificond: Failed to get NL80211_STA_INFO_CNAHLOAD
05-02 12:43:35.829   761   761 E wificond: Failed to get NL80211_STA_INFO_CNAHLOAD
05-02 12:43:38.871   761   761 E wificond: Failed to get NL80211_STA_INFO_CNAHLOAD
05-02 12:43:41.351   761   761 E wificond: Failed to get NL80211_STA_INFO_CNAHLOAD
05-02 12:43:41.900   761   761 E wificond: Failed to get NL80211_STA_INFO_CNAHLOAD
05-02 12:43:43.327  1099  2607 I chatty  : uid=1000(system) Binder:1099_D expire 11 lines
05-02 12:43:44.924   761   761 E wificond: Failed to get NL80211_STA_INFO_CNAHLOAD
05-02 12:43:44.936  1099  2621 I chatty  : uid=1000(system) Binder:1099_E expire 10 lines
05-02 12:43:47.954   761   761 E wificond: Failed to get NL80211_STA_INFO_CNAHLOAD
05-02 12:43:49.355   761   761 E wificond: Failed to get NL80211_STA_INFO_CNAHLOAD
05-02 12:43:50.988   761   761 E wificond: Failed to get NL80211_STA_INFO_CNAHLOAD
05-02 12:43:54.011   761   761 E wificond: Failed to get NL80211_STA_INFO_CNAHLOAD
05-02 12:43:57.038   761   761 E wificond: Failed to get NL80211_STA_INFO_CNAHLOAD
05-02 12:43:57.350   761   761 E wificond: Failed to get NL80211_STA_INFO_CNAHLOAD
05-02 12:43:57.362   761   761 E wificond: Failed to get NL80211_STA_INFO_CNAHLOAD
05-02 12:44:00.077   761   761 E wificond: Failed to get NL80211_STA_INFO_CNAHLOAD
05-02 12:44:00.115  1099  2621 I chatty  : uid=1000(system) Binder:1099_E expire 13 lines
05-02 12:44:03.104   761   761 E wificond: Failed to get NL80211_STA_INFO_CNAHLOAD
05-02 12:44:05.361   761   761 E wificond: Failed to get NL80211_STA_INFO_CNAHLOAD
05-02 12:44:06.129   761   761 E wificond: Failed to get NL80211_STA_INFO_CNAHLOAD
05-02 12:44:06.145  1099  2857 I chatty  : uid=1000(system) Binder:1099_12 expire 5 lines
05-02 12:44:09.155   761   761 E wificond: Failed to get NL80211_STA_INFO_CNAHLOAD
05-02 12:44:12.186   761   761 E wificond: Failed to get NL80211_STA_INFO_CNAHLOAD
05-02 12:44:12.202  1099  2621 I chatty  : uid=1000(system) Binder:1099_E expire 15 lines
05-02 12:44:13.310  1099  5195 I chatty  : uid=1000(system) Binder:1099_15 expire 11 lines
05-02 12:44:13.357   761   761 E wificond: Failed to get NL80211_STA_INFO_CNAHLOAD
05-02 12:44:13.373   761   761 E wificond: Failed to get NL80211_STA_INFO_CNAHLOAD
05-02 12:44:15.209   761   761 E wificond: Failed to get NL80211_STA_INFO_CNAHLOAD
05-02 12:44:18.242   761   761 E wificond: Failed to get NL80211_STA_INFO_CNAHLOAD
05-02 12:44:21.267   761   761 E wificond: Failed to get NL80211_STA_INFO_CNAHLOAD
05-02 12:44:21.360   761   761 E wificond: Failed to get NL80211_STA_INFO_CNAHLOAD
05-02 12:44:24.292   761   761 E wificond: Failed to get NL80211_STA_INFO_CNAHLOAD
05-02 12:44:27.319   761   761 E wificond: Failed to get NL80211_STA_INFO_CNAHLOAD
05-02 12:44:27.333  1099  2607 I chatty  : uid=1000(system) Binder:1099_D expire 10 lines
05-02 12:44:29.360   761   761 E wificond: Failed to get NL80211_STA_INFO_CNAHLOAD
05-02 12:44:30.340   761   761 E wificond: Failed to get NL80211_STA_INFO_CNAHLOAD
05-02 12:44:31.493  1099  1099 I chatty  : uid=1000 system_server expire 2 lines
05-02 12:44:33.372   761   761 E wificond: Failed to get NL80211_STA_INFO_CNAHLOAD
05-02 12:44:36.400   761   761 E wificond: Failed to get NL80211_STA_INFO_CNAHLOAD
05-02 12:44:37.367   761   761 E wificond: Failed to get NL80211_STA_INFO_CNAHLOAD
05-02 12:44:37.381   761   761 I chatty  : uid=1010(wifi) /system/bin/wificond identical 2 lines
05-02 12:44:39.426   761   761 E wificond: Failed to get NL80211_STA_INFO_CNAHLOAD
05-02 12:44:40.684   513   649 W SocketListener: sending broadcast to Pid = 1099, Uid = 1000 
05-02 12:44:40.700  1099  2607 I chatty  : uid=1000(system) Binder:1099_D expire 16 lines
05-02 12:44:41.002  1099  2621 I chatty  : uid=1000(system) Binder:1099_E expire 13 lines
05-02 12:44:42.453   761   761 E wificond: Failed to get NL80211_STA_INFO_CNAHLOAD
05-02 12:44:45.369   761   761 E wificond: Failed to get NL80211_STA_INFO_CNAHLOAD
05-02 12:44:45.475   761   761 E wificond: Failed to get NL80211_STA_INFO_CNAHLOAD
05-02 12:44:48.510   761   761 E wificond: Failed to get NL80211_STA_INFO_CNAHLOAD
05-02 12:44:48.525  1099  5195 I chatty  : uid=1000(system) Binder:1099_15 expire 10 lines
05-02 12:44:51.539   761   761 E wificond: Failed to get NL80211_STA_INFO_CNAHLOAD
05-02 12:44:53.375   761   761 E wificond: Failed to get NL80211_STA_INFO_CNAHLOAD
05-02 12:44:53.389   761   761 I chatty  : uid=1010(wifi) /system/bin/wificond identical 10 lines
05-02 12:44:54.565   761   761 E wificond: Failed to get NL80211_STA_INFO_CNAHLOAD
05-02 12:44:55.724   513   649 W SocketListener: sending broadcast to Pid = 1099, Uid = 1000 
05-02 12:44:55.727  1099  1480 I chatty  : uid=1000(system) NetdConnector expire 8 lines
05-02 12:44:55.732  1099  1176 I chatty  : uid=1000(system) android.fg expire 4 lines
05-02 12:44:57.588   761   761 E wificond: Failed to get NL80211_STA_INFO_CNAHLOAD
05-02 12:45:00.006  1099  1099 I chatty  : uid=1000 system_server expire 10 lines
05-02 12:45:00.627   761   761 E wificond: Failed to get NL80211_STA_INFO_CNAHLOAD
05-02 12:45:00.644  1099  5195 I chatty  : uid=1000(system) Binder:1099_15 expire 11 lines
05-02 12:45:01.374   761   761 E wificond: Failed to get NL80211_STA_INFO_CNAHLOAD
05-02 12:45:01.384   761   761 E wificond: Failed to get NL80211_STA_INFO_CNAHLOAD
05-02 12:45:01.683  1099  1449 I chatty  : uid=1000(system) UEventObserver expire 9 lines
05-02 12:45:03.657   761   761 E wificond: Failed to get NL80211_STA_INFO_CNAHLOAD
05-02 12:45:06.686   761   761 E wificond: Failed to get NL80211_STA_INFO_CNAHLOAD
05-02 12:45:09.382   761   761 E wificond: Failed to get NL80211_STA_INFO_CNAHLOAD
05-02 12:45:09.711   761   761 E wificond: Failed to get NL80211_STA_INFO_CNAHLOAD
05-02 12:45:11.116  1099  9624 I chatty  : uid=1000(system) Binder:1099_1E expire 15 lines
05-02 12:45:12.737   761   761 E wificond: Failed to get NL80211_STA_INFO_CNAHLOAD
05-02 12:45:13.523  1099  2621 I chatty  : uid=1000(system) Binder:1099_E expire 12 lines
05-02 12:45:13.549  1099  5195 I chatty  : uid=1000(system) Binder:1099_15 expire 16 lines
05-02 12:45:15.766   761   761 E wificond: Failed to get NL80211_STA_INFO_CNAHLOAD
05-02 12:45:16.202  1099  1841 I chatty  : uid=1000(system) watchdog expire 4 lines
05-02 12:45:17.378   761   761 E wificond: Failed to get NL80211_STA_INFO_CNAHLOAD
05-02 12:45:18.788   761   761 E wificond: Failed to get NL80211_STA_INFO_CNAHLOAD
05-02 12:45:21.819   761   761 E wificond: Failed to get NL80211_STA_INFO_CNAHLOAD
05-02 12:45:21.835  1099  9624 I chatty  : uid=1000(system) Binder:1099_1E expire 10 lines
05-02 12:45:24.847   761   761 E wificond: Failed to get NL80211_STA_INFO_CNAHLOAD
05-02 12:45:25.379   761   761 E wificond: Failed to get NL80211_STA_INFO_CNAHLOAD
05-02 12:45:27.882   761   761 E wificond: Failed to get NL80211_STA_INFO_CNAHLOAD
05-02 12:45:30.912   761   761 E wificond: Failed to get NL80211_STA_INFO_CNAHLOAD
05-02 12:45:33.385   761   761 E wificond: Failed to get NL80211_STA_INFO_CNAHLOAD
05-02 12:45:33.933   761   761 E wificond: Failed to get NL80211_STA_INFO_CNAHLOAD
05-02 12:45:36.965   761   761 E wificond: Failed to get NL80211_STA_INFO_CNAHLOAD
05-02 12:45:36.982  1099  9624 I chatty  : uid=1000(system) Binder:1099_1E expire 30 lines
05-02 12:45:40.001   761   761 E wificond: Failed to get NL80211_STA_INFO_CNAHLOAD
05-02 12:45:41.383   761   761 E wificond: Failed to get NL80211_STA_INFO_CNAHLOAD
05-02 12:45:41.400   761   761 E wificond: Failed to get NL80211_STA_INFO_CNAHLOAD
05-02 12:45:43.032   761   761 E wificond: Failed to get NL80211_STA_INFO_CNAHLOAD
05-02 12:45:46.059   761   761 E wificond: Failed to get NL80211_STA_INFO_CNAHLOAD
05-02 12:45:49.098   761   761 E wificond: Failed to get NL80211_STA_INFO_CNAHLOAD
05-02 12:45:49.111  1099  9624 I chatty  : uid=1000(system) Binder:1099_1E expire 11 lines
05-02 12:45:49.387   761   761 E wificond: Failed to get NL80211_STA_INFO_CNAHLOAD
05-02 12:45:52.126   761   761 E wificond: Failed to get NL80211_STA_INFO_CNAHLOAD
05-02 12:45:55.155   761   761 E wificond: Failed to get NL80211_STA_INFO_CNAHLOAD
05-02 12:45:57.387   761   761 E wificond: Failed to get NL80211_STA_INFO_CNAHLOAD
05-02 12:45:58.177   761   761 E wificond: Failed to get NL80211_STA_INFO_CNAHLOAD
05-02 12:46:01.211   761   761 E wificond: Failed to get NL80211_STA_INFO_CNAHLOAD
05-02 12:46:04.239   761   761 E wificond: Failed to get NL80211_STA_INFO_CNAHLOAD
05-02 12:46:04.257  1099  9624 I chatty  : uid=1000(system) Binder:1099_1E expire 8 lines
05-02 12:46:05.390   761   761 E wificond: Failed to get NL80211_STA_INFO_CNAHLOAD
05-02 12:46:05.402   761   761 E wificond: Failed to get NL80211_STA_INFO_CNAHLOAD
05-02 12:46:05.807   513   649 W SocketListener: sending broadcast to Pid = 1099, Uid = 1000 
05-02 12:46:07.265   761   761 E wificond: Failed to get NL80211_STA_INFO_CNAHLOAD
05-02 12:46:10.289   761   761 E wificond: Failed to get NL80211_STA_INFO_CNAHLOAD
05-02 12:46:11.501  1099  2621 I chatty  : uid=1000(system) Binder:1099_E expire 11 lines
05-02 12:46:13.312   761   761 E wificond: Failed to get NL80211_STA_INFO_CNAHLOAD
05-02 12:46:13.328  1099  5195 I chatty  : uid=1000(system) Binder:1099_15 expire 20 lines
05-02 12:46:13.385   761   761 E wificond: Failed to get NL80211_STA_INFO_CNAHLOAD
05-02 12:46:13.394   761   761 E wificond: Failed to get NL80211_STA_INFO_CNAHLOAD
05-02 12:46:16.337   761   761 E wificond: Failed to get NL80211_STA_INFO_CNAHLOAD
05-02 12:46:19.367   761   761 E wificond: Failed to get NL80211_STA_INFO_CNAHLOAD
05-02 12:46:21.393   761   761 E wificond: Failed to get NL80211_STA_INFO_CNAHLOAD
05-02 12:46:22.391   761   761 E wificond: Failed to get NL80211_STA_INFO_CNAHLOAD
05-02 12:46:25.415   761   761 E wificond: Failed to get NL80211_STA_INFO_CNAHLOAD
05-02 12:46:25.429  1099  5195 I chatty  : uid=1000(system) Binder:1099_15 expire 15 lines
05-02 12:46:27.900  1099  1465 I chatty  : uid=1000(system) AlarmManager expire 1 line
05-02 12:46:28.444   761   761 E wificond: Failed to get NL80211_STA_INFO_CNAHLOAD
05-02 12:46:29.401   761   761 E wificond: Failed to get NL80211_STA_INFO_CNAHLOAD
05-02 12:46:31.469   761   761 E wificond: Failed to get NL80211_STA_INFO_CNAHLOAD
05-02 12:46:32.319  1099  1099 I chatty  : uid=1000 system_server expire 4 lines
05-02 12:46:34.494   761   761 E wificond: Failed to get NL80211_STA_INFO_CNAHLOAD
05-02 12:46:37.401   761   761 E wificond: Failed to get NL80211_STA_INFO_CNAHLOAD
05-02 12:46:37.513   761   761 E wificond: Failed to get NL80211_STA_INFO_CNAHLOAD
05-02 12:46:40.543   761   761 E wificond: Failed to get NL80211_STA_INFO_CNAHLOAD
05-02 12:46:40.557  1099  2621 I chatty  : uid=1000(system) Binder:1099_E expire 16 lines
05-02 12:46:41.575  1099  2607 I chatty  : uid=1000(system) Binder:1099_D expire 8 lines
