05-02 12:59:50.862   761   761 E wificond: Failed to get NL80211_STA_INFO_CNAHLOAD
05-02 12:59:53.889   761   761 E wificond: Failed to get NL80211_STA_INFO_CNAHLOAD
05-02 12:59:53.902  1099  2631 I chatty  : uid=1000(system) Binder:1099_10 expire 12 lines
05-02 12:59:56.916   761   761 E wificond: Failed to get NL80211_STA_INFO_CNAHLOAD
05-02 12:59:57.627   761   761 E wificond: Failed to get NL80211_STA_INFO_CNAHLOAD
05-02 12:59:59.944   761   761 E wificond: Failed to get NL80211_STA_INFO_CNAHLOAD
05-02 13:00:00.095  2547  9467 W ContextImpl: Calling a method in the system process without a qualified user: android.app.ContextImpl.bindService:1736 android.content.ContextWrapper.bindService:678 com.huawei.nb.dataservice.dsclient.RemoteServiceConnection.open:90 com.huawei.nb.dataservice.dsclient.DataServiceProxy.connect:105 com.huawei.nb.dataservice.rsclient.internal.RemoteRuleService.start:27 
05-02 13:00:00.202  2547  9469 W ContextImpl: Calling a method in the system process without a qualified user: android.app.ContextImpl.bindService:1736 android.content.ContextWrapper.bindService:678 com.huawei.nb.dataservice.dsclient.RemoteServiceConnection.open:90 com.huawei.nb.dataservice.dsclient.DataServiceProxy.connect:105 com.huawei.nb.dataservice.rsclient.internal.RemoteRuleService.start:27 
05-02 13:00:01.174  1099  1923 I chatty  : uid=1000(system) Binder:1099_9 expire 20 lines
05-02 13:00:01.185  1099  1745 I chatty  : uid=1000(system) Binder:1099_4 expire 16 lines
05-02 13:00:01.377   513   649 W SocketListener: sending broadcast to Pid = 1099, Uid = 1000 
05-02 13:00:02.969   761   761 E wificond: Failed to get NL80211_STA_INFO_CNAHLOAD
05-02 13:00:05.632   761   761 E wificond: Failed to get NL80211_STA_INFO_CNAHLOAD
05-02 13:00:05.995   761   761 E wificond: Failed to get NL80211_STA_INFO_CNAHLOAD
05-02 13:00:09.023   761   761 E wificond: Failed to get NL80211_STA_INFO_CNAHLOAD
05-02 13:00:12.050   761   761 E wificond: Failed to get NL80211_STA_INFO_CNAHLOAD
05-02 13:00:12.064  1099  1745 I chatty  : uid=1000(system) Binder:1099_4 expire 11 lines
05-02 13:00:13.630   761   761 E wificond: Failed to get NL80211_STA_INFO_CNAHLOAD
05-02 13:00:15.076   761   761 E wificond: Failed to get NL80211_STA_INFO_CNAHLOAD
05-02 13:00:16.431   513   649 W SocketListener: sending broadcast to Pid = 1099, Uid = 1000 
05-02 13:00:18.102   761   761 E wificond: Failed to get NL80211_STA_INFO_CNAHLOAD
05-02 13:00:19.512  1099  1465 I chatty  : uid=1000(system) AlarmManager expire 1 line
05-02 13:00:21.138   761   761 E wificond: Failed to get NL80211_STA_INFO_CNAHLOAD
05-02 13:00:21.628   761   761 E wificond: Failed to get NL80211_STA_INFO_CNAHLOAD
05-02 13:00:24.165   761   761 E wificond: Failed to get NL80211_STA_INFO_CNAHLOAD
05-02 13:00:27.195   761   761 E wificond: Failed to get NL80211_STA_INFO_CNAHLOAD
05-02 13:00:27.209  1099  1745 I chatty  : uid=1000(system) Binder:1099_4 expire 12 lines
05-02 13:00:29.635   761   761 E wificond: Failed to get NL80211_STA_INFO_CNAHLOAD
05-02 13:00:29.649   761   761 I chatty  : uid=1010(wifi) /system/bin/wificond identical 1 line
05-02 13:00:30.220   761   761 E wificond: Failed to get NL80211_STA_INFO_CNAHLOAD
05-02 13:00:31.290  1099  1923 I chatty  : uid=1000(system) Binder:1099_9 expire 6 lines
05-02 13:00:31.586  1099  2622 I chatty  : uid=1000(system) Binder:1099_F expire 1 line
05-02 13:00:33.258   761   761 E wificond: Failed to get NL80211_STA_INFO_CNAHLOAD
05-02 13:00:33.272  1099  1498 I chatty  : uid=1000(system) Binder:1099_3 expire 14 lines
05-02 13:00:33.779  1099  2631 I chatty  : uid=1000(system) Binder:1099_10 expire 6 lines
05-02 13:00:36.285   761   761 E wificond: Failed to get NL80211_STA_INFO_CNAHLOAD
05-02 13:00:37.639   761   761 E wificond: Failed to get NL80211_STA_INFO_CNAHLOAD
05-02 13:00:37.648   761   761 E wificond: Failed to get NL80211_STA_INFO_CNAHLOAD
05-02 13:00:38.150  1099  1099 I chatty  : uid=1000 system_server expire 2 lines
05-02 13:00:39.310   761   761 E wificond: Failed to get NL80211_STA_INFO_CNAHLOAD
05-02 13:00:39.325  1099  1745 I chatty  : uid=1000(system) Binder:1099_4 expire 11 lines
05-02 13:00:42.336   761   761 E wificond: Failed to get NL80211_STA_INFO_CNAHLOAD
05-02 13:00:45.364   761   761 E wificond: Failed to get NL80211_STA_INFO_CNAHLOAD
05-02 13:00:45.640   761   761 E wificond: Failed to get NL80211_STA_INFO_CNAHLOAD
05-02 13:00:45.658   761   761 E wificond: Failed to get NL80211_STA_INFO_CNAHLOAD
05-02 13:00:48.390   761   761 E wificond: Failed to get NL80211_STA_INFO_CNAHLOAD
05-02 13:00:49.766   513   649 W SocketListener: sending broadcast to Pid = 1099, Uid = 1000 
05-02 13:00:49.771  1099  1480 I chatty  : uid=1000(system) NetdConnector expire 7 lines
05-02 13:00:49.774  1099  1176 I chatty  : uid=1000(system) android.fg expire 4 lines
05-02 13:00:49.783  1099  1498 I chatty  : uid=1000(system) Binder:1099_3 expire 35 lines
05-02 13:00:51.424   761   761 E wificond: Failed to get NL80211_STA_INFO_CNAHLOAD
05-02 13:00:53.640   761   761 E wificond: Failed to get NL80211_STA_INFO_CNAHLOAD
05-02 13:00:53.651   761   761 I chatty  : uid=1010(wifi) /system/bin/wificond identical 10 lines
05-02 13:00:54.451   761   761 E wificond: Failed to get NL80211_STA_INFO_CNAHLOAD
05-02 13:00:56.888  1099  2631 I chatty  : uid=1000(system) Binder:1099_10 expire 11 lines
05-02 13:00:57.145  1099  1099 I chatty  : uid=1000 system_server expire 11 lines
05-02 13:00:57.150  1099  1923 I chatty  : uid=1000(system) Binder:1099_9 expire 22 lines
05-02 13:00:57.177  5221  5237 W ContextImpl: Calling a method in the system process without a qualified user: android.app.ContextImpl.sendBroadcast:1074 android.content.ContextWrapper.sendBroadcast:431 com.huawei.android.pushagent.model.pushcommand.PushCommandProcessor.a:79 com.huawei.android.pushagent.model.pushcommand.PushCommandProcessor.g:89 com.huawei.android.pushagent.model.pushcommand.PushCommandProcessor.h:354 
05-02 13:00:57.472   761   761 E wificond: Failed to get NL80211_STA_INFO_CNAHLOAD
05-02 13:01:00.497   761   761 E wificond: Failed to get NL80211_STA_INFO_CNAHLOAD
05-02 13:01:01.465  1099  1498 I chatty  : uid=1000(system) Binder:1099_3 expire 14 lines
05-02 13:01:01.641   761   761 E wificond: Failed to get NL80211_STA_INFO_CNAHLOAD
05-02 13:01:03.523   761   761 E wificond: Failed to get NL80211_STA_INFO_CNAHLOAD
05-02 13:01:06.546   761   761 E wificond: Failed to get NL80211_STA_INFO_CNAHLOAD
05-02 13:01:06.561  1099  1745 I chatty  : uid=1000(system) Binder:1099_4 expire 13 lines
05-02 13:01:08.339  1099  1449 I chatty  : uid=1000(system) UEventObserver expire 6 lines
05-02 13:01:09.574   761   761 E wificond: Failed to get NL80211_STA_INFO_CNAHLOAD
05-02 13:01:09.641   761   761 E wificond: Failed to get NL80211_STA_INFO_CNAHLOAD
05-02 13:01:09.651   761   761 E wificond: Failed to get NL80211_STA_INFO_CNAHLOAD
05-02 13:01:12.301   513   649 W SocketListener: sending broadcast to Pid = 1099, Uid = 1000 
05-02 13:01:12.600   761   761 E wificond: Failed to get NL80211_STA_INFO_CNAHLOAD
05-02 13:01:15.623   761   761 E wificond: Failed to get NL80211_STA_INFO_CNAHLOAD
05-02 13:01:15.639  1099  2631 I chatty  : uid=1000(system) Binder:1099_10 expire 10 lines
05-02 13:01:16.278  1099  1841 I chatty  : uid=1000(system) watchdog expire 3 lines
05-02 13:01:17.651   761   761 E wificond: Failed to get NL80211_STA_INFO_CNAHLOAD
05-02 13:01:18.651   761   761 E wificond: Failed to get NL80211_STA_INFO_CNAHLOAD
05-02 13:01:21.677   761   761 E wificond: Failed to get NL80211_STA_INFO_CNAHLOAD
05-02 13:01:24.700   761   761 E wificond: Failed to get NL80211_STA_INFO_CNAHLOAD
05-02 13:01:25.649   761   761 E wificond: Failed to get NL80211_STA_INFO_CNAHLOAD
05-02 13:01:27.727   761   761 E wificond: Failed to get NL80211_STA_INFO_CNAHLOAD
05-02 13:01:30.623  1099  1156 I chatty  : uid=1000(system) android.bg expire 1 line
05-02 13:01:30.750   761   761 E wificond: Failed to get NL80211_STA_INFO_CNAHLOAD
05-02 13:01:30.764  1099  2631 I chatty  : uid=1000(system) Binder:1099_10 expire 23 lines
05-02 13:01:33.650   761   761 E wificond: Failed to get NL80211_STA_INFO_CNAHLOAD
05-02 13:01:33.773   761   761 E wificond: Failed to get NL80211_STA_INFO_CNAHLOAD
05-02 13:01:33.884  1099  1498 I chatty  : uid=1000(system) Binder:1099_3 expire 1 line
05-02 13:01:36.801   761   761 E wificond: Failed to get NL80211_STA_INFO_CNAHLOAD
05-02 13:01:36.816  1099  1745 I chatty  : uid=1000(system) Binder:1099_4 expire 18 lines
05-02 13:01:39.829   761   761 E wificond: Failed to get NL80211_STA_INFO_CNAHLOAD
05-02 13:01:41.658   761   761 E wificond: Failed to get NL80211_STA_INFO_CNAHLOAD
05-02 13:01:42.862   761   761 E wificond: Failed to get NL80211_STA_INFO_CNAHLOAD
05-02 13:01:42.877  1099  2631 I chatty  : uid=1000(system) Binder:1099_10 expire 10 lines
05-02 13:01:45.888   761   761 E wificond: Failed to get NL80211_STA_INFO_CNAHLOAD
05-02 13:01:48.925   761   761 E wificond: Failed to get NL80211_STA_INFO_CNAHLOAD
05-02 13:01:49.660   761   761 E wificond: Failed to get NL80211_STA_INFO_CNAHLOAD
05-02 13:01:51.948   761   761 E wificond: Failed to get NL80211_STA_INFO_CNAHLOAD
05-02 13:01:54.981   761   761 E wificond: Failed to get NL80211_STA_INFO_CNAHLOAD
05-02 13:01:57.671   761   761 E wificond: Failed to get NL80211_STA_INFO_CNAHLOAD
05-02 13:01:58.006   761   761 E wificond: Failed to get NL80211_STA_INFO_CNAHLOAD
05-02 13:01:58.019  1099  2631 I chatty  : uid=1000(system) Binder:1099_10 expire 22 lines
05-02 13:01:59.351   513   649 W SocketListener: sending broadcast to Pid = 1099, Uid = 1000 
05-02 13:02:01.032   761   761 E wificond: Failed to get NL80211_STA_INFO_CNAHLOAD
05-02 13:02:04.037  1099  1923 I chatty  : uid=1000(system) Binder:1099_9 expire 18 lines
05-02 13:02:04.057   761   761 E wificond: Failed to get NL80211_STA_INFO_CNAHLOAD
05-02 13:02:05.666   761   761 E wificond: Failed to get NL80211_STA_INFO_CNAHLOAD
05-02 13:02:07.083   761   761 E wificond: Failed to get NL80211_STA_INFO_CNAHLOAD
05-02 13:02:08.776  1099  1099 I chatty  : uid=1000 system_server expire 2 lines
05-02 13:02:10.120   761   761 E wificond: Failed to get NL80211_STA_INFO_CNAHLOAD
05-02 13:02:13.148   761   761 E wificond: Failed to get NL80211_STA_INFO_CNAHLOAD
05-02 13:02:13.666   761   761 E wificond: Failed to get NL80211_STA_INFO_CNAHLOAD
05-02 13:02:16.171   761   761 E wificond: Failed to get NL80211_STA_INFO_CNAHLOAD
05-02 13:02:16.186  1099  1923 I chatty  : uid=1000(system) Binder:1099_9 expire 11 lines
05-02 13:02:16.877   513   649 W SocketListener: sending broadcast to Pid = 1099, Uid = 1000 
05-02 13:02:19.196   761   761 E wificond: Failed to get NL80211_STA_INFO_CNAHLOAD
05-02 13:02:21.672   761   761 E wificond: Failed to get NL80211_STA_INFO_CNAHLOAD
05-02 13:02:21.683   761   761 I chatty  : uid=1010(wifi) /system/bin/wificond identical 2 lines
05-02 13:02:22.217   761   761 E wificond: Failed to get NL80211_STA_INFO_CNAHLOAD
05-02 13:02:25.246   761   761 E wificond: Failed to get NL80211_STA_INFO_CNAHLOAD
05-02 13:02:28.271   761   761 E wificond: Failed to get NL80211_STA_INFO_CNAHLOAD
05-02 13:02:29.669   761   761 E wificond: Failed to get NL80211_STA_INFO_CNAHLOAD
05-02 13:02:31.293   761   761 E wificond: Failed to get NL80211_STA_INFO_CNAHLOAD
05-02 13:02:31.309  1099  1923 I chatty  : uid=1000(system) Binder:1099_9 expire 9 lines
05-02 13:02:34.174  1099  2631 I chatty  : uid=1000(system) Binder:1099_10 expire 10 lines
05-02 13:02:34.188  1099  1923 I chatty  : uid=1000(system) Binder:1099_9 expire 9 lines
05-02 13:02:34.188  1099  2622 I chatty  : uid=1000(system) Binder:1099_F expire 18 lines
05-02 13:02:34.320   761   761 E wificond: Failed to get NL80211_STA_INFO_CNAHLOAD
05-02 13:02:37.347   761   761 E wificond: Failed to get NL80211_STA_INFO_CNAHLOAD
05-02 13:02:37.682   761   761 E wificond: Failed to get NL80211_STA_INFO_CNAHLOAD
05-02 13:02:37.698   761   761 E wificond: Failed to get NL80211_STA_INFO_CNAHLOAD
05-02 13:02:38.968  1099  1449 I chatty  : uid=1000(system) UEventObserver expire 8 lines
05-02 13:02:38.983  1099  1099 I chatty  : uid=1000 system_server expire 10 lines
05-02 13:02:40.376   761   761 E wificond: Failed to get NL80211_STA_INFO_CNAHLOAD
05-02 13:02:43.405   761   761 E wificond: Failed to get NL80211_STA_INFO_CNAHLOAD
05-02 13:02:45.675   761   761 E wificond: Failed to get NL80211_STA_INFO_CNAHLOAD
05-02 13:02:45.691   761   761 E wificond: Failed to get NL80211_STA_INFO_CNAHLOAD
05-02 13:02:46.284  1099  1841 I chatty  : uid=1000(system) watchdog expire 3 lines
05-02 13:02:46.433   761   761 E wificond: Failed to get NL80211_STA_INFO_CNAHLOAD
05-02 13:02:46.447  1099  2622 I chatty  : uid=1000(system) Binder:1099_F expire 11 lines
05-02 13:02:49.461   761   761 E wificond: Failed to get NL80211_STA_INFO_CNAHLOAD
05-02 13:02:52.490   761   761 E wificond: Failed to get NL80211_STA_INFO_CNAHLOAD
05-02 13:02:53.679   761   761 E wificond: Failed to get NL80211_STA_INFO_CNAHLOAD
05-02 13:02:53.693   761   761 I chatty  : uid=1010(wifi) /system/bin/wificond identical 9 lines
05-02 13:02:55.517   761   761 E wificond: Failed to get NL80211_STA_INFO_CNAHLOAD
05-02 13:02:58.545   761   761 E wificond: Failed to get NL80211_STA_INFO_CNAHLOAD
05-02 13:03:00.105  1099  1745 I chatty  : uid=1000(system) Binder:1099_4 expire 11 lines
05-02 13:03:01.568   761   761 E wificond: Failed to get NL80211_STA_INFO_CNAHLOAD
05-02 13:03:01.677   761   761 E wificond: Failed to get NL80211_STA_INFO_CNAHLOAD
05-02 13:03:01.700   761   761 E wificond: Failed to get NL80211_STA_INFO_CNAHLOAD
05-02 13:03:02.024  1099  2622 I chatty  : uid=1000(system) Binder:1099_F expire 19 lines
05-02 13:03:03.182  1099  1498 I chatty  : uid=1000(system) Binder:1099_3 expire 10 lines
05-02 13:03:03.251  1099  1512 I chatty  : uid=1000(system) WifiScanningSer expire 1 line
05-02 13:03:04.589   761   761 E wificond: Failed to get NL80211_STA_INFO_CNAHLOAD
05-02 13:03:05.638   513   650 W SocketListener: sending broadcast to Pid = 1099, Uid = 1000 
05-02 13:03:05.640  1099  1480 I chatty  : uid=1000(system) NetdConnector expire 10 lines
05-02 13:03:05.646  1099  1176 I chatty  : uid=1000(system) android.fg expire 7 lines
05-02 13:03:05.720   513   649 W SocketListener: sending broadcast to Pid = 1099, Uid = 1000 
05-02 13:03:05.866  1099  1847 I chatty  : uid=1000(system) LocationThread expire 28 lines
05-02 13:03:05.874  1099 20536 I chatty  : uid=1000 system_server expire 1 line
05-02 13:03:05.918   767   767 D libgps  : proxy_gps_inject_location: called.
05-02 13:03:05.948  1099 20537 I chatty  : uid=1000 system_server expire 1 line
05-02 13:03:05.961   767   767 D libgps  : proxy_gps_inject_location: called.
05-02 13:03:07.614   761   761 E wificond: Failed to get NL80211_STA_INFO_CNAHLOAD
05-02 13:03:07.630  1099  2631 I chatty  : uid=1000(system) Binder:1099_10 expire 10 lines
05-02 13:03:09.684   761   761 E wificond: Failed to get NL80211_STA_INFO_CNAHLOAD
05-02 13:03:10.639   761   761 E wificond: Failed to get NL80211_STA_INFO_CNAHLOAD
05-02 13:03:13.667   761   761 E wificond: Failed to get NL80211_STA_INFO_CNAHLOAD
05-02 13:03:16.690   761   761 E wificond: Failed to get NL80211_STA_INFO_CNAHLOAD
05-02 13:03:17.684   761   761 E wificond: Failed to get NL80211_STA_INFO_CNAHLOAD
05-02 13:03:19.716   761   761 E wificond: Failed to get NL80211_STA_INFO_CNAHLOAD
05-02 13:03:20.876   513   649 W SocketListener: sending broadcast to Pid = 1099, Uid = 1000 
05-02 13:03:20.893  1099  2631 I chatty  : uid=1000(system) Binder:1099_10 expire 23 lines
05-02 13:03:21.320   513   649 W SocketListener: sending broadcast to Pid = 1099, Uid = 1000 
05-02 13:03:22.743   761   761 E wificond: Failed to get NL80211_STA_INFO_CNAHLOAD
05-02 13:03:25.686   761   761 E wificond: Failed to get NL80211_STA_INFO_CNAHLOAD
05-02 13:03:25.761   761   761 E wificond: Failed to get NL80211_STA_INFO_CNAHLOAD
05-02 13:03:28.789   761   761 E wificond: Failed to get NL80211_STA_INFO_CNAHLOAD
05-02 13:03:31.819   761   761 E wificond: Failed to get NL80211_STA_INFO_CNAHLOAD
05-02 13:03:33.690   761   761 E wificond: Failed to get NL80211_STA_INFO_CNAHLOAD
05-02 13:03:33.703   761   761 E wificond: Failed to get NL80211_STA_INFO_CNAHLOAD
05-02 13:03:34.339  1099  1745 I chatty  : uid=1000(system) Binder:1099_4 expire 15 lines
05-02 13:03:34.369  1099  2631 I chatty  : uid=1000(system) Binder:1099_10 expire 6 lines
05-02 13:03:34.842   761   761 E wificond: Failed to get NL80211_STA_INFO_CNAHLOAD
05-02 13:03:37.874   761   761 E wificond: Failed to get NL80211_STA_INFO_CNAHLOAD
05-02 13:03:38.446   513   649 W SocketListener: sending broadcast to Pid = 1099, Uid = 1000 
05-02 13:03:40.902   761   761 E wificond: Failed to get NL80211_STA_INFO_CNAHLOAD
05-02 13:03:41.688   761   761 E wificond: Failed to get NL80211_STA_INFO_CNAHLOAD
05-02 13:03:43.929   761   761 E wificond: Failed to get NL80211_STA_INFO_CNAHLOAD
05-02 13:03:43.943  1099  1498 I chatty  : uid=1000(system) Binder:1099_3 expire 11 lines
05-02 13:03:45.860   513   649 W SocketListener: sending broadcast to Pid = 1099, Uid = 1000 
05-02 13:03:45.865  1099  1480 I chatty  : uid=1000(system) NetdConnector expire 4 lines
05-02 13:03:46.957   761   761 E wificond: Failed to get NL80211_STA_INFO_CNAHLOAD
05-02 13:03:49.695   761   761 E wificond: Failed to get NL80211_STA_INFO_CNAHLOAD
05-02 13:03:49.984   761   761 E wificond: Failed to get NL80211_STA_INFO_CNAHLOAD
05-02 13:03:53.012   761   761 E wificond: Failed to get NL80211_STA_INFO_CNAHLOAD
05-02 13:03:56.039   761   761 E wificond: Failed to get NL80211_STA_INFO_CNAHLOAD
05-02 13:03:57.702   761   761 E wificond: Failed to get NL80211_STA_INFO_CNAHLOAD
05-02 13:03:59.073   761   761 E wificond: Failed to get NL80211_STA_INFO_CNAHLOAD
05-02 13:03:59.088  1099  1498 I chatty  : uid=1000(system) Binder:1099_3 expire 27 lines
05-02 13:04:00.004  1099  1099 I chatty  : uid=1000 system_server expire 4 lines
05-02 13:04:00.941   513   649 W SocketListener: sending broadcast to Pid = 1099, Uid = 1000 
05-02 13:04:02.096   761   761 E wificond: Failed to get NL80211_STA_INFO_CNAHLOAD
05-02 13:04:05.128   761   761 E wificond: Failed to get NL80211_STA_INFO_CNAHLOAD
05-02 13:04:05.701   761   761 E wificond: Failed to get NL80211_STA_INFO_CNAHLOAD
05-02 13:04:08.158   761   761 E wificond: Failed to get NL80211_STA_INFO_CNAHLOAD
05-02 13:04:11.185   761   761 E wificond: Failed to get NL80211_STA_INFO_CNAHLOAD
05-02 13:04:11.199  1099  1498 I chatty  : uid=1000(system) Binder:1099_3 expire 14 lines
05-02 13:04:13.705   761   761 E wificond: Failed to get NL80211_STA_INFO_CNAHLOAD
05-02 13:04:14.214   761   761 E wificond: Failed to get NL80211_STA_INFO_CNAHLOAD
05-02 13:04:16.292  1099  1841 I chatty  : uid=1000(system) watchdog expire 4 lines
05-02 13:04:17.241   761   761 E wificond: Failed to get NL80211_STA_INFO_CNAHLOAD
05-02 13:04:20.278   761   761 E wificond: Failed to get NL80211_STA_INFO_CNAHLOAD
05-02 13:04:20.291  1099  2631 I chatty  : uid=1000(system) Binder:1099_10 expire 13 lines
05-02 13:04:21.701   761   761 E wificond: Failed to get NL80211_STA_INFO_CNAHLOAD
05-02 13:04:21.712   761   761 I chatty  : uid=1010(wifi) /system/bin/wificond identical 7 lines
05-02 13:04:23.302   761   761 E wificond: Failed to get NL80211_STA_INFO_CNAHLOAD
05-02 13:04:26.332   761   761 E wificond: Failed to get NL80211_STA_INFO_CNAHLOAD
05-02 13:04:29.357   761   761 E wificond: Failed to get NL80211_STA_INFO_CNAHLOAD
05-02 13:04:29.702   761   761 E wificond: Failed to get NL80211_STA_INFO_CNAHLOAD
05-02 13:04:29.715   761   761 E wificond: Failed to get NL80211_STA_INFO_CNAHLOAD
05-02 13:04:32.384   761   761 E wificond: Failed to get NL80211_STA_INFO_CNAHLOAD
05-02 13:04:32.395  1099  1923 I chatty  : uid=1000(system) Binder:1099_9 expire 17 lines
05-02 13:04:34.581  1099  2631 I chatty  : uid=1000(system) Binder:1099_10 expire 11 lines
05-02 13:04:34.615  1099  1498 I chatty  : uid=1000(system) Binder:1099_3 expire 10 lines
05-02 13:04:35.412   761   761 E wificond: Failed to get NL80211_STA_INFO_CNAHLOAD
05-02 13:04:37.708   761   761 E wificond: Failed to get NL80211_STA_INFO_CNAHLOAD
05-02 13:04:38.445   761   761 E wificond: Failed to get NL80211_STA_INFO_CNAHLOAD
05-02 13:04:39.799  1099  1449 I chatty  : uid=1000(system) UEventObserver expire 6 lines
05-02 13:04:39.818  1099  1099 I chatty  : uid=1000 system_server expire 10 lines
05-02 13:04:41.471   761   761 E wificond: Failed to get NL80211_STA_INFO_CNAHLOAD
05-02 13:04:44.500   761   761 E wificond: Failed to get NL80211_STA_INFO_CNAHLOAD
05-02 13:04:44.519  1099  1923 I chatty  : uid=1000(system) Binder:1099_9 expire 17 lines
05-02 13:04:45.710   761   761 E wificond: Failed to get NL80211_STA_INFO_CNAHLOAD
05-02 13:04:45.736   761   761 E wificond: Failed to get NL80211_STA_INFO_CNAHLOAD
05-02 13:04:47.532   761   761 E wificond: Failed to get NL80211_STA_INFO_CNAHLOAD
05-02 13:04:50.559   761   761 E wificond: Failed to get NL80211_STA_INFO_CNAHLOAD
05-02 13:04:53.581   761   761 E wificond: Failed to get NL80211_STA_INFO_CNAHLOAD
05-02 13:04:53.707   761   761 E wificond: Failed to get NL80211_STA_INFO_CNAHLOAD
05-02 13:04:56.607   761   761 E wificond: Failed to get NL80211_STA_INFO_CNAHLOAD
05-02 13:04:56.989  1099  1465 I chatty  : uid=1000(system) AlarmManager expire 1 line
05-02 13:04:59.636   761   761 E wificond: Failed to get NL80211_STA_INFO_CNAHLOAD
05-02 13:05:01.708   761   761 E wificond: Failed to get NL80211_STA_INFO_CNAHLOAD
05-02 13:05:01.723   761   761 E wificond: Failed to get NL80211_STA_INFO_CNAHLOAD
05-02 13:05:02.259  1099  1498 I chatty  : uid=1000(system) Binder:1099_3 expire 28 lines
05-02 13:05:02.660   761   761 E wificond: Failed to get NL80211_STA_INFO_CNAHLOAD
05-02 13:05:02.671  1099  2631 I chatty  : uid=1000(system) Binder:1099_10 expire 19 lines
05-02 13:05:04.683  1099  1159 I chatty  : uid=1000(system) ActivityManager expire 1 line
05-02 13:05:05.686   761   761 E wificond: Failed to get NL80211_STA_INFO_CNAHLOAD
05-02 13:05:08.725   761   761 E wificond: Failed to get NL80211_STA_INFO_CNAHLOAD
05-02 13:05:09.716   761   761 E wificond: Failed to get NL80211_STA_INFO_CNAHLOAD
05-02 13:05:09.731   761   761 E wificond: Failed to get NL80211_STA_INFO_CNAHLOAD
05-02 13:05:11.753   761   761 E wificond: Failed to get NL80211_STA_INFO_CNAHLOAD
05-02 13:05:14.781   761   761 E wificond: Failed to get NL80211_STA_INFO_CNAHLOAD
05-02 13:05:14.797  1099  2631 I chatty  : uid=1000(system) Binder:1099_10 expire 10 lines
05-02 13:05:17.717   761   761 E wificond: Failed to get NL80211_STA_INFO_CNAHLOAD
05-02 13:05:17.802   761   761 E wificond: Failed to get NL80211_STA_INFO_CNAHLOAD
05-02 13:05:20.827   761   761 E wificond: Failed to get NL80211_STA_INFO_CNAHLOAD
05-02 13:05:23.854   761   761 E wificond: Failed to get NL80211_STA_INFO_CNAHLOAD
05-02 13:05:25.726   761   761 E wificond: Failed to get NL80211_STA_INFO_CNAHLOAD
05-02 13:05:26.879   761   761 E wificond: Failed to get NL80211_STA_INFO_CNAHLOAD
05-02 13:05:27.279   513   649 W SocketListener: sending broadcast to Pid = 1099, Uid = 1000 
05-02 13:05:27.282  1099  1480 I chatty  : uid=1000(system) NetdConnector expire 4 lines
05-02 13:05:27.288  1099  1176 I chatty  : uid=1000(system) android.fg expire 2 lines
05-02 13:05:27.300  1099  2631 I chatty  : uid=1000(system) Binder:1099_10 expire 38 lines
05-02 13:05:29.909   761   761 E wificond: Failed to get NL80211_STA_INFO_CNAHLOAD
05-02 13:05:32.939   761   761 E wificond: Failed to get NL80211_STA_INFO_CNAHLOAD
05-02 13:05:33.602  1099  1923 I chatty  : uid=1000(system) Binder:1099_9 expire 10 lines
05-02 13:05:33.680  5221  5237 W ContextImpl: Calling a method in the system process without a qualified user: android.app.ContextImpl.sendBroadcast:1074 android.content.ContextWrapper.sendBroadcast:431 com.huawei.android.pushagent.model.pushcommand.PushCommandProcessor.a:79 com.huawei.android.pushagent.model.pushcommand.PushCommandProcessor.g:89 com.huawei.android.pushagent.model.pushcommand.PushCommandProcessor.h:354 
05-02 13:05:33.723   761   761 E wificond: Failed to get NL80211_STA_INFO_CNAHLOAD
05-02 13:05:33.733   761   761 E wificond: Failed to get NL80211_STA_INFO_CNAHLOAD
05-02 13:05:35.961   761   761 E wificond: Failed to get NL80211_STA_INFO_CNAHLOAD
05-02 13:05:38.990   761   761 E wificond: Failed to get NL80211_STA_INFO_CNAHLOAD
05-02 13:05:39.005  1099  2631 I chatty  : uid=1000(system) Binder:1099_10 expire 11 lines
05-02 13:05:41.721   761   761 E wificond: Failed to get NL80211_STA_INFO_CNAHLOAD
05-02 13:05:42.015   761   761 E wificond: Failed to get NL80211_STA_INFO_CNAHLOAD
05-02 13:05:45.042   761   761 E wificond: Failed to get NL80211_STA_INFO_CNAHLOAD
05-02 13:05:48.068   761   761 E wificond: Failed to get NL80211_STA_INFO_CNAHLOAD
05-02 13:05:48.844   513   649 W SocketListener: sending broadcast to Pid = 1099, Uid = 1000 
05-02 13:05:49.727   761   761 E wificond: Failed to get NL80211_STA_INFO_CNAHLOAD
05-02 13:05:51.096   761   761 E wificond: Failed to get NL80211_STA_INFO_CNAHLOAD
05-02 13:05:54.124   761   761 E wificond: Failed to get NL80211_STA_INFO_CNAHLOAD
05-02 13:05:54.140  1099  2631 I chatty  : uid=1000(system) Binder:1099_10 expire 20 lines
05-02 13:05:57.148   761   761 E wificond: Failed to get NL80211_STA_INFO_CNAHLOAD
05-02 13:05:57.729   761   761 E wificond: Failed to get NL80211_STA_INFO_CNAHLOAD
05-02 13:05:57.743   761   761 E wificond: Failed to get NL80211_STA_INFO_CNAHLOAD
05-02 13:06:00.003  1099  1099 I chatty  : uid=1000 system_server expire 5 lines
05-02 13:06:00.176   761   761 E wificond: Failed to get NL80211_STA_INFO_CNAHLOAD
05-02 13:06:03.197   761   761 E wificond: Failed to get NL80211_STA_INFO_CNAHLOAD
05-02 13:06:03.207  1099  1923 I chatty  : uid=1000(system) Binder:1099_9 expire 6 lines
05-02 13:06:03.606  1889  1889 I HwCoreAppHelperService: LocalReceiver receives:android.intent.action.PACKAGE_RESTARTED,pkg:io.appium.uiautomator2.server,uid:10164
05-02 13:06:04.860  1099  1498 I chatty  : uid=1000(system) Binder:1099_3 expire 2 lines
05-02 13:06:04.895  1099  1923 I chatty  : uid=1000(system) Binder:1099_9 expire 14 lines
05-02 13:06:05.730   761   761 E wificond: Failed to get NL80211_STA_INFO_CNAHLOAD
05-02 13:06:05.740   761   761 I chatty  : uid=1010(wifi) /system/bin/wificond identical 1 line
05-02 13:06:06.218   761   761 E wificond: Failed to get NL80211_STA_INFO_CNAHLOAD
05-02 13:06:06.227  1099  2631 I chatty  : uid=1000(system) Binder:1099_10 expire 16 lines
05-02 13:06:06.969  1099  1466 I chatty  : uid=1000(system) sManagerService expire 2 lines
05-02 13:06:06.991  1099  1443 I chatty  : uid=1000(system) android.anim expire 38 lines
05-02 13:06:07.007 20717 20717 D ActivityThread: ActivityThread,attachApplication
05-02 13:06:07.023  1099  2607 I chatty  : uid=1000(system) Binder:1099_D expire 15 lines
05-02 13:06:07.024  1861  2173 I HwNetworkPolicyManager: getHwUidPolicy uid = 10151 policy = 0
05-02 13:06:07.063 20717 20717 V ActivityThread: ActivityThread,callActivityOnCreate
05-02 13:06:07.138 20717 20717 D ActivityThread: add activity client record, r= ActivityRecord{ea450da token=android.os.BinderProxy@e320746 {io.appium.settings/io.appium.settings.Settings}} token= android.os.BinderProxy@e320746
05-02 13:06:07.175  1612  1962 I CommandQueue: updateBarBgColor
05-02 13:06:07.176  1612  1962 D CommandQueue: CommandQueue, setBarBackgroundColor
05-02 13:06:07.370   513   649 W SocketListener: sending broadcast to Pid = 1099, Uid = 1000 
05-02 13:06:07.370  1099  1480 I chatty  : uid=1000(system) NetdConnector expire 2 lines
05-02 13:06:07.371  1099  1176 I chatty  : uid=1000(system) android.fg expire 1 line
05-02 13:06:07.394  1099  1442 I chatty  : uid=1000(system) PackageInstalle expire 2 lines
05-02 13:06:07.413  1099  1213 I chatty  : uid=1000(system) PackageManager expire 8 lines
05-02 13:06:07.493  1099  1847 I chatty  : uid=1000(system) LocationThread expire 29 lines
05-02 13:06:07.494  1099 20779 I chatty  : uid=1000 system_server expire 1 line
05-02 13:06:07.501  1099  1159 I chatty  : uid=1000(system) ActivityManager expire 6 lines
05-02 13:06:07.511  1099  1099 I chatty  : uid=1000 system_server expire 37 lines
05-02 13:06:07.513  1099  1111 I chatty  : uid=1000(system) Binder:1099_1 expire 1 line
05-02 13:06:07.517   767   767 D libgps  : proxy_gps_inject_location: called.
05-02 13:06:07.550  1099  7810 I chatty  : uid=1000(system) Binder:1099_1B expire 3 lines
05-02 13:06:08.142  1099  1929 I chatty  : uid=1000(system) Binder:1099_A expire 5 lines
05-02 13:06:08.162  1099  1918 I chatty  : uid=1000(system) Binder:1099_7 expire 41 lines
05-02 13:06:08.190  1099 10932 I chatty  : uid=1000(system) Binder:1099_1F expire 13 lines
05-02 13:06:08.206  1861  2173 I HwNetworkPolicyManager: getHwUidPolicy uid = 10068 policy = 0
05-02 13:06:08.212  1099 20811 I chatty  : uid=1000 system_server expire 1 line
05-02 13:06:08.214  1612  1962 I CommandQueue: updateBarBgColor
05-02 13:06:08.214  1612  1962 D CommandQueue: CommandQueue, setBarBackgroundColor
05-02 13:06:08.216   767   767 D libgps  : proxy_gps_inject_location: called.
05-02 13:06:08.216  1099  6904 I chatty  : uid=1000(system) Binder:1099_18 expire 1 line
05-02 13:06:08.484 20717 20717 D ActivityThread: Remove activity client record, r= ActivityRecord{ea450da token=android.os.BinderProxy@e320746 {io.appium.settings/io.appium.settings.Settings}} token= android.os.BinderProxy@e320746
05-02 13:06:09.119  1889  1889 I HwCoreAppHelperService: LocalReceiver receives:android.intent.action.PACKAGE_RESTARTED,pkg:io.appium.uiautomator2.server,uid:10164
05-02 13:06:09.241   761   761 E wificond: Failed to get NL80211_STA_INFO_CNAHLOAD
05-02 13:06:09.582 20853 20853 D ActivityThread: ActivityThread,attachApplication
05-02 13:06:10.418  1099  1449 I chatty  : uid=1000(system) UEventObserver expire 2 lines
05-02 13:06:12.277   761   761 E wificond: Failed to get NL80211_STA_INFO_CNAHLOAD
05-02 13:06:12.564  1889  1889 I HwCoreAppHelperService: LocalReceiver receives:android.intent.action.PACKAGE_RESTARTED,pkg:com.xes.jazhanghui.activity,uid:10168
05-02 13:06:12.606  1099  1517 I chatty  : uid=1000(system) ConnectivitySer expire 2 lines
05-02 13:06:12.827  1099  2865 I chatty  : uid=1000(system) Binder:1099_13 expire 13 lines
05-02 13:06:12.862 20896 20896 D ActivityThread: ActivityThread,attachApplication
05-02 13:06:12.887  1099  6417 I chatty  : uid=1000(system) Binder:1099_17 expire 39 lines
05-02 13:06:12.887  1861  2173 I HwNetworkPolicyManager: getHwUidPolicy uid = 10168 policy = 0
05-02 13:06:12.982  1099  2865 I chatty  : uid=1000(system) Binder:1099_13 expire 50 lines
05-02 13:06:13.009 20921 20921 D ActivityThread: ActivityThread,attachApplication
05-02 13:06:13.018  1099  1099 I chatty  : uid=1000 system_server expire 8 lines
05-02 13:06:13.107  1099  6303 I chatty  : uid=1000(system) Binder:1099_16 expire 57 lines
05-02 13:06:13.208  2547  2570 W SettingsEx: SettingsEx.Systemex.getInt deprecated use Settings.System.getInt instead ;callers=com.huawei.recsys.util.SystemUtil.getNotificationUpdateMode:169 com.huawei.recsys.util.SystemUtil.isAllowUpdate:104 com.huawei.recsys.controller.notification.http.NotificationUpdateController.startNotificationUpdate:85 
05-02 13:06:13.321  1099  1443 I chatty  : uid=1000(system) android.anim expire 11 lines
05-02 13:06:13.363 20896 20896 V ActivityThread: ActivityThread,callActivityOnCreate
05-02 13:06:13.518 20896 20896 D ActivityThread: add activity client record, r= ActivityRecord{f95cf64 token=android.os.BinderProxy@8e35814 {com.xes.jazhanghui.activity/com.xes.jazhanghui.activity.mvp.start.StartActivity}} token= android.os.BinderProxy@8e35814
05-02 13:06:13.570  1612 14732 I CommandQueue: updateBarBgColor
05-02 13:06:13.570  1612 14732 D CommandQueue: CommandQueue, setBarBackgroundColor
05-02 13:06:13.572  1099  2638 I chatty  : uid=1000(system) Binder:1099_11 expire 10 lines
05-02 13:06:13.610  1099  1918 I chatty  : uid=1000(system) Binder:1099_7 expire 35 lines
05-02 13:06:13.679 21035 21035 D ActivityThread: ActivityThread,attachApplication
05-02 13:06:13.698  1099  1847 I chatty  : uid=1000(system) LocationThread expire 14 lines
05-02 13:06:13.700  1099 21058 I chatty  : uid=1000 system_server expire 1 line
05-02 13:06:13.703   767   767 D libgps  : proxy_gps_inject_location: called.
05-02 13:06:13.725   761   761 E wificond: Failed to get NL80211_STA_INFO_CNAHLOAD
05-02 13:06:13.732   761   761 E wificond: Failed to get NL80211_STA_INFO_CNAHLOAD
05-02 13:06:13.785  5221  5237 W ContextImpl: Calling a method in the system process without a qualified user: android.app.ContextImpl.sendBroadcast:1074 android.content.ContextWrapper.sendBroadcast:431 com.huawei.android.pushagent.model.pushcommand.PushCommandProcessor.a:79 com.huawei.android.pushagent.model.pushcommand.PushCommandProcessor.g:89 com.huawei.android.pushagent.model.pushcommand.PushCommandProcessor.h:354 
05-02 13:06:13.790  1099  2162 I chatty  : uid=1000(system) Binder:1099_B expire 24 lines
05-02 13:06:14.189  1099  1517 I chatty  : uid=1000(system) ConnectivitySer expire 11 lines
05-02 13:06:14.729 20896 20896 V ActivityThread: ActivityThread,callActivityOnCreate
05-02 13:06:14.846 20896 20896 D ActivityThread: add activity client record, r= ActivityRecord{6a409e8 token=android.os.BinderProxy@82c174b {com.xes.jazhanghui.activity/com.xes.jazhanghui.activity.mvp.login.view.LoginActivity}} token= android.os.BinderProxy@82c174b
05-02 13:06:14.860 20896 20896 V ActivityThread: ActivityThread,callActivityOnCreate
05-02 13:06:15.218 20896 20896 D ActivityThread: add activity client record, r= ActivityRecord{eab3ee6 token=android.os.BinderProxy@4d1801 {com.xes.jazhanghui.activity/com.xes.jazhanghui.activity.mvp.navigator.view.activity.NavigatorActivity}} token= android.os.BinderProxy@4d1801
05-02 13:06:15.292   761   761 E wificond: Failed to get NL80211_STA_INFO_CNAHLOAD
05-02 13:06:15.949 20896 20896 D ActivityThread: Remove activity client record, r= ActivityRecord{6a409e8 token=android.os.BinderProxy@82c174b {com.xes.jazhanghui.activity/com.xes.jazhanghui.activity.mvp.login.view.LoginActivity}} token= android.os.BinderProxy@82c174b
05-02 13:06:15.952 20896 20896 D ActivityThread: Remove activity client record, r= ActivityRecord{f95cf64 token=android.os.BinderProxy@8e35814 {com.xes.jazhanghui.activity/com.xes.jazhanghui.activity.mvp.start.StartActivity}} token= android.os.BinderProxy@8e35814
05-02 13:06:16.301  1099  1841 I chatty  : uid=1000(system) watchdog expire 1 line
05-02 13:06:18.314   761   761 E wificond: Failed to get NL80211_STA_INFO_CNAHLOAD
05-02 13:06:21.336   761   761 E wificond: Failed to get NL80211_STA_INFO_CNAHLOAD
05-02 13:06:21.511  1099  1189 I chatty  : uid=1000(system) PowerManagerSer expire 2 lines
05-02 13:06:21.726   761   761 E wificond: Failed to get NL80211_STA_INFO_CNAHLOAD
05-02 13:06:21.732   761   761 E wificond: Failed to get NL80211_STA_INFO_CNAHLOAD
05-02 13:06:22.700  1099  6417 I chatty  : uid=1000(system) Binder:1099_17 expire 8 lines
05-02 13:06:22.711  1099  1918 I chatty  : uid=1000(system) Binder:1099_7 expire 13 lines
05-02 13:06:22.740 21213 21213 D ActivityThread: ActivityThread,attachApplication
05-02 13:06:22.845  1099  2865 I chatty  : uid=1000(system) Binder:1099_13 expire 8 lines
05-02 13:06:23.242  1099  1443 I chatty  : uid=1000(system) android.anim expire 15 lines
05-02 13:06:24.353   761   761 E wificond: Failed to get NL80211_STA_INFO_CNAHLOAD
05-02 13:06:25.598  1099  1466 I chatty  : uid=1000(system) sManagerService expire 2 lines
05-02 13:06:25.620 20896 20896 V ActivityThread: ActivityThread,callActivityOnCreate
05-02 13:06:25.674  1099  7678 I chatty  : uid=1000(system) Binder:1099_1A expire 31 lines
05-02 13:06:25.674  1099  1517 I chatty  : uid=1000(system) ConnectivitySer expire 11 lines
05-02 13:06:25.783 21255 21255 D ActivityThread: ActivityThread,attachApplication
05-02 13:06:25.786  1099  6303 I chatty  : uid=1000(system) Binder:1099_16 expire 10 lines
05-02 13:06:25.852 20896 20896 D ActivityThread: add activity client record, r= ActivityRecord{e36e330 token=android.os.BinderProxy@e215d7d {com.xes.jazhanghui.activity/com.xes.jazhanghui.activity.mvp.web.NewsDetailActivity}} token= android.os.BinderProxy@e215d7d
05-02 13:06:25.906  1612 14732 I CommandQueue: updateBarBgColor
05-02 13:06:25.906  1612 14732 D CommandQueue: CommandQueue, setBarBackgroundColor
05-02 13:06:25.916  1099  2592 I chatty  : uid=1000(system) Binder:1099_C expire 27 lines
05-02 13:06:26.062  2547  2570 W SettingsEx: SettingsEx.Systemex.getInt deprecated use Settings.System.getInt instead ;callers=com.huawei.recsys.util.SystemUtil.getNotificationUpdateMode:169 com.huawei.recsys.util.SystemUtil.isAllowUpdate:104 com.huawei.recsys.controller.notification.http.NotificationUpdateController.startNotificationUpdate:85 
05-02 13:06:27.045  1099  2638 I chatty  : uid=1000(system) Binder:1099_11 expire 31 lines
05-02 13:06:27.367   761   761 E wificond: Failed to get NL80211_STA_INFO_CNAHLOAD
05-02 13:06:29.734   761   761 E wificond: Failed to get NL80211_STA_INFO_CNAHLOAD
05-02 13:06:29.738   761   761 I chatty  : uid=1010(wifi) /system/bin/wificond identical 1 line
05-02 13:06:30.385   761   761 E wificond: Failed to get NL80211_STA_INFO_CNAHLOAD
05-02 13:06:33.320  1612 14732 I CommandQueue: updateBarBgColor
05-02 13:06:33.320  1612 14732 D CommandQueue: CommandQueue, setBarBackgroundColor
05-02 13:06:33.339  1099  1918 I chatty  : uid=1000(system) Binder:1099_7 expire 24 lines
05-02 13:06:33.399   761   761 E wificond: Failed to get NL80211_STA_INFO_CNAHLOAD
05-02 13:06:33.655 20896 20896 D ActivityThread: Remove activity client record, r= ActivityRecord{e36e330 token=android.os.BinderProxy@e215d7d {com.xes.jazhanghui.activity/com.xes.jazhanghui.activity.mvp.web.NewsDetailActivity}} token= android.os.BinderProxy@e215d7d
05-02 13:06:36.418   761   761 E wificond: Failed to get NL80211_STA_INFO_CNAHLOAD
05-02 13:06:37.734   761   761 E wificond: Failed to get NL80211_STA_INFO_CNAHLOAD
05-02 13:06:37.741   761   761 E wificond: Failed to get NL80211_STA_INFO_CNAHLOAD
05-02 13:06:38.930  1099  2638 I chatty  : uid=1000(system) Binder:1099_11 expire 15 lines
05-02 13:06:39.434   761   761 E wificond: Failed to get NL80211_STA_INFO_CNAHLOAD
05-02 13:06:39.445  1099  6303 I chatty  : uid=1000(system) Binder:1099_16 expire 11 lines
05-02 13:06:40.282  1099  2592 I chatty  : uid=1000(system) Binder:1099_C expire 15 lines
05-02 13:06:40.618  1099  1449 I chatty  : uid=1000(system) UEventObserver expire 2 lines
05-02 13:06:40.632  1099  1099 I chatty  : uid=1000 system_server expire 3 lines
05-02 13:06:42.446   761   761 E wificond: Failed to get NL80211_STA_INFO_CNAHLOAD
05-02 13:06:42.964  2547  2570 W SettingsEx: SettingsEx.Systemex.getInt deprecated use Settings.System.getInt instead ;callers=com.huawei.recsys.util.SystemUtil.getNotificationUpdateMode:169 com.huawei.recsys.util.SystemUtil.isAllowUpdate:104 com.huawei.recsys.controller.notification.http.NotificationUpdateController.startNotificationUpdate:85 
05-02 13:06:45.470   761   761 E wificond: Failed to get NL80211_STA_INFO_CNAHLOAD
05-02 13:06:45.731   761   761 E wificond: Failed to get NL80211_STA_INFO_CNAHLOAD
05-02 13:06:45.736   761   761 E wificond: Failed to get NL80211_STA_INFO_CNAHLOAD
05-02 13:06:46.303  1099  1841 I chatty  : uid=1000(system) watchdog expire 1 line
05-02 13:06:48.486   761   761 E wificond: Failed to get NL80211_STA_INFO_CNAHLOAD
05-02 13:06:51.499   761   761 E wificond: Failed to get NL80211_STA_INFO_CNAHLOAD
05-02 13:06:51.509  1099  6303 I chatty  : uid=1000(system) Binder:1099_16 expire 4 lines
05-02 13:06:53.343 20896 20896 V ActivityThread: ActivityThread,callActivityOnCreate
05-02 13:06:53.378  1099  1517 I chatty  : uid=1000(system) ConnectivitySer expire 5 lines
05-02 13:06:53.417 20896 20896 D ActivityThread: add activity client record, r= ActivityRecord{a529300 token=android.os.BinderProxy@bdc3c2a {com.xes.jazhanghui.activity/com.xes.jazhanghui.activity.mvp.web.NewsDetailActivity}} token= android.os.BinderProxy@bdc3c2a
05-02 13:06:53.427  1099  2592 I chatty  : uid=1000(system) Binder:1099_C expire 2 lines
05-02 13:06:53.452  1612  1962 I CommandQueue: updateBarBgColor
05-02 13:06:53.452  1612  1962 D CommandQueue: CommandQueue, setBarBackgroundColor
05-02 13:06:53.453  1099  2638 I chatty  : uid=1000(system) Binder:1099_11 expire 11 lines
05-02 13:06:53.486  1099  1443 I chatty  : uid=1000(system) android.anim expire 3 lines
05-02 13:06:53.733   761   761 E wificond: Failed to get NL80211_STA_INFO_CNAHLOAD
05-02 13:06:53.739   761   761 E wificond: Failed to get NL80211_STA_INFO_CNAHLOAD
05-02 13:06:53.973  1099  2162 I chatty  : uid=1000(system) Binder:1099_B expire 18 lines
05-02 13:06:54.512   761   761 E wificond: Failed to get NL80211_STA_INFO_CNAHLOAD
05-02 13:06:57.537   761   761 E wificond: Failed to get NL80211_STA_INFO_CNAHLOAD
05-02 13:07:00.003  1099  1099 I chatty  : uid=1000 system_server expire 5 lines
05-02 13:07:00.088  1099  1918 I chatty  : uid=1000(system) Binder:1099_7 expire 11 lines
05-02 13:07:00.553   761   761 E wificond: Failed to get NL80211_STA_INFO_CNAHLOAD
05-02 13:07:00.561  1099  2638 I chatty  : uid=1000(system) Binder:1099_11 expire 12 lines
05-02 13:07:01.724  1099  6303 I chatty  : uid=1000(system) Binder:1099_16 expire 11 lines
05-02 13:07:01.742   761   761 E wificond: Failed to get NL80211_STA_INFO_CNAHLOAD
05-02 13:07:01.755   761   761 E wificond: Failed to get NL80211_STA_INFO_CNAHLOAD
05-02 13:07:03.574   761   761 E wificond: Failed to get NL80211_STA_INFO_CNAHLOAD
05-02 13:07:03.585  1099  7678 I chatty  : uid=1000(system) Binder:1099_1A expire 13 lines
05-02 13:07:06.596   761   761 E wificond: Failed to get NL80211_STA_INFO_CNAHLOAD
05-02 13:07:09.615   761   761 E wificond: Failed to get NL80211_STA_INFO_CNAHLOAD
05-02 13:07:09.736   761   761 E wificond: Failed to get NL80211_STA_INFO_CNAHLOAD
05-02 13:07:09.744   761   761 E wificond: Failed to get NL80211_STA_INFO_CNAHLOAD
05-02 13:07:10.830  1099  1449 I chatty  : uid=1000(system) UEventObserver expire 4 lines
05-02 13:07:12.633   761   761 E wificond: Failed to get NL80211_STA_INFO_CNAHLOAD
05-02 13:07:12.639  1099  2162 I chatty  : uid=1000(system) Binder:1099_B expire 16 lines
05-02 13:07:15.051  1612  6833 I CommandQueue: updateBarBgColor
05-02 13:07:15.051  1612  6833 D CommandQueue: CommandQueue, setBarBackgroundColor
05-02 13:07:15.110  1099  1918 I chatty  : uid=1000(system) Binder:1099_7 expire 27 lines
05-02 13:07:15.111  1099  1443 I chatty  : uid=1000(system) android.anim expire 11 lines
05-02 13:07:15.119  1099  6303 I chatty  : uid=1000(system) Binder:1099_16 expire 10 lines
05-02 13:07:15.134  1099  7678 I chatty  : uid=1000(system) Binder:1099_1A expire 7 lines
05-02 13:07:15.425  1099  2592 I chatty  : uid=1000(system) Binder:1099_C expire 18 lines
05-02 13:07:15.447 20896 20896 D ActivityThread: Remove activity client record, r= ActivityRecord{a529300 token=android.os.BinderProxy@bdc3c2a {com.xes.jazhanghui.activity/com.xes.jazhanghui.activity.mvp.web.NewsDetailActivity}} token= android.os.BinderProxy@bdc3c2a
05-02 13:07:15.456  1099  1517 I chatty  : uid=1000(system) ConnectivitySer expire 1 line
05-02 13:07:15.645   761   761 E wificond: Failed to get NL80211_STA_INFO_CNAHLOAD
05-02 13:07:16.304  1099  1841 I chatty  : uid=1000(system) watchdog expire 2 lines
05-02 13:07:17.743   761   761 E wificond: Failed to get NL80211_STA_INFO_CNAHLOAD
05-02 13:07:17.756   761   761 I chatty  : uid=1010(wifi) /system/bin/wificond identical 2 lines
05-02 13:07:18.664   761   761 E wificond: Failed to get NL80211_STA_INFO_CNAHLOAD
05-02 13:07:21.682   761   761 E wificond: Failed to get NL80211_STA_INFO_CNAHLOAD
05-02 13:07:24.697   761   761 E wificond: Failed to get NL80211_STA_INFO_CNAHLOAD
05-02 13:07:24.764  1099  1466 I chatty  : uid=1000(system) sManagerService expire 1 line
05-02 13:07:24.777 20896 20896 V ActivityThread: ActivityThread,callActivityOnCreate
05-02 13:07:24.850 20896 20896 D ActivityThread: add activity client record, r= ActivityRecord{f2cf1ef token=android.os.BinderProxy@1090c40 {com.xes.jazhanghui.activity/com.xes.jazhanghui.activity.mvp.selectcourse.view.ZKSelectCourseListActivity}} token= android.os.BinderProxy@1090c40
05-02 13:07:24.871  1612  6833 I CommandQueue: updateBarBgColor
05-02 13:07:24.871  1612  6833 D CommandQueue: CommandQueue, setBarBackgroundColor
05-02 13:07:25.741   761   761 E wificond: Failed to get NL80211_STA_INFO_CNAHLOAD
05-02 13:07:25.747   761   761 E wificond: Failed to get NL80211_STA_INFO_CNAHLOAD
05-02 13:07:27.713   761   761 E wificond: Failed to get NL80211_STA_INFO_CNAHLOAD
05-02 13:07:27.719  1099  6303 I chatty  : uid=1000(system) Binder:1099_16 expire 15 lines
05-02 13:07:29.252  2547  2570 W SettingsEx: SettingsEx.Systemex.getInt deprecated use Settings.System.getInt instead ;callers=com.huawei.recsys.util.SystemUtil.getNotificationUpdateMode:169 com.huawei.recsys.util.SystemUtil.isAllowUpdate:104 com.huawei.recsys.controller.notification.http.NotificationUpdateController.startNotificationUpdate:85 
05-02 13:07:30.729   761   761 E wificond: Failed to get NL80211_STA_INFO_CNAHLOAD
05-02 13:07:30.731  1099  2592 I chatty  : uid=1000(system) Binder:1099_C expire 13 lines
05-02 13:07:33.752   761   761 E wificond: Failed to get NL80211_STA_INFO_CNAHLOAD
05-02 13:07:33.763   761   761 E wificond: Failed to get NL80211_STA_INFO_CNAHLOAD
05-02 13:07:33.769   761   761 E wificond: Failed to get NL80211_STA_INFO_CNAHLOAD
05-02 13:07:34.996  1099  6417 I chatty  : uid=1000(system) Binder:1099_17 expire 2 lines
05-02 13:07:35.004  1099  2162 I chatty  : uid=1000(system) Binder:1099_B expire 5 lines
05-02 13:07:35.008  1099  2865 I chatty  : uid=1000(system) Binder:1099_13 expire 13 lines
05-02 13:07:36.769   761   761 E wificond: Failed to get NL80211_STA_INFO_CNAHLOAD
05-02 13:07:36.927  1099  1443 I chatty  : uid=1000(system) android.anim expire 10 lines
05-02 13:07:39.794   761   761 E wificond: Failed to get NL80211_STA_INFO_CNAHLOAD
05-02 13:07:39.803  1099  2638 I chatty  : uid=1000(system) Binder:1099_11 expire 12 lines
05-02 13:07:41.743   761   761 E wificond: Failed to get NL80211_STA_INFO_CNAHLOAD
05-02 13:07:41.751   761   761 E wificond: Failed to get NL80211_STA_INFO_CNAHLOAD
05-02 13:07:42.809   761   761 E wificond: Failed to get NL80211_STA_INFO_CNAHLOAD
05-02 13:07:45.825   761   761 E wificond: Failed to get NL80211_STA_INFO_CNAHLOAD
05-02 13:07:48.847   761   761 E wificond: Failed to get NL80211_STA_INFO_CNAHLOAD
05-02 13:07:48.859  1099  6303 I chatty  : uid=1000(system) Binder:1099_16 expire 13 lines
05-02 13:07:49.745   761   761 E wificond: Failed to get NL80211_STA_INFO_CNAHLOAD
05-02 13:07:51.865   761   761 E wificond: Failed to get NL80211_STA_INFO_CNAHLOAD
05-02 13:07:53.734  1099  2865 I chatty  : uid=1000(system) Binder:1099_13 expire 4 lines
05-02 13:07:53.763  1612  1962 I CommandQueue: updateBarBgColor
05-02 13:07:53.763  1612  1962 D CommandQueue: CommandQueue, setBarBackgroundColor
05-02 13:07:53.765  1099  2638 I chatty  : uid=1000(system) Binder:1099_11 expire 4 lines
05-02 13:07:53.837  1099  1443 I chatty  : uid=1000(system) android.anim expire 11 lines
05-02 13:07:54.114 20896 20896 D ActivityThread: Remove activity client record, r= ActivityRecord{f2cf1ef token=android.os.BinderProxy@1090c40 {com.xes.jazhanghui.activity/com.xes.jazhanghui.activity.mvp.selectcourse.view.ZKSelectCourseListActivity}} token= android.os.BinderProxy@1090c40
05-02 13:07:54.881   761   761 E wificond: Failed to get NL80211_STA_INFO_CNAHLOAD
05-02 13:07:54.892  1099  2638 I chatty  : uid=1000(system) Binder:1099_11 expire 25 lines
05-02 13:07:57.748   761   761 E wificond: Failed to get NL80211_STA_INFO_CNAHLOAD
05-02 13:07:57.753   761   761 I chatty  : uid=1010(wifi) /system/bin/wificond identical 3 lines
05-02 13:07:57.899   761   761 E wificond: Failed to get NL80211_STA_INFO_CNAHLOAD
05-02 13:07:59.370  1099  2865 I chatty  : uid=1000(system) Binder:1099_13 expire 12 lines
05-02 13:08:00.003  1099  1099 I chatty  : uid=1000 system_server expire 4 lines
05-02 13:08:00.726  1099  6303 I chatty  : uid=1000(system) Binder:1099_16 expire 36 lines
05-02 13:08:00.831  1099  2162 I chatty  : uid=1000(system) Binder:1099_B expire 18 lines
05-02 13:08:00.916   761   761 E wificond: Failed to get NL80211_STA_INFO_CNAHLOAD
05-02 13:08:03.937   761   761 E wificond: Failed to get NL80211_STA_INFO_CNAHLOAD
05-02 13:08:05.750   761   761 E wificond: Failed to get NL80211_STA_INFO_CNAHLOAD
05-02 13:08:06.957   761   761 E wificond: Failed to get NL80211_STA_INFO_CNAHLOAD
05-02 13:08:06.965  1099  2638 I chatty  : uid=1000(system) Binder:1099_11 expire 18 lines
05-02 13:08:08.055  2547  2570 W SettingsEx: SettingsEx.Systemex.getInt deprecated use Settings.System.getInt instead ;callers=com.huawei.recsys.util.SystemUtil.getNotificationUpdateMode:169 com.huawei.recsys.util.SystemUtil.isAllowUpdate:104 com.huawei.recsys.controller.notification.http.NotificationUpdateController.startNotificationUpdate:85 
05-02 13:08:09.092  1099  1466 I chatty  : uid=1000(system) sManagerService expire 3 lines
05-02 13:08:09.109 20896 20896 V ActivityThread: ActivityThread,callActivityOnCreate
05-02 13:08:09.192 20896 20896 D ActivityThread: add activity client record, r= ActivityRecord{4298ab5 token=android.os.BinderProxy@5428048 {com.xes.jazhanghui.activity/com.xes.jazhanghui.activity.mvp.selectcourse.view.ZKSelectCourseListActivity}} token= android.os.BinderProxy@5428048
05-02 13:08:09.212  1612  1962 I CommandQueue: updateBarBgColor
05-02 13:08:09.212  1612  1962 D CommandQueue: CommandQueue, setBarBackgroundColor
05-02 13:08:09.975   761   761 E wificond: Failed to get NL80211_STA_INFO_CNAHLOAD
