05-10 16:14:15.684  2660  2782 W SettingsEx: SettingsEx.Systemex.getInt deprecated use Settings.System.getInt instead ;callers=com.huawei.recsys.util.SystemUtil.getNotificationUpdateMode:169 com.huawei.recsys.util.SystemUtil.isAllowUpdate:104 com.huawei.recsys.controller.notification.http.NotificationUpdateController.startNotificationUpdate:85 
05-10 16:14:15.830 31085 31085 V ActivityThread: ActivityThread,callActivityOnCreate
05-10 16:14:15.910   773   773 E wificond: Failed to get NL80211_STA_INFO_CNAHLOAD
05-10 16:14:15.915   773   773 E wificond: Failed to get NL80211_STA_INFO_CNAHLOAD
05-10 16:14:15.992 31085 31085 D ActivityThread: add activity client record, r= ActivityRecord{478e262 token=android.os.BinderProxy@df90a5c {com.xes.jazhanghui.activity/com.xes.jazhanghui.activity.mvp.start.StartActivity}} token= android.os.BinderProxy@df90a5c
05-10 16:14:16.037  1512 13497 I CommandQueue: updateBarBgColor
05-10 16:14:16.037  1512 13497 D CommandQueue: CommandQueue, setBarBackgroundColor
05-10 16:14:16.079   974  2758 I chatty  : uid=1000(system) Binder:974_14 expire 39 lines
05-10 16:14:16.080   974  3479 I chatty  : uid=1000(system) Binder:974_1F expire 18 lines
05-10 16:14:16.098   974  1007 I chatty  : uid=1000(system) Binder:974_1 expire 17 lines
05-10 16:14:16.109   974  1346 I chatty  : uid=1000(system) android.anim expire 13 lines
05-10 16:14:16.141 31225 31225 D ActivityThread: ActivityThread,attachApplication
05-10 16:14:16.254  5238  5258 W ContextImpl: Calling a method in the system process without a qualified user: android.app.ContextImpl.sendBroadcast:1074 android.content.ContextWrapper.sendBroadcast:431 com.huawei.android.pushagent.model.pushcommand.PushCommandProcessor.a:79 com.huawei.android.pushagent.model.pushcommand.PushCommandProcessor.g:89 com.huawei.android.pushagent.model.pushcommand.PushCommandProcessor.h:354 
05-10 16:14:16.292   974  4082 I chatty  : uid=1000(system) Binder:974_20 expire 38 lines
05-10 16:14:16.637   974  1415 I chatty  : uid=1000(system) ConnectivitySer expire 11 lines
05-10 16:14:16.808 31085 31085 V ActivityThread: ActivityThread,callActivityOnCreate
05-10 16:14:17.353 31085 31085 D ActivityThread: add activity client record, r= ActivityRecord{42f4fea token=android.os.BinderProxy@8c28bbb {com.xes.jazhanghui.activity/com.xes.jazhanghui.activity.mvp.navigator.view.activity.NavigatorActivity}} token= android.os.BinderProxy@8c28bbb
05-10 16:14:18.246   773   773 E wificond: Failed to get NL80211_STA_INFO_CNAHLOAD
05-10 16:14:19.107 31085 31085 D ActivityThread: Remove activity client record, r= ActivityRecord{478e262 token=android.os.BinderProxy@df90a5c {com.xes.jazhanghui.activity/com.xes.jazhanghui.activity.mvp.start.StartActivity}} token= android.os.BinderProxy@df90a5c
05-10 16:14:21.266   773   773 E wificond: Failed to get NL80211_STA_INFO_CNAHLOAD
05-10 16:14:21.768   974 13330 I chatty  : uid=1000(system) Binder:974_1D expire 16 lines
05-10 16:14:22.962   974  1352 I chatty  : uid=1000(system) UEventObserver expire 2 lines
05-10 16:14:22.978   974   974 I chatty  : uid=1000 system_server expire 5 lines
05-10 16:14:23.913   773   773 E wificond: Failed to get NL80211_STA_INFO_CNAHLOAD
05-10 16:14:23.919   773   773 I chatty  : uid=1010(wifi) /system/bin/wificond identical 1 line
05-10 16:14:24.287   773   773 E wificond: Failed to get NL80211_STA_INFO_CNAHLOAD
05-10 16:14:26.499 31401 31401 D ActivityThread: ActivityThread,attachApplication
05-10 16:14:27.312   773   773 E wificond: Failed to get NL80211_STA_INFO_CNAHLOAD
05-10 16:14:27.327   974  2758 I chatty  : uid=1000(system) Binder:974_14 expire 4 lines
05-10 16:14:27.993   974  1502 I chatty  : uid=1000(system) Binder:974_3 expire 33 lines
05-10 16:14:29.645   974  4082 I chatty  : uid=1000(system) Binder:974_20 expire 26 lines
05-10 16:14:30.335   773   773 E wificond: Failed to get NL80211_STA_INFO_CNAHLOAD
05-10 16:14:31.922   773   773 E wificond: Failed to get NL80211_STA_INFO_CNAHLOAD
05-10 16:14:31.932   773   773 E wificond: Failed to get NL80211_STA_INFO_CNAHLOAD
05-10 16:14:32.050  2660  2782 W SettingsEx: SettingsEx.Systemex.getInt deprecated use Settings.System.getInt instead ;callers=com.huawei.recsys.util.SystemUtil.getNotificationUpdateMode:169 com.huawei.recsys.util.SystemUtil.isAllowUpdate:104 com.huawei.recsys.controller.notification.http.NotificationUpdateController.startNotificationUpdate:85 
05-10 16:14:33.355   773   773 E wificond: Failed to get NL80211_STA_INFO_CNAHLOAD
05-10 16:14:35.157   974  1809 I chatty  : uid=1000(system) watchdog expire 1 line
05-10 16:14:36.206   974 13330 I chatty  : uid=1000(system) Binder:974_1D expire 4 lines
05-10 16:14:36.305   974  1383 I chatty  : uid=1000(system) sManagerService expire 1 line
05-10 16:14:36.328 31085 31085 V ActivityThread: ActivityThread,callActivityOnCreate
05-10 16:14:36.371   773   773 E wificond: Failed to get NL80211_STA_INFO_CNAHLOAD
05-10 16:14:36.381   974  1415 I chatty  : uid=1000(system) ConnectivitySer expire 5 lines
05-10 16:14:36.467 31454 31454 D ActivityThread: ActivityThread,attachApplication
05-10 16:14:36.468   974  1007 I chatty  : uid=1000(system) Binder:974_1 expire 41 lines
05-10 16:14:36.560 31085 31085 D ActivityThread: add activity client record, r= ActivityRecord{24e5a59 token=android.os.BinderProxy@ded67f3 {com.xes.jazhanghui.activity/com.xes.jazhanghui.activity.mvp.web.AppWebViewActivity}} token= android.os.BinderProxy@ded67f3
05-10 16:14:36.572   974  1502 I chatty  : uid=1000(system) Binder:974_3 expire 5 lines
05-10 16:14:36.612   974  2758 I chatty  : uid=1000(system) Binder:974_14 expire 22 lines
05-10 16:14:36.666   974  1346 I chatty  : uid=1000(system) android.anim expire 18 lines
05-10 16:14:36.672   974  1415 I chatty  : uid=1000(system) ConnectivitySer expire 10 lines
05-10 16:14:36.673   974  4082 I chatty  : uid=1000(system) Binder:974_20 expire 8 lines
05-10 16:14:36.702   974 13330 I chatty  : uid=1000(system) Binder:974_1D expire 45 lines
05-10 16:14:38.149   974  3479 I chatty  : uid=1000(system) Binder:974_1F expire 9 lines
05-10 16:14:38.570 31085 31085 D ActivityThread: Remove activity client record, r= ActivityRecord{24e5a59 token=android.os.BinderProxy@ded67f3 {com.xes.jazhanghui.activity/com.xes.jazhanghui.activity.mvp.web.AppWebViewActivity}} token= android.os.BinderProxy@ded67f3
05-10 16:14:39.410   773   773 E wificond: Failed to get NL80211_STA_INFO_CNAHLOAD
05-10 16:14:39.567  1997  2180 I HwNetworkPolicyManager: getHwUidPolicy uid = 10068 policy = 0
05-10 16:14:39.573  1512 13497 I CommandQueue: updateBarBgColor
05-10 16:14:39.573  1512 13497 D CommandQueue: CommandQueue, setBarBackgroundColor
05-10 16:14:39.576   974  2224 I chatty  : uid=1000(system) Binder:974_9 expire 23 lines
05-10 16:14:39.917 31085 31085 D ActivityThread: Remove activity client record, r= ActivityRecord{42f4fea token=android.os.BinderProxy@8c28bbb {com.xes.jazhanghui.activity/com.xes.jazhanghui.activity.mvp.navigator.view.activity.NavigatorActivity}} token= android.os.BinderProxy@8c28bbb
05-10 16:14:39.924   773   773 E wificond: Failed to get NL80211_STA_INFO_CNAHLOAD
05-10 16:14:39.928   773   773 E wificond: Failed to get NL80211_STA_INFO_CNAHLOAD
05-10 16:14:41.812   974  1124 I chatty  : uid=1000(system) android.ui expire 8 lines
05-10 16:14:42.439   773   773 E wificond: Failed to get NL80211_STA_INFO_CNAHLOAD
05-10 16:14:45.480   773   773 E wificond: Failed to get NL80211_STA_INFO_CNAHLOAD
05-10 16:14:46.213  1862  1862 I HwCoreAppHelperService: LocalReceiver receives:android.intent.action.PACKAGE_RESTARTED,pkg:com.xes.jazhanghui.activity,uid:10195
05-10 16:14:46.215   974   974 I chatty  : uid=1000 system_server expire 35 lines
05-10 16:14:46.217   974  1837 I chatty  : uid=1000(system) MultiTaskManage expire 2 lines
05-10 16:14:46.816   974  1138 I chatty  : uid=1000(system) android.display expire 1 line
05-10 16:14:47.923   773   773 E wificond: Failed to get NL80211_STA_INFO_CNAHLOAD
05-10 16:14:47.934   773   773 E wificond: Failed to get NL80211_STA_INFO_CNAHLOAD
05-10 16:14:48.265   974  8227 I chatty  : uid=1000(system) Binder:974_1C expire 3 lines
05-10 16:14:48.287  1862  1862 I HwCoreAppHelperService: LocalReceiver receives:android.intent.action.PACKAGE_RESTARTED,pkg:io.appium.uiautomator2.server,uid:10191
05-10 16:14:48.504   773   773 E wificond: Failed to get NL80211_STA_INFO_CNAHLOAD
05-10 16:14:51.530   773   773 E wificond: Failed to get NL80211_STA_INFO_CNAHLOAD
05-10 16:14:51.545   974  2224 I chatty  : uid=1000(system) Binder:974_9 expire 5 lines
05-10 16:14:53.168   974  1352 I chatty  : uid=1000(system) UEventObserver expire 2 lines
05-10 16:14:53.253   974  1315 I chatty  : uid=1000(system) PackageInstalle expire 2 lines
05-10 16:14:53.299   974  1166 I chatty  : uid=1000(system) PackageManager expire 8 lines
05-10 16:14:53.427   974  1123 I chatty  : uid=1000(system) ActivityManager expire 6 lines
05-10 16:14:53.456   974  1776 I chatty  : uid=1000(system) Binder:974_6 expire 1 line
05-10 16:14:53.518   974  2751 I chatty  : uid=1000(system) Binder:974_13 expire 49 lines
05-10 16:14:54.553   773   773 E wificond: Failed to get NL80211_STA_INFO_CNAHLOAD
05-10 16:14:55.922   773   773 E wificond: Failed to get NL80211_STA_INFO_CNAHLOAD
05-10 16:14:55.932   773   773 E wificond: Failed to get NL80211_STA_INFO_CNAHLOAD
05-10 16:14:56.011   974   974 I chatty  : uid=1000 system_server expire 12 lines
05-10 16:14:56.016  1862  1862 I HwCoreAppHelperService: LocalReceiver receives:android.intent.action.PACKAGE_RESTARTED,pkg:io.appium.uiautomator2.server,uid:10191
05-10 16:14:56.624   974 13330 I chatty  : uid=1000(system) Binder:974_1D expire 22 lines
05-10 16:14:56.695 31787 31787 D ActivityThread: ActivityThread,attachApplication
05-10 16:14:57.580   773   773 E wificond: Failed to get NL80211_STA_INFO_CNAHLOAD
05-10 16:15:00.421  1862  1862 I HwCoreAppHelperService: LocalReceiver receives:android.intent.action.PACKAGE_RESTARTED,pkg:com.xes.jazhanghui.activity,uid:10195
05-10 16:15:00.614   773   773 E wificond: Failed to get NL80211_STA_INFO_CNAHLOAD
05-10 16:15:00.675   974  1383 I chatty  : uid=1000(system) sManagerService expire 1 line
05-10 16:15:00.715   974  1346 I chatty  : uid=1000(system) android.anim expire 14 lines
05-10 16:15:00.723 31828 31828 D ActivityThread: ActivityThread,attachApplication
05-10 16:15:00.744  1997  2180 I HwNetworkPolicyManager: getHwUidPolicy uid = 10195 policy = 0
05-10 16:15:00.771   974  1504 I chatty  : uid=1000(system) Binder:974_5 expire 12 lines
05-10 16:15:00.781   974  1905 I chatty  : uid=1000(system) Binder:974_7 expire 13 lines
05-10 16:15:00.788   974  2722 I chatty  : uid=1000(system) Binder:974_E expire 26 lines
05-10 16:15:00.852 31852 31852 D ActivityThread: ActivityThread,attachApplication
05-10 16:15:01.057   974  2723 I chatty  : uid=1000(system) Binder:974_F expire 53 lines
05-10 16:15:01.059  2660  2782 W SettingsEx: SettingsEx.Systemex.getInt deprecated use Settings.System.getInt instead ;callers=com.huawei.recsys.util.SystemUtil.getNotificationUpdateMode:169 com.huawei.recsys.util.SystemUtil.isAllowUpdate:104 com.huawei.recsys.controller.notification.http.NotificationUpdateController.startNotificationUpdate:85 
05-10 16:15:01.098   974  2224 I chatty  : uid=1000(system) Binder:974_9 expire 35 lines
05-10 16:15:01.215   974  2924 I chatty  : uid=1000(system) Binder:974_16 expire 16 lines
05-10 16:15:01.218 31828 31828 V ActivityThread: ActivityThread,callActivityOnCreate
05-10 16:15:01.377 31828 31828 D ActivityThread: add activity client record, r= ActivityRecord{2a5efac token=android.os.BinderProxy@df90a5c {com.xes.jazhanghui.activity/com.xes.jazhanghui.activity.mvp.start.StartActivity}} token= android.os.BinderProxy@df90a5c
05-10 16:15:01.441  1512 23310 I CommandQueue: updateBarBgColor
05-10 16:15:01.441  1512 23310 D CommandQueue: CommandQueue, setBarBackgroundColor
05-10 16:15:01.557 31972 31972 D ActivityThread: ActivityThread,attachApplication
05-10 16:15:01.660  5238  5258 W ContextImpl: Calling a method in the system process without a qualified user: android.app.ContextImpl.sendBroadcast:1074 android.content.ContextWrapper.sendBroadcast:431 com.huawei.android.pushagent.model.pushcommand.PushCommandProcessor.a:79 com.huawei.android.pushagent.model.pushcommand.PushCommandProcessor.g:89 com.huawei.android.pushagent.model.pushcommand.PushCommandProcessor.h:354 
05-10 16:15:02.096   974  1415 I chatty  : uid=1000(system) ConnectivitySer expire 14 lines
05-10 16:15:02.210 31828 31828 V ActivityThread: ActivityThread,callActivityOnCreate
05-10 16:15:02.692 31828 31828 D ActivityThread: add activity client record, r= ActivityRecord{fc5b718 token=android.os.BinderProxy@53f02b7 {com.xes.jazhanghui.activity/com.xes.jazhanghui.activity.mvp.navigator.view.activity.NavigatorActivity}} token= android.os.BinderProxy@53f02b7
05-10 16:15:03.142   974  2751 I chatty  : uid=1000(system) Binder:974_13 expire 32 lines
05-10 16:15:03.146   974  1346 I chatty  : uid=1000(system) android.anim expire 10 lines
05-10 16:15:03.175   974  2723 I chatty  : uid=1000(system) Binder:974_F expire 5 lines
05-10 16:15:03.186   974  1504 I chatty  : uid=1000(system) Binder:974_5 expire 2 lines
05-10 16:15:03.635   773   773 E wificond: Failed to get NL80211_STA_INFO_CNAHLOAD
05-10 16:15:03.923   773   773 E wificond: Failed to get NL80211_STA_INFO_CNAHLOAD
05-10 16:15:03.932   773   773 E wificond: Failed to get NL80211_STA_INFO_CNAHLOAD
05-10 16:15:04.134   974   974 I chatty  : uid=1000 system_server expire 31 lines
05-10 16:15:04.135   974  1837 I chatty  : uid=1000(system) MultiTaskManage expire 2 lines
05-10 16:15:04.138  1862  1862 I HwCoreAppHelperService: LocalReceiver receives:android.intent.action.PACKAGE_RESTARTED,pkg:com.xes.jazhanghui.activity,uid:10195
05-10 16:15:04.141   974  2225 I chatty  : uid=1000(system) Binder:974_A expire 1 line
05-10 16:15:04.141   974  7049 I chatty  : uid=1000(system) Binder:974_1A expire 1 line
05-10 16:15:04.142   974  2224 I chatty  : uid=1000(system) Binder:974_9 expire 10 lines
05-10 16:15:04.142   974  2781 I chatty  : uid=1000(system) Binder:974_15 expire 3 lines
05-10 16:15:04.146   974  2455 I chatty  : uid=1000(system) Binder:974_B expire 6 lines
05-10 16:15:04.148  1997  2180 I HwNetworkPolicyManager: getHwUidPolicy uid = 10068 policy = 0
05-10 16:15:04.151   974  1138 I chatty  : uid=1000(system) android.display expire 1 line
05-10 16:15:04.153  1512 23310 I CommandQueue: updateBarBgColor
05-10 16:15:04.153  1512 23310 D CommandQueue: CommandQueue, setBarBackgroundColor
05-10 16:15:04.158   974  2924 I chatty  : uid=1000(system) Binder:974_16 expire 9 lines
05-10 16:15:04.269   974  2740 I chatty  : uid=1000(system) Binder:974_11 expire 28 lines
05-10 16:15:04.294   974  1905 I chatty  : uid=1000(system) Binder:974_7 expire 19 lines
05-10 16:15:05.159   974  1809 I chatty  : uid=1000(system) watchdog expire 1 line
05-10 16:15:05.722  1862  1862 I HwCoreAppHelperService: LocalReceiver receives:android.intent.action.PACKAGE_RESTARTED,pkg:io.appium.uiautomator2.server,uid:10191
05-10 16:15:06.658   773   773 E wificond: Failed to get NL80211_STA_INFO_CNAHLOAD
05-10 16:15:09.687   773   773 E wificond: Failed to get NL80211_STA_INFO_CNAHLOAD
05-10 16:15:09.791   974  1315 I chatty  : uid=1000(system) PackageInstalle expire 2 lines
05-10 16:15:09.829   974  1166 I chatty  : uid=1000(system) PackageManager expire 8 lines
05-10 16:15:09.973   974  1123 I chatty  : uid=1000(system) ActivityManager expire 6 lines
05-10 16:15:10.057   974  1502 I chatty  : uid=1000(system) Binder:974_3 expire 33 lines
05-10 16:15:11.928   773   773 E wificond: Failed to get NL80211_STA_INFO_CNAHLOAD
05-10 16:15:11.936   773   773 E wificond: Failed to get NL80211_STA_INFO_CNAHLOAD
05-10 16:15:12.562  1862  1862 I HwCoreAppHelperService: LocalReceiver receives:android.intent.action.PACKAGE_RESTARTED,pkg:io.appium.uiautomator2.server,uid:10191
05-10 16:15:12.707   773   773 E wificond: Failed to get NL80211_STA_INFO_CNAHLOAD
05-10 16:15:13.258 32362 32362 D ActivityThread: ActivityThread,attachApplication
05-10 16:15:15.736   773   773 E wificond: Failed to get NL80211_STA_INFO_CNAHLOAD
05-10 16:15:15.851   974   974 I chatty  : uid=1000 system_server expire 4 lines
05-10 16:15:15.862   974  4082 I chatty  : uid=1000(system) Binder:974_20 expire 7 lines
05-10 16:15:16.977  1862  1862 I HwCoreAppHelperService: LocalReceiver receives:android.intent.action.PACKAGE_RESTARTED,pkg:com.xes.jazhanghui.activity,uid:10195
05-10 16:15:17.231   974  1383 I chatty  : uid=1000(system) sManagerService expire 1 line
05-10 16:15:17.248   974  2758 I chatty  : uid=1000(system) Binder:974_14 expire 14 lines
05-10 16:15:17.287 32402 32402 D ActivityThread: ActivityThread,attachApplication
05-10 16:15:17.301   974  2925 I chatty  : uid=1000(system) Binder:974_17 expire 1 line
05-10 16:15:17.304  1997  2180 I HwNetworkPolicyManager: getHwUidPolicy uid = 10195 policy = 0
05-10 16:15:17.307   974  1346 I chatty  : uid=1000(system) android.anim expire 5 lines
05-10 16:15:17.345   974  2224 I chatty  : uid=1000(system) Binder:974_9 expire 3 lines
05-10 16:15:17.385   974  2751 I chatty  : uid=1000(system) Binder:974_13 expire 36 lines
05-10 16:15:17.425 32426 32426 D ActivityThread: ActivityThread,attachApplication
05-10 16:15:17.584   974  2781 I chatty  : uid=1000(system) Binder:974_15 expire 24 lines
05-10 16:15:17.596   974  2758 I chatty  : uid=1000(system) Binder:974_14 expire 37 lines
05-10 16:15:17.639  2660  2782 W SettingsEx: SettingsEx.Systemex.getInt deprecated use Settings.System.getInt instead ;callers=com.huawei.recsys.util.SystemUtil.getNotificationUpdateMode:169 com.huawei.recsys.util.SystemUtil.isAllowUpdate:104 com.huawei.recsys.controller.notification.http.NotificationUpdateController.startNotificationUpdate:85 
05-10 16:15:17.705   974   974 I chatty  : uid=1000 system_server expire 6 lines
05-10 16:15:17.757   974  1346 I chatty  : uid=1000(system) android.anim expire 11 lines
05-10 16:15:17.797 32402 32402 V ActivityThread: ActivityThread,callActivityOnCreate
05-10 16:15:17.916   974  1502 I chatty  : uid=1000(system) Binder:974_3 expire 35 lines
05-10 16:15:17.955 32402 32402 D ActivityThread: add activity client record, r= ActivityRecord{2a5efac token=android.os.BinderProxy@df90a5c {com.xes.jazhanghui.activity/com.xes.jazhanghui.activity.mvp.start.StartActivity}} token= android.os.BinderProxy@df90a5c
05-10 16:15:18.000  1512 23310 I CommandQueue: updateBarBgColor
05-10 16:15:18.000  1512 23310 D CommandQueue: CommandQueue, setBarBackgroundColor
05-10 16:15:18.070   974  4082 I chatty  : uid=1000(system) Binder:974_20 expire 40 lines
05-10 16:15:18.130 32557 32557 D ActivityThread: ActivityThread,attachApplication
05-10 16:15:18.219  5238  5258 W ContextImpl: Calling a method in the system process without a qualified user: android.app.ContextImpl.sendBroadcast:1074 android.content.ContextWrapper.sendBroadcast:431 com.huawei.android.pushagent.model.pushcommand.PushCommandProcessor.a:79 com.huawei.android.pushagent.model.pushcommand.PushCommandProcessor.g:89 com.huawei.android.pushagent.model.pushcommand.PushCommandProcessor.h:354 
05-10 16:15:18.225   974  7049 I chatty  : uid=1000(system) Binder:974_1A expire 34 lines
05-10 16:15:18.638   974  1415 I chatty  : uid=1000(system) ConnectivitySer expire 11 lines
05-10 16:15:18.757   773   773 E wificond: Failed to get NL80211_STA_INFO_CNAHLOAD
05-10 16:15:18.791 32402 32402 V ActivityThread: ActivityThread,callActivityOnCreate
05-10 16:15:19.386 32402 32402 D ActivityThread: add activity client record, r= ActivityRecord{f852e83 token=android.os.BinderProxy@c9554d5 {com.xes.jazhanghui.activity/com.xes.jazhanghui.activity.mvp.navigator.view.activity.NavigatorActivity}} token= android.os.BinderProxy@c9554d5
05-10 16:15:19.933   773   773 E wificond: Failed to get NL80211_STA_INFO_CNAHLOAD
05-10 16:15:19.944   773   773 E wificond: Failed to get NL80211_STA_INFO_CNAHLOAD
05-10 16:15:21.311 32402 32402 D ActivityThread: Remove activity client record, r= ActivityRecord{2a5efac token=android.os.BinderProxy@df90a5c {com.xes.jazhanghui.activity/com.xes.jazhanghui.activity.mvp.start.StartActivity}} token= android.os.BinderProxy@df90a5c
05-10 16:15:21.774   773   773 E wificond: Failed to get NL80211_STA_INFO_CNAHLOAD
05-10 16:15:23.372   974  1352 I chatty  : uid=1000(system) UEventObserver expire 2 lines
05-10 16:15:24.793   773   773 E wificond: Failed to get NL80211_STA_INFO_CNAHLOAD
05-10 16:15:27.818   773   773 E wificond: Failed to get NL80211_STA_INFO_CNAHLOAD
05-10 16:15:27.835   974  2758 I chatty  : uid=1000(system) Binder:974_14 expire 6 lines
05-10 16:15:27.927   773   773 E wificond: Failed to get NL80211_STA_INFO_CNAHLOAD
05-10 16:15:27.934   773   773 E wificond: Failed to get NL80211_STA_INFO_CNAHLOAD
05-10 16:15:28.627   974  2751 I chatty  : uid=1000(system) Binder:974_13 expire 6 lines
05-10 16:15:28.722 32753 32753 D ActivityThread: ActivityThread,attachApplication
05-10 16:15:28.724   974  7049 I chatty  : uid=1000(system) Binder:974_1A expire 6 lines
05-10 16:15:28.860   974  4082 I chatty  : uid=1000(system) Binder:974_20 expire 5 lines
05-10 16:15:29.173   974  1346 I chatty  : uid=1000(system) android.anim expire 4 lines
05-10 16:15:30.841   773   773 E wificond: Failed to get NL80211_STA_INFO_CNAHLOAD
05-10 16:15:32.657   974  2781 I chatty  : uid=1000(system) Binder:974_15 expire 32 lines
05-10 16:15:32.890   974  2758 I chatty  : uid=1000(system) Binder:974_14 expire 34 lines
05-10 16:15:32.939   974  4082 I chatty  : uid=1000(system) Binder:974_20 expire 19 lines
05-10 16:15:32.951   974  1383 I chatty  : uid=1000(system) sManagerService expire 2 lines
05-10 16:15:32.974 32402 32402 V ActivityThread: ActivityThread,callActivityOnCreate
05-10 16:15:33.030   974  1415 I chatty  : uid=1000(system) ConnectivitySer expire 10 lines
05-10 16:15:33.122   974  1346 I chatty  : uid=1000(system) android.anim expire 12 lines
05-10 16:15:33.152   974  7049 I chatty  : uid=1000(system) Binder:974_1A expire 4 lines
05-10 16:15:33.162   393   393 D ActivityThread: ActivityThread,attachApplication
05-10 16:15:33.168   974  2924 I chatty  : uid=1000(system) Binder:974_16 expire 15 lines
05-10 16:15:33.228   974  2751 I chatty  : uid=1000(system) Binder:974_13 expire 42 lines
05-10 16:15:33.250 32402 32402 D ActivityThread: add activity client record, r= ActivityRecord{a3b61dd token=android.os.BinderProxy@750668a {com.xes.jazhanghui.activity/com.xes.jazhanghui.activity.mvp.buycourse.view.RuXueCeshiWebViewActivity}} token= android.os.BinderProxy@750668a
05-10 16:15:33.342   974  2925 I chatty  : uid=1000(system) Binder:974_17 expire 11 lines
05-10 16:15:33.647   974   974 I chatty  : uid=1000 system_server expire 6 lines
05-10 16:15:33.867   773   773 E wificond: Failed to get NL80211_STA_INFO_CNAHLOAD
05-10 16:15:34.160  2660  2782 W SettingsEx: SettingsEx.Systemex.getInt deprecated use Settings.System.getInt instead ;callers=com.huawei.recsys.util.SystemUtil.getNotificationUpdateMode:169 com.huawei.recsys.util.SystemUtil.isAllowUpdate:104 com.huawei.recsys.controller.notification.http.NotificationUpdateController.startNotificationUpdate:85 
05-10 16:15:35.161   974  1809 I chatty  : uid=1000(system) watchdog expire 1 line
05-10 16:15:35.933   773   773 E wificond: Failed to get NL80211_STA_INFO_CNAHLOAD
05-10 16:15:35.945   773   773 E wificond: Failed to get NL80211_STA_INFO_CNAHLOAD
05-10 16:15:36.886   773   773 E wificond: Failed to get NL80211_STA_INFO_CNAHLOAD
05-10 16:15:39.912   773   773 E wificond: Failed to get NL80211_STA_INFO_CNAHLOAD
05-10 16:15:42.938   773   773 E wificond: Failed to get NL80211_STA_INFO_CNAHLOAD
05-10 16:15:42.955   974  2781 I chatty  : uid=1000(system) Binder:974_15 expire 14 lines
05-10 16:15:43.930   773   773 E wificond: Failed to get NL80211_STA_INFO_CNAHLOAD
05-10 16:15:43.939   773   773 I chatty  : uid=1010(wifi) /system/bin/wificond identical 2 lines
05-10 16:15:45.957   773   773 E wificond: Failed to get NL80211_STA_INFO_CNAHLOAD
05-10 16:15:48.985   773   773 E wificond: Failed to get NL80211_STA_INFO_CNAHLOAD
05-10 16:15:51.326   974  1142 I chatty  : uid=1000(system) PowerManagerSer expire 1 line
05-10 16:15:51.940   773   773 E wificond: Failed to get NL80211_STA_INFO_CNAHLOAD
05-10 16:15:52.010   773   773 E wificond: Failed to get NL80211_STA_INFO_CNAHLOAD
05-10 16:15:53.028   974  2925 I chatty  : uid=1000(system) Binder:974_17 expire 1 line
05-10 16:15:53.589   974  1352 I chatty  : uid=1000(system) UEventObserver expire 2 lines
05-10 16:15:55.027   773   773 E wificond: Failed to get NL80211_STA_INFO_CNAHLOAD
05-10 16:15:55.034   974  2781 I chatty  : uid=1000(system) Binder:974_15 expire 28 lines
05-10 16:15:57.939   974  1346 I chatty  : uid=1000(system) android.anim expire 8 lines
05-10 16:15:58.038   773   773 E wificond: Failed to get NL80211_STA_INFO_CNAHLOAD
05-10 16:15:58.041   974  2924 I chatty  : uid=1000(system) Binder:974_16 expire 7 lines
05-10 16:15:58.230   974  4082 I chatty  : uid=1000(system) Binder:974_20 expire 4 lines
05-10 16:15:58.270 32402 32402 D ActivityThread: Remove activity client record, r= ActivityRecord{a3b61dd token=android.os.BinderProxy@750668a {com.xes.jazhanghui.activity/com.xes.jazhanghui.activity.mvp.buycourse.view.RuXueCeshiWebViewActivity}} token= android.os.BinderProxy@750668a
05-10 16:15:58.279   974  1415 I chatty  : uid=1000(system) ConnectivitySer expire 1 line
05-10 16:15:59.935   773   773 E wificond: Failed to get NL80211_STA_INFO_CNAHLOAD
05-10 16:15:59.940   773   773 E wificond: Failed to get NL80211_STA_INFO_CNAHLOAD
05-10 16:16:01.053   773   773 E wificond: Failed to get NL80211_STA_INFO_CNAHLOAD
05-10 16:16:02.780   974  2751 I chatty  : uid=1000(system) Binder:974_13 expire 16 lines
05-10 16:16:02.789 32402 32402 V ActivityThread: ActivityThread,callActivityOnCreate
05-10 16:16:02.821   974  4082 I chatty  : uid=1000(system) Binder:974_20 expire 21 lines
05-10 16:16:02.822   974  1415 I chatty  : uid=1000(system) ConnectivitySer expire 5 lines
05-10 16:16:02.856 32402 32402 D ActivityThread: add activity client record, r= ActivityRecord{e2c114d token=android.os.BinderProxy@37d6d33 {com.xes.jazhanghui.activity/com.xes.jazhanghui.activity.mvp.web.AppWebViewActivity}} token= android.os.BinderProxy@37d6d33
05-10 16:16:02.856   974  2781 I chatty  : uid=1000(system) Binder:974_15 expire 10 lines
05-10 16:16:02.931   974  1346 I chatty  : uid=1000(system) android.anim expire 3 lines
05-10 16:16:03.287   974  2924 I chatty  : uid=1000(system) Binder:974_16 expire 11 lines
05-10 16:16:04.072   773   773 E wificond: Failed to get NL80211_STA_INFO_CNAHLOAD
05-10 16:16:05.163   974  1809 I chatty  : uid=1000(system) watchdog expire 3 lines
05-10 16:16:07.091   773   773 E wificond: Failed to get NL80211_STA_INFO_CNAHLOAD
05-10 16:16:07.942   773   773 E wificond: Failed to get NL80211_STA_INFO_CNAHLOAD
05-10 16:16:07.954   773   773 E wificond: Failed to get NL80211_STA_INFO_CNAHLOAD
05-10 16:16:10.106   773   773 E wificond: Failed to get NL80211_STA_INFO_CNAHLOAD
05-10 16:16:13.121   773   773 E wificond: Failed to get NL80211_STA_INFO_CNAHLOAD
05-10 16:16:13.127   974  2751 I chatty  : uid=1000(system) Binder:974_13 expire 10 lines
05-10 16:16:13.810   974  2781 I chatty  : uid=1000(system) Binder:974_15 expire 9 lines
05-10 16:16:14.564   974  4082 I chatty  : uid=1000(system) Binder:974_20 expire 11 lines
05-10 16:16:15.941   773   773 E wificond: Failed to get NL80211_STA_INFO_CNAHLOAD
05-10 16:16:15.948   773   773 E wificond: Failed to get NL80211_STA_INFO_CNAHLOAD
05-10 16:16:16.071   974  2924 I chatty  : uid=1000(system) Binder:974_16 expire 11 lines
05-10 16:16:16.130   773   773 E wificond: Failed to get NL80211_STA_INFO_CNAHLOAD
05-10 16:16:16.347   974  1142 I chatty  : uid=1000(system) PowerManagerSer expire 1 line
05-10 16:16:19.157   773   773 E wificond: Failed to get NL80211_STA_INFO_CNAHLOAD
05-10 16:16:22.182   773   773 E wificond: Failed to get NL80211_STA_INFO_CNAHLOAD
05-10 16:16:23.793   974  1352 I chatty  : uid=1000(system) UEventObserver expire 4 lines
05-10 16:16:23.811   974   974 I chatty  : uid=1000 system_server expire 8 lines
05-10 16:16:23.940   773   773 E wificond: Failed to get NL80211_STA_INFO_CNAHLOAD
05-10 16:16:23.947   773   773 I chatty  : uid=1010(wifi) /system/bin/wificond identical 3 lines
05-10 16:16:25.199   773   773 E wificond: Failed to get NL80211_STA_INFO_CNAHLOAD
05-10 16:16:26.185   974  7049 I chatty  : uid=1000(system) Binder:974_1A expire 10 lines
05-10 16:16:28.219   773   773 E wificond: Failed to get NL80211_STA_INFO_CNAHLOAD
05-10 16:16:28.237   974  2924 I chatty  : uid=1000(system) Binder:974_16 expire 15 lines
05-10 16:16:31.252   773   773 E wificond: Failed to get NL80211_STA_INFO_CNAHLOAD
05-10 16:16:31.258   974  2751 I chatty  : uid=1000(system) Binder:974_13 expire 4 lines
05-10 16:16:31.941   773   773 E wificond: Failed to get NL80211_STA_INFO_CNAHLOAD
05-10 16:16:31.952   773   773 E wificond: Failed to get NL80211_STA_INFO_CNAHLOAD
05-10 16:16:34.283   773   773 E wificond: Failed to get NL80211_STA_INFO_CNAHLOAD
05-10 16:16:37.305   773   773 E wificond: Failed to get NL80211_STA_INFO_CNAHLOAD
05-10 16:16:37.327   974  4082 I chatty  : uid=1000(system) Binder:974_20 expire 14 lines
05-10 16:16:38.063   974  7049 I chatty  : uid=1000(system) Binder:974_1A expire 4 lines
05-10 16:16:39.948   773   773 E wificond: Failed to get NL80211_STA_INFO_CNAHLOAD
05-10 16:16:40.325   773   773 E wificond: Failed to get NL80211_STA_INFO_CNAHLOAD
05-10 16:16:40.337   974  2924 I chatty  : uid=1000(system) Binder:974_16 expire 2 lines
05-10 16:16:41.101   974  2925 I chatty  : uid=1000(system) Binder:974_17 expire 18 lines
05-10 16:16:41.206   974  2748 I chatty  : uid=1000(system) Binder:974_12 expire 20 lines
05-10 16:16:43.345   773   773 E wificond: Failed to get NL80211_STA_INFO_CNAHLOAD
05-10 16:16:44.103   974  2740 I chatty  : uid=1000(system) Binder:974_11 expire 11 lines
05-10 16:16:46.370   773   773 E wificond: Failed to get NL80211_STA_INFO_CNAHLOAD
05-10 16:16:47.945   773   773 E wificond: Failed to get NL80211_STA_INFO_CNAHLOAD
05-10 16:16:47.956   773   773 E wificond: Failed to get NL80211_STA_INFO_CNAHLOAD
05-10 16:16:49.142   974  1776 I chatty  : uid=1000(system) Binder:974_6 expire 12 lines
05-10 16:16:49.393   773   773 E wificond: Failed to get NL80211_STA_INFO_CNAHLOAD
05-10 16:16:52.414   773   773 E wificond: Failed to get NL80211_STA_INFO_CNAHLOAD
05-10 16:16:54.957   974  2748 I chatty  : uid=1000(system) Binder:974_12 expire 13 lines
05-10 16:16:55.009   974  4082 I chatty  : uid=1000(system) Binder:974_20 expire 2 lines
05-10 16:16:55.434   773   773 E wificond: Failed to get NL80211_STA_INFO_CNAHLOAD
05-10 16:16:55.944   773   773 E wificond: Failed to get NL80211_STA_INFO_CNAHLOAD
05-10 16:16:58.456   773   773 E wificond: Failed to get NL80211_STA_INFO_CNAHLOAD
05-10 16:17:01.475   773   773 E wificond: Failed to get NL80211_STA_INFO_CNAHLOAD
05-10 16:17:03.954   773   773 E wificond: Failed to get NL80211_STA_INFO_CNAHLOAD
05-10 16:17:03.962   773   773 E wificond: Failed to get NL80211_STA_INFO_CNAHLOAD
05-10 16:17:04.183   974  1776 I chatty  : uid=1000(system) Binder:974_6 expire 8 lines
05-10 16:17:04.491   773   773 E wificond: Failed to get NL80211_STA_INFO_CNAHLOAD
05-10 16:17:07.516   773   773 E wificond: Failed to get NL80211_STA_INFO_CNAHLOAD
05-10 16:17:10.546   773   773 E wificond: Failed to get NL80211_STA_INFO_CNAHLOAD
05-10 16:17:10.567   974  2748 I chatty  : uid=1000(system) Binder:974_12 expire 10 lines
05-10 16:17:11.952   773   773 E wificond: Failed to get NL80211_STA_INFO_CNAHLOAD
05-10 16:17:11.961   773   773 E wificond: Failed to get NL80211_STA_INFO_CNAHLOAD
05-10 16:17:13.576   773   773 E wificond: Failed to get NL80211_STA_INFO_CNAHLOAD
05-10 16:17:13.596   974  1776 I chatty  : uid=1000(system) Binder:974_6 expire 18 lines
05-10 16:17:14.302   974  4082 I chatty  : uid=1000(system) Binder:974_20 expire 10 lines
05-10 16:17:16.416   974  1142 I chatty  : uid=1000(system) PowerManagerSer expire 1 line
05-10 16:17:16.605   773   773 E wificond: Failed to get NL80211_STA_INFO_CNAHLOAD
05-10 16:17:19.622   773   773 E wificond: Failed to get NL80211_STA_INFO_CNAHLOAD
05-10 16:17:19.954   773   773 E wificond: Failed to get NL80211_STA_INFO_CNAHLOAD
05-10 16:17:19.964   773   773 E wificond: Failed to get NL80211_STA_INFO_CNAHLOAD
05-10 16:17:22.138   974  2740 I chatty  : uid=1000(system) Binder:974_11 expire 18 lines
05-10 16:17:22.635   773   773 E wificond: Failed to get NL80211_STA_INFO_CNAHLOAD
05-10 16:17:24.204   974  1352 I chatty  : uid=1000(system) UEventObserver expire 6 lines
05-10 16:17:24.219   974   974 I chatty  : uid=1000 system_server expire 10 lines
05-10 16:17:25.658   773   773 E wificond: Failed to get NL80211_STA_INFO_CNAHLOAD
05-10 16:17:26.165   974  2748 I chatty  : uid=1000(system) Binder:974_12 expire 16 lines
05-10 16:17:27.959   773   773 E wificond: Failed to get NL80211_STA_INFO_CNAHLOAD
05-10 16:17:27.972   773   773 I chatty  : uid=1010(wifi) /system/bin/wificond identical 3 lines
05-10 16:17:28.680   773   773 E wificond: Failed to get NL80211_STA_INFO_CNAHLOAD
05-10 16:17:31.697   773   773 E wificond: Failed to get NL80211_STA_INFO_CNAHLOAD
05-10 16:17:33.980   974  1776 I chatty  : uid=1000(system) Binder:974_6 expire 12 lines
05-10 16:17:34.718   773   773 E wificond: Failed to get NL80211_STA_INFO_CNAHLOAD
05-10 16:17:35.169   974  1809 I chatty  : uid=1000(system) watchdog expire 2 lines
05-10 16:17:35.962   773   773 E wificond: Failed to get NL80211_STA_INFO_CNAHLOAD
05-10 16:17:35.976   773   773 E wificond: Failed to get NL80211_STA_INFO_CNAHLOAD
05-10 16:17:37.744   773   773 E wificond: Failed to get NL80211_STA_INFO_CNAHLOAD
05-10 16:17:37.754   974  2740 I chatty  : uid=1000(system) Binder:974_11 expire 18 lines
05-10 16:17:38.287   974  2748 I chatty  : uid=1000(system) Binder:974_12 expire 10 lines
05-10 16:17:38.416   974  6094 I chatty  : uid=1000(system) Binder:974_19 expire 10 lines
05-10 16:17:40.773   773   773 E wificond: Failed to get NL80211_STA_INFO_CNAHLOAD
05-10 16:17:43.789   773   773 E wificond: Failed to get NL80211_STA_INFO_CNAHLOAD
05-10 16:17:43.954   773   773 E wificond: Failed to get NL80211_STA_INFO_CNAHLOAD
05-10 16:17:46.817   773   773 E wificond: Failed to get NL80211_STA_INFO_CNAHLOAD
05-10 16:17:48.452   974  4082 I chatty  : uid=1000(system) Binder:974_20 expire 11 lines
05-10 16:17:49.830   773   773 E wificond: Failed to get NL80211_STA_INFO_CNAHLOAD
05-10 16:17:51.139   974  2740 I chatty  : uid=1000(system) Binder:974_11 expire 12 lines
05-10 16:17:51.176   974  6094 I chatty  : uid=1000(system) Binder:974_19 expire 17 lines
05-10 16:17:51.958   773   773 E wificond: Failed to get NL80211_STA_INFO_CNAHLOAD
05-10 16:17:52.848   773   773 E wificond: Failed to get NL80211_STA_INFO_CNAHLOAD
05-10 16:17:55.864   773   773 E wificond: Failed to get NL80211_STA_INFO_CNAHLOAD
05-10 16:17:58.887   773   773 E wificond: Failed to get NL80211_STA_INFO_CNAHLOAD
05-10 16:17:58.901   974  4082 I chatty  : uid=1000(system) Binder:974_20 expire 19 lines
05-10 16:17:59.962   773   773 E wificond: Failed to get NL80211_STA_INFO_CNAHLOAD
05-10 16:17:59.976   773   773 E wificond: Failed to get NL80211_STA_INFO_CNAHLOAD
05-10 16:18:01.910   773   773 E wificond: Failed to get NL80211_STA_INFO_CNAHLOAD
05-10 16:18:04.949   773   773 E wificond: Failed to get NL80211_STA_INFO_CNAHLOAD
05-10 16:18:04.963   974  2748 I chatty  : uid=1000(system) Binder:974_12 expire 15 lines
05-10 16:18:07.966   773   773 E wificond: Failed to get NL80211_STA_INFO_CNAHLOAD
05-10 16:18:07.980   773   773 E wificond: Failed to get NL80211_STA_INFO_CNAHLOAD
05-10 16:18:07.989   773   773 E wificond: Failed to get NL80211_STA_INFO_CNAHLOAD
05-10 16:18:08.390   974  6094 I chatty  : uid=1000(system) Binder:974_19 expire 9 lines
05-10 16:18:10.992   773   773 E wificond: Failed to get NL80211_STA_INFO_CNAHLOAD
05-10 16:18:13.172   974  2740 I chatty  : uid=1000(system) Binder:974_11 expire 20 lines
05-10 16:18:14.007   773   773 E wificond: Failed to get NL80211_STA_INFO_CNAHLOAD
05-10 16:18:15.963   773   773 E wificond: Failed to get NL80211_STA_INFO_CNAHLOAD
05-10 16:18:15.971   773   773 E wificond: Failed to get NL80211_STA_INFO_CNAHLOAD
05-10 16:18:17.020   773   773 E wificond: Failed to get NL80211_STA_INFO_CNAHLOAD
05-10 16:18:20.037   773   773 E wificond: Failed to get NL80211_STA_INFO_CNAHLOAD
05-10 16:18:20.046   974  4082 I chatty  : uid=1000(system) Binder:974_20 expire 12 lines
05-10 16:18:23.057   773   773 E wificond: Failed to get NL80211_STA_INFO_CNAHLOAD
05-10 16:18:23.964   773   773 E wificond: Failed to get NL80211_STA_INFO_CNAHLOAD
05-10 16:18:23.969   773   773 E wificond: Failed to get NL80211_STA_INFO_CNAHLOAD
05-10 16:18:24.639   974   974 I chatty  : uid=1000 system_server expire 2 lines
05-10 16:18:26.081   773   773 E wificond: Failed to get NL80211_STA_INFO_CNAHLOAD
05-10 16:18:26.096   974  2740 I chatty  : uid=1000(system) Binder:974_11 expire 12 lines
05-10 16:18:29.110   773   773 E wificond: Failed to get NL80211_STA_INFO_CNAHLOAD
05-10 16:18:29.127   974  4082 I chatty  : uid=1000(system) Binder:974_20 expire 4 lines
05-10 16:18:31.110   974  6094 I chatty  : uid=1000(system) Binder:974_19 expire 11 lines
05-10 16:18:31.971   773   773 E wificond: Failed to get NL80211_STA_INFO_CNAHLOAD
05-10 16:18:31.982   773   773 I chatty  : uid=1010(wifi) /system/bin/wificond identical 5 lines
05-10 16:18:32.124   773   773 E wificond: Failed to get NL80211_STA_INFO_CNAHLOAD
05-10 16:18:33.634   974   974 I chatty  : uid=1000 system_server expire 10 lines
05-10 16:18:35.153   773   773 E wificond: Failed to get NL80211_STA_INFO_CNAHLOAD
05-10 16:18:35.173   974  1809 I chatty  : uid=1000(system) watchdog expire 3 lines
05-10 16:18:36.245   974  1776 I chatty  : uid=1000(system) Binder:974_6 expire 11 lines
05-10 16:18:38.172   773   773 E wificond: Failed to get NL80211_STA_INFO_CNAHLOAD
05-10 16:18:38.509   974  2224 I chatty  : uid=1000(system) Binder:974_9 expire 26 lines
05-10 16:18:38.974   974  2455 I chatty  : uid=1000(system) Binder:974_B expire 10 lines
05-10 16:18:39.978   773   773 E wificond: Failed to get NL80211_STA_INFO_CNAHLOAD
05-10 16:18:41.195   773   773 E wificond: Failed to get NL80211_STA_INFO_CNAHLOAD
05-10 16:18:44.222   773   773 E wificond: Failed to get NL80211_STA_INFO_CNAHLOAD
05-10 16:18:47.249   773   773 E wificond: Failed to get NL80211_STA_INFO_CNAHLOAD
05-10 16:18:47.971   773   773 E wificond: Failed to get NL80211_STA_INFO_CNAHLOAD
05-10 16:18:47.979   773   773 E wificond: Failed to get NL80211_STA_INFO_CNAHLOAD
05-10 16:18:50.276   773   773 E wificond: Failed to get NL80211_STA_INFO_CNAHLOAD
05-10 16:18:50.289   974  1776 I chatty  : uid=1000(system) Binder:974_6 expire 17 lines
05-10 16:18:50.794   974  2224 I chatty  : uid=1000(system) Binder:974_9 expire 12 lines
05-10 16:18:53.303   773   773 E wificond: Failed to get NL80211_STA_INFO_CNAHLOAD
05-10 16:18:53.325   974  2455 I chatty  : uid=1000(system) Binder:974_B expire 18 lines
05-10 16:18:54.825   974  1352 I chatty  : uid=1000(system) UEventObserver expire 4 lines
05-10 16:18:55.982   773   773 E wificond: Failed to get NL80211_STA_INFO_CNAHLOAD
05-10 16:18:56.334   773   773 E wificond: Failed to get NL80211_STA_INFO_CNAHLOAD
05-10 16:18:59.350   773   773 E wificond: Failed to get NL80211_STA_INFO_CNAHLOAD
05-10 16:19:02.378   773   773 E wificond: Failed to get NL80211_STA_INFO_CNAHLOAD
05-10 16:19:03.978   770   830 E /system/bin/storaged: pid_info get_pids failed
05-10 16:19:03.982   773   773 E wificond: Failed to get NL80211_STA_INFO_CNAHLOAD
05-10 16:19:03.990   773   773 E wificond: Failed to get NL80211_STA_INFO_CNAHLOAD
05-10 16:19:05.396   773   773 E wificond: Failed to get NL80211_STA_INFO_CNAHLOAD
05-10 16:19:05.408   974  2455 I chatty  : uid=1000(system) Binder:974_B expire 17 lines
05-10 16:19:06.186   974  2224 I chatty  : uid=1000(system) Binder:974_9 expire 25 lines
05-10 16:19:08.418   773   773 E wificond: Failed to get NL80211_STA_INFO_CNAHLOAD
05-10 16:19:11.442   773   773 E wificond: Failed to get NL80211_STA_INFO_CNAHLOAD
05-10 16:19:11.978   773   773 E wificond: Failed to get NL80211_STA_INFO_CNAHLOAD
05-10 16:19:11.990   773   773 E wificond: Failed to get NL80211_STA_INFO_CNAHLOAD
05-10 16:19:14.457   773   773 E wificond: Failed to get NL80211_STA_INFO_CNAHLOAD
05-10 16:19:17.483   773   773 E wificond: Failed to get NL80211_STA_INFO_CNAHLOAD
05-10 16:19:17.503   974  2455 I chatty  : uid=1000(system) Binder:974_B expire 3 lines
05-10 16:19:18.822   974  1776 I chatty  : uid=1000(system) Binder:974_6 expire 11 lines
05-10 16:19:19.108   974  2224 I chatty  : uid=1000(system) Binder:974_9 expire 10 lines
05-10 16:19:19.134   974  2740 I chatty  : uid=1000(system) Binder:974_11 expire 10 lines
05-10 16:19:19.980   773   773 E wificond: Failed to get NL80211_STA_INFO_CNAHLOAD
05-10 16:19:20.509   773   773 E wificond: Failed to get NL80211_STA_INFO_CNAHLOAD
05-10 16:19:23.528   773   773 E wificond: Failed to get NL80211_STA_INFO_CNAHLOAD
05-10 16:19:26.547   773   773 E wificond: Failed to get NL80211_STA_INFO_CNAHLOAD
05-10 16:19:27.987   773   773 E wificond: Failed to get NL80211_STA_INFO_CNAHLOAD
05-10 16:19:29.568   773   773 E wificond: Failed to get NL80211_STA_INFO_CNAHLOAD
05-10 16:19:29.586   974  2740 I chatty  : uid=1000(system) Binder:974_11 expire 2 lines
05-10 16:19:31.354   974  1776 I chatty  : uid=1000(system) Binder:974_6 expire 6 lines
05-10 16:19:32.595   773   773 E wificond: Failed to get NL80211_STA_INFO_CNAHLOAD
05-10 16:19:32.614   974  2224 I chatty  : uid=1000(system) Binder:974_9 expire 36 lines
05-10 16:19:35.622   773   773 E wificond: Failed to get NL80211_STA_INFO_CNAHLOAD
05-10 16:19:35.989   773   773 E wificond: Failed to get NL80211_STA_INFO_CNAHLOAD
05-10 16:19:36.002   773   773 E wificond: Failed to get NL80211_STA_INFO_CNAHLOAD
05-10 16:19:38.659   773   773 E wificond: Failed to get NL80211_STA_INFO_CNAHLOAD
05-10 16:19:38.677   974  1123 I chatty  : uid=1000(system) ActivityManager expire 1 line
05-10 16:19:39.046   974  2224 I chatty  : uid=1000(system) Binder:974_9 expire 11 lines
05-10 16:19:41.685   773   773 E wificond: Failed to get NL80211_STA_INFO_CNAHLOAD
05-10 16:19:42.946   974  1776 I chatty  : uid=1000(system) Binder:974_6 expire 11 lines
05-10 16:19:43.148   974  2455 I chatty  : uid=1000(system) Binder:974_B expire 13 lines
05-10 16:19:43.991   773   773 E wificond: Failed to get NL80211_STA_INFO_CNAHLOAD
05-10 16:19:44.006   773   773 I chatty  : uid=1010(wifi) /system/bin/wificond identical 7 lines
05-10 16:19:44.719   773   773 E wificond: Failed to get NL80211_STA_INFO_CNAHLOAD
05-10 16:19:47.741   773   773 E wificond: Failed to get NL80211_STA_INFO_CNAHLOAD
05-10 16:19:50.710   974  2740 I chatty  : uid=1000(system) Binder:974_11 expire 13 lines
05-10 16:19:50.754   773   773 E wificond: Failed to get NL80211_STA_INFO_CNAHLOAD
05-10 16:19:51.995   773   773 E wificond: Failed to get NL80211_STA_INFO_CNAHLOAD
05-10 16:19:53.780   773   773 E wificond: Failed to get NL80211_STA_INFO_CNAHLOAD
05-10 16:19:54.960   974  2455 I chatty  : uid=1000(system) Binder:974_B expire 12 lines
05-10 16:19:55.244   974  1352 I chatty  : uid=1000(system) UEventObserver expire 6 lines
05-10 16:19:55.262   974   974 I chatty  : uid=1000 system_server expire 11 lines
05-10 16:19:56.802   773   773 E wificond: Failed to get NL80211_STA_INFO_CNAHLOAD
05-10 16:19:59.825   773   773 E wificond: Failed to get NL80211_STA_INFO_CNAHLOAD
05-10 16:19:59.989   773   773 E wificond: Failed to get NL80211_STA_INFO_CNAHLOAD
05-10 16:19:59.999   773   773 E wificond: Failed to get NL80211_STA_INFO_CNAHLOAD
05-10 16:20:02.842   773   773 E wificond: Failed to get NL80211_STA_INFO_CNAHLOAD
05-10 16:20:05.183   974  1809 I chatty  : uid=1000(system) watchdog expire 2 lines
05-10 16:20:05.867   773   773 E wificond: Failed to get NL80211_STA_INFO_CNAHLOAD
05-10 16:20:05.878   974  1776 I chatty  : uid=1000(system) Binder:974_6 expire 12 lines
05-10 16:20:06.348   974  2740 I chatty  : uid=1000(system) Binder:974_11 expire 13 lines
05-10 16:20:07.996   773   773 E wificond: Failed to get NL80211_STA_INFO_CNAHLOAD
05-10 16:20:08.887   773   773 E wificond: Failed to get NL80211_STA_INFO_CNAHLOAD
05-10 16:20:11.906   773   773 E wificond: Failed to get NL80211_STA_INFO_CNAHLOAD
05-10 16:20:14.332   974  2925 I chatty  : uid=1000(system) Binder:974_17 expire 10 lines
05-10 16:20:14.425   974  1905 I chatty  : uid=1000(system) Binder:974_7 expire 6 lines
05-10 16:20:14.928   773   773 E wificond: Failed to get NL80211_STA_INFO_CNAHLOAD
05-10 16:20:15.998   773   773 E wificond: Failed to get NL80211_STA_INFO_CNAHLOAD
05-10 16:20:17.948   773   773 E wificond: Failed to get NL80211_STA_INFO_CNAHLOAD
05-10 16:20:17.958   974  2740 I chatty  : uid=1000(system) Binder:974_11 expire 10 lines
05-10 16:20:20.168   974  2748 I chatty  : uid=1000(system) Binder:974_12 expire 6 lines
05-10 16:20:20.296   974  4082 I chatty  : uid=1000(system) Binder:974_20 expire 14 lines
05-10 16:20:20.972   773   773 E wificond: Failed to get NL80211_STA_INFO_CNAHLOAD
05-10 16:20:22.496   974  2224 I chatty  : uid=1000(system) Binder:974_9 expire 17 lines
05-10 16:20:23.993   773   773 E wificond: Failed to get NL80211_STA_INFO_CNAHLOAD
05-10 16:20:24.001   974  2455 I chatty  : uid=1000(system) Binder:974_B expire 13 lines
05-10 16:20:24.005   773   773 E wificond: Failed to get NL80211_STA_INFO_CNAHLOAD
05-10 16:20:24.014   773   773 E wificond: Failed to get NL80211_STA_INFO_CNAHLOAD
05-10 16:20:27.011   773   773 E wificond: Failed to get NL80211_STA_INFO_CNAHLOAD
05-10 16:20:30.026   773   773 E wificond: Failed to get NL80211_STA_INFO_CNAHLOAD
05-10 16:20:32.003   773   773 E wificond: Failed to get NL80211_STA_INFO_CNAHLOAD
05-10 16:20:33.041   773   773 E wificond: Failed to get NL80211_STA_INFO_CNAHLOAD
05-10 16:20:34.713   974  2224 I chatty  : uid=1000(system) Binder:974_9 expire 21 lines
05-10 16:20:36.058   773   773 E wificond: Failed to get NL80211_STA_INFO_CNAHLOAD
05-10 16:20:37.733   974  4082 I chatty  : uid=1000(system) Binder:974_20 expire 5 lines
05-10 16:20:39.084   773   773 E wificond: Failed to get NL80211_STA_INFO_CNAHLOAD
05-10 16:20:40.007   773   773 E wificond: Failed to get NL80211_STA_INFO_CNAHLOAD
05-10 16:20:40.022   773   773 E wificond: Failed to get NL80211_STA_INFO_CNAHLOAD
05-10 16:20:41.883   974  1776 I chatty  : uid=1000(system) Binder:974_6 expire 34 lines
05-10 16:20:42.100   773   773 E wificond: Failed to get NL80211_STA_INFO_CNAHLOAD
05-10 16:20:45.115   773   773 E wificond: Failed to get NL80211_STA_INFO_CNAHLOAD
05-10 16:20:48.000   773   773 E wificond: Failed to get NL80211_STA_INFO_CNAHLOAD
05-10 16:20:48.134   773   773 E wificond: Failed to get NL80211_STA_INFO_CNAHLOAD
05-10 16:20:51.161   773   773 E wificond: Failed to get NL80211_STA_INFO_CNAHLOAD
05-10 16:20:54.177   773   773 E wificond: Failed to get NL80211_STA_INFO_CNAHLOAD
05-10 16:20:54.187   974  2455 I chatty  : uid=1000(system) Binder:974_B expire 7 lines
05-10 16:20:56.006   773   773 E wificond: Failed to get NL80211_STA_INFO_CNAHLOAD
05-10 16:20:57.202   773   773 E wificond: Failed to get NL80211_STA_INFO_CNAHLOAD
05-10 16:20:59.046   974  2224 I chatty  : uid=1000(system) Binder:974_9 expire 5 lines
05-10 16:21:00.001   974   974 I chatty  : uid=1000 system_server expire 2 lines
05-10 16:21:00.220   773   773 E wificond: Failed to get NL80211_STA_INFO_CNAHLOAD
05-10 16:21:01.685   974  6094 I chatty  : uid=1000(system) Binder:974_19 expire 5 lines
05-10 16:21:03.244   773   773 E wificond: Failed to get NL80211_STA_INFO_CNAHLOAD
05-10 16:21:03.261   974  2224 I chatty  : uid=1000(system) Binder:974_9 expire 15 lines
05-10 16:21:04.007   773   773 E wificond: Failed to get NL80211_STA_INFO_CNAHLOAD
05-10 16:21:04.019   773   773 E wificond: Failed to get NL80211_STA_INFO_CNAHLOAD
05-10 16:21:05.187   974  1809 I chatty  : uid=1000(system) watchdog expire 3 lines
05-10 16:21:05.881   974  4082 I chatty  : uid=1000(system) Binder:974_20 expire 16 lines
05-10 16:21:06.259   773   773 E wificond: Failed to get NL80211_STA_INFO_CNAHLOAD
05-10 16:21:09.278   773   773 E wificond: Failed to get NL80211_STA_INFO_CNAHLOAD
05-10 16:21:12.012   773   773 E wificond: Failed to get NL80211_STA_INFO_CNAHLOAD
05-10 16:21:12.026   773   773 I chatty  : uid=1010(wifi) /system/bin/wificond identical 4 lines
05-10 16:21:12.294   773   773 E wificond: Failed to get NL80211_STA_INFO_CNAHLOAD
05-10 16:21:13.980   974  2455 I chatty  : uid=1000(system) Binder:974_B expire 23 lines
05-10 16:21:15.313   773   773 E wificond: Failed to get NL80211_STA_INFO_CNAHLOAD
05-10 16:21:15.326   974  2224 I chatty  : uid=1000(system) Binder:974_9 expire 14 lines
05-10 16:21:18.043   974  2925 I chatty  : uid=1000(system) Binder:974_17 expire 14 lines
05-10 16:21:18.328   773   773 E wificond: Failed to get NL80211_STA_INFO_CNAHLOAD
05-10 16:21:20.010   773   773 E wificond: Failed to get NL80211_STA_INFO_CNAHLOAD
05-10 16:21:20.021   773   773 E wificond: Failed to get NL80211_STA_INFO_CNAHLOAD
05-10 16:21:21.347   773   773 E wificond: Failed to get NL80211_STA_INFO_CNAHLOAD
05-10 16:21:22.746   974  4082 I chatty  : uid=1000(system) Binder:974_20 expire 15 lines
05-10 16:21:24.369   773   773 E wificond: Failed to get NL80211_STA_INFO_CNAHLOAD
05-10 16:21:25.874   974  1352 I chatty  : uid=1000(system) UEventObserver expire 4 lines
05-10 16:21:25.898   974   974 I chatty  : uid=1000 system_server expire 8 lines
05-10 16:21:27.394   773   773 E wificond: Failed to get NL80211_STA_INFO_CNAHLOAD
05-10 16:21:28.014   773   773 E wificond: Failed to get NL80211_STA_INFO_CNAHLOAD
